Component: ARM Compiler 5.06 update 6 (build 750) Tool: armlink [4d35ed]

==============================================================================

Section Cross References

    main.o(i.main) refers to main.o(i.my_ipc_create) for my_ipc_create
    main.o(i.main) refers to main.o(i.my_timer_create) for my_timer_create
    main.o(i.main) refers to main.o(i.my_thread_create) for my_thread_create
    main.o(i.main) refers to main.o(i.my_other_create) for my_other_create
    main.o(i.main) refers to main.o(i.my_thread_startup) for my_thread_startup
    main.o(i.my_ipc_create) refers to ipc.o(i.rt_sem_create) for rt_sem_create
    main.o(i.my_ipc_create) refers to kservice.o(i.rt_kprintf) for rt_kprintf
    main.o(i.my_ipc_create) refers to ipc.o(i.rt_mb_create) for rt_mb_create
    main.o(i.my_ipc_create) refers to uart_handle.o(.data) for sem_debug_uart
    main.o(i.my_ipc_create) refers to elegun_handle.o(.data) for sem_elegun
    main.o(i.my_ipc_create) refers to bsp_key.o(.data) for mb_key
    main.o(i.my_ipc_create) refers to display.o(.data) for mb_display
    main.o(i.my_ipc_create) refers to task_readat24c02.o(.data) for mb_ctrlAt24
    main.o(i.my_other_create) refers to pos_pid_control.o(i.pos_pid_control_create) for pos_pid_control_create
    main.o(i.my_other_create) refers to kservice.o(i.rt_kprintf) for rt_kprintf
    main.o(i.my_other_create) refers to banqiu_handle.o(.data) for pid_steer1
    main.o(i.my_thread_create) refers to thread.o(i.rt_thread_create) for rt_thread_create
    main.o(i.my_thread_create) refers to kservice.o(i.rt_kprintf) for rt_kprintf
    main.o(i.my_thread_create) refers to uart_handle.o(i.debug_uarthandle_thread_entry) for debug_uarthandle_thread_entry
    main.o(i.my_thread_create) refers to uart_handle.o(.data) for debug_uarthandle_thread
    main.o(i.my_thread_create) refers to uart_handle.o(i.camera_uarthandle_thread_entry) for camera_uarthandle_thread_entry
    main.o(i.my_thread_create) refers to key_handle.o(i.keyhandle_thread_entry) for keyhandle_thread_entry
    main.o(i.my_thread_create) refers to key_handle.o(.data) for keyhandle_thread
    main.o(i.my_thread_create) refers to display.o(i.display_thread_entry) for display_thread_entry
    main.o(i.my_thread_create) refers to display.o(.data) for display_thread
    main.o(i.my_thread_create) refers to elegun_handle.o(i.Elegun_fire_thread_entry) for Elegun_fire_thread_entry
    main.o(i.my_thread_create) refers to elegun_handle.o(.data) for Elegun_thread
    main.o(i.my_thread_create) refers to elegun_handle.o(i.Elegun_autofire_thread_entry) for Elegun_autofire_thread_entry
    main.o(i.my_thread_startup) refers to thread.o(i.rt_thread_startup) for rt_thread_startup
    main.o(i.my_thread_startup) refers to kservice.o(i.rt_kprintf) for rt_kprintf
    main.o(i.my_thread_startup) refers to uart_handle.o(.data) for debug_uarthandle_thread
    main.o(i.my_thread_startup) refers to key_handle.o(.data) for keyhandle_thread
    main.o(i.my_thread_startup) refers to display.o(.data) for display_thread
    main.o(i.my_thread_startup) refers to elegun_handle.o(.data) for Elegun_thread
    main.o(i.my_timer_create) refers to timer.o(i.rt_timer_create) for rt_timer_create
    main.o(i.my_timer_create) refers to timer.o(i.rt_timer_start) for rt_timer_start
    main.o(i.my_timer_create) refers to kservice.o(i.rt_kprintf) for rt_kprintf
    main.o(i.my_timer_create) refers to bsp_key.o(i.keyscan_callback) for keyscan_callback
    main.o(i.my_timer_create) refers to bsp_key.o(.data) for timer_keyscan
    board.o(i.SysTick_Handler) refers to irq.o(i.rt_interrupt_enter) for rt_interrupt_enter
    board.o(i.SysTick_Handler) refers to clock.o(i.rt_tick_increase) for rt_tick_increase
    board.o(i.SysTick_Handler) refers to irq.o(i.rt_interrupt_leave) for rt_interrupt_leave
    board.o(i.rt_heap_begin_get) refers to board.o(.bss) for rt_heap
    board.o(i.rt_heap_end_get) refers to board.o(.bss) for rt_heap
    board.o(i.rt_hw_board_init) refers to systick.o(i.SysTick_Init) for SysTick_Init
    board.o(i.rt_hw_board_init) refers to bsp_led.o(i.Fire_Init) for Fire_Init
    board.o(i.rt_hw_board_init) refers to bsp_key.o(i.KEY_Init) for KEY_Init
    board.o(i.rt_hw_board_init) refers to bsp_oled.o(i.OLED_Init) for OLED_Init
    board.o(i.rt_hw_board_init) refers to bsp_oled.o(i.OLED_Clear) for OLED_Clear
    board.o(i.rt_hw_board_init) refers to bsp_oled.o(i.OLED_ShowString) for OLED_ShowString
    board.o(i.rt_hw_board_init) refers to bsp_usart.o(i.uart_device_init) for uart_device_init
    board.o(i.rt_hw_board_init) refers to stm32f10x_usart.o(i.USART_Cmd) for USART_Cmd
    board.o(i.rt_hw_board_init) refers to bsp_sr04.o(i.Hcsr04Init) for Hcsr04Init
    board.o(i.rt_hw_board_init) refers to bsp_steer.o(i.bsp_steer_init) for bsp_steer_init
    board.o(i.rt_hw_board_init) refers to bsp_pwm.o(i.pwm_set_Duty) for pwm_set_Duty
    board.o(i.rt_hw_board_init) refers to key_handle.o(i.statetable_init) for statetable_init
[...]
    i.standing_point_init                    0x080063a0   Section        0  banqiu_handle.o(i.standing_point_init)
    i.state_transfer                         0x08006444   Section        0  key_handle.o(i.state_transfer)
    i.statetable_init                        0x08006bcc   Section        0  key_handle.o(i.statetable_init)
    i.steer_pwm_Frequency_Init               0x08006d38   Section        0  bsp_pwm.o(i.steer_pwm_Frequency_Init)
    i.steer_test_init                        0x08006d68   Section        0  display.o(i.steer_test_init)
    i.task1_xxx_Display_init                 0x08006db8   Section        0  display.o(i.task1_xxx_Display_init)
    i.uart_NVIC_Configuration                0x08006e54   Section        0  bsp_usart.o(i.uart_NVIC_Configuration)
    uart_NVIC_Configuration                  0x08006e55   Thumb Code    56  bsp_usart.o(i.uart_NVIC_Configuration)
    i.uart_device_init                       0x08006e8c   Section        0  bsp_usart.o(i.uart_device_init)
    i.updatepage                             0x08006f94   Section        0  bsp_oled.o(i.updatepage)
    .constdata                               0x08006fc8   Section      290  kservice.o(.constdata)
    small_digits                             0x080070c8   Data          17  kservice.o(.constdata)
    large_digits                             0x080070d9   Data          17  kservice.o(.constdata)
    .constdata                               0x080070ea   Section     2072  bsp_oled.o(.constdata)
    .constdata                               0x08007908   Section       80  asin.o(.constdata)
    pS                                       0x08007908   Data          48  asin.o(.constdata)
    qS                                       0x08007938   Data          32  asin.o(.constdata)
    .rti_fn.0                                0x08007958   Section        4  components.o(.rti_fn.0)
    __tagsym$$used                           0x08007958   Number         0  components.o(.rti_fn.0)
    .rti_fn.0.end                            0x0800795c   Section        4  components.o(.rti_fn.0.end)
    __tagsym$$used                           0x0800795c   Number         0  components.o(.rti_fn.0.end)
    .rti_fn.1.end                            0x08007960   Section        4  components.o(.rti_fn.1.end)
    __tagsym$$used                           0x08007960   Number         0  components.o(.rti_fn.1.end)
    .rti_fn.6.end                            0x08007964   Section        4  components.o(.rti_fn.6.end)
    __tagsym$$used                           0x08007964   Number         0  components.o(.rti_fn.6.end)
    .data                                    0x20000000   Section        8  display.o(.data)
    .data                                    0x20000008   Section       16  uart_handle.o(.data)
    .data                                    0x20000018   Section        7  key_handle.o(.data)
    .data                                    0x20000020   Section        9  task_readat24c02.o(.data)
    .data                                    0x2000002c   Section       25  banqiu_handle.o(.data)
    .data                                    0x20000048   Section       49  elegun_handle.o(.data)
    .data                                    0x2000007c   Section        4  clock.o(.data)
    rt_tick                                  0x2000007c   Data           4  clock.o(.data)
    .data                                    0x20000080   Section        1  irq.o(.data)
    .data                                    0x20000084   Section       24  mem.o(.data)
    heap_ptr                                 0x20000084   Data           4  mem.o(.data)
    heap_end                                 0x20000088   Data           4  mem.o(.data)
    lfree                                    0x2000008c   Data           4  mem.o(.data)
    mem_size_aligned                         0x20000090   Data           4  mem.o(.data)
    used_mem                                 0x20000094   Data           4  mem.o(.data)
    max_mem                                  0x20000098   Data           4  mem.o(.data)
    .data                                    0x2000009c   Section       80  object.o(.data)
    rt_object_container                      0x2000009c   Data          80  object.o(.data)
    .data                                    0x200000ec   Section       24  scheduler.o(.data)
    rt_scheduler_lock_nest                   0x200000ec   Data           2  scheduler.o(.data)
    .data                                    0x20000104   Section       20  timer.o(.data)
    rt_timer_list                            0x20000104   Data           8  timer.o(.data)
    rt_soft_timer_list                       0x2000010c   Data           8  timer.o(.data)
    random_nr                                0x20000114   Data           4  timer.o(.data)
    .data                                    0x20000118   Section       16  cpuport.o(.data)
    rt_exception_hook                        0x20000124   Data           4  cpuport.o(.data)
    .data                                    0x20000128   Section       13  bsp_key.o(.data)
    key                                      0x20000134   Data           1  bsp_key.o(.data)
    .data                                    0x20000135   Section      450  bsp_oled.o(.data)
    .data                                    0x200002f7   Section        1  bsp_time.o(.data)
    x_ms                                     0x200002f7   Data           1  bsp_time.o(.data)
    .data                                    0x200002f8   Section        2  bsp_sr04.o(.data)
    .data                                    0x200002fa   Section        4  systick.o(.data)
    fac_us                                   0x200002fa   Data           1  systick.o(.data)
    fac_ms                                   0x200002fc   Data           2  systick.o(.data)
    .data                                    0x200002fe   Section       20  stm32f10x_rcc.o(.data)
    APBAHBPrescTable                         0x200002fe   Data          16  stm32f10x_rcc.o(.data)
    ADCPrescTable                            0x2000030e   Data           4  stm32f10x_rcc.o(.data)
    .data                                    0x20000314   Section       20  system_stm32f10x.o(.data)
    .data                                    0x20000328   Section        4  errno.o(.data)
    _errno                                   0x20000328   Data           4  errno.o(.data)
    .bss                                     0x2000032c   Section    40960  board.o(.bss)
    rt_heap                                  0x2000032c   Data       40960  board.o(.bss)
    .bss                                     0x2000a32c   Section      400  key_handle.o(.bss)
    .bss                                     0x2000a4bc   Section       84  banqiu_handle.o(.bss)
    .bss                                     0x2000a510   Section      384  idle.o(.bss)
    idle                                     0x2000a510   Data         128  idle.o(.bss)
    rt_thread_stack                          0x2000a590   Data         256  idle.o(.bss)
    .bss                                     0x2000a690   Section      128  kservice.o(.bss)
    rt_log_buf                               0x2000a690   Data         128  kservice.o(.bss)
    .bss                                     0x2000a710   Section       32  mem.o(.bss)
    heap_sem                                 0x2000a710   Data          32  mem.o(.bss)
    .bss                                     0x2000a730   Section      256  scheduler.o(.bss)
    .bss                                     0x2000a830   Section      640  timer.o(.bss)
    timer_thread                             0x2000a830   Data         128  timer.o(.bss)
    timer_thread_stack                       0x2000a8b0   Data         512  timer.o(.bss)
    .bss                                     0x2000aab0   Section     2112  bsp_usart.o(.bss)
    .bss                                     0x2000b2f0   Section      224  bsp_oled.o(.bss)
    .bss                                     0x2000b3d0   Section       56  bsp_steer.o(.bss)
    STACK                                    0x2000b408   Section     1024  startup_stm32f10x_hd.o(STACK)

    Global Symbols

    Symbol Name                              Value     Ov Type        Size  Object(Section)

    BuildAttributes$$THM_ISAv4$P$D$K$B$S$PE$A:L22UL41UL21$X:L11$S22US41US21$IEEE1$IW$USESV6$~STKCKD$USESV7$~SHL$OTIME$ROPI$IEEEX$EBA8$MICROLIB$REQ8$PRES8$EABIv2 0x00000000   Number         0  anon$$obj.o ABSOLUTE
    __ARM_use_no_argv                        0x00000000   Number         0  main.o ABSOLUTE
    __cpp_initialize__aeabi_                  - Undefined Weak Reference
    __cxa_finalize                            - Undefined Weak Reference
    _clock_init                               - Undefined Weak Reference
    _microlib_exit                            - Undefined Weak Reference
    __Vectors_Size                           0x00000130   Number         0  startup_stm32f10x_hd.o ABSOLUTE
    __Vectors                                0x08000000   Data           4  startup_stm32f10x_hd.o(RESET)
    __Vectors_End                            0x08000130   Data           0  startup_stm32f10x_hd.o(RESET)
    __main                                   0x08000131   Thumb Code     0  entry.o(.ARM.Collect$$$$00000000)
    _main_stk                                0x08000131   Thumb Code     0  entry2.o(.ARM.Collect$$$$00000001)
    _main_scatterload                        0x08000135   Thumb Code     0  entry5.o(.ARM.Collect$$$$00000004)
    __main_after_scatterload                 0x08000139   Thumb Code     0  entry5.o(.ARM.Collect$$$$00000004)
    _main_clock                              0x08000139   Thumb Code     0  entry7b.o(.ARM.Collect$$$$00000008)
    _main_cpp_init                           0x08000139   Thumb Code     0  entry8b.o(.ARM.Collect$$$$0000000A)
    _main_init                               0x08000139   Thumb Code     0  entry9a.o(.ARM.Collect$$$$0000000B)
    __rt_final_cpp                           0x08000141   Thumb Code     0  entry10a.o(.ARM.Collect$$$$0000000D)
    __rt_final_exit                          0x08000141   Thumb Code     0  entry11a.o(.ARM.Collect$$$$0000000F)
    rt_hw_interrupt_disable                  0x08000145   Thumb Code     8  context_rvds.o(.text)
    rt_hw_interrupt_enable                   0x0800014d   Thumb Code     6  context_rvds.o(.text)
    rt_hw_context_switch                     0x08000153   Thumb Code    32  context_rvds.o(.text)
    rt_hw_context_switch_interrupt           0x08000153   Thumb Code     0  context_rvds.o(.text)
    PendSV_Handler                           0x08000173   Thumb Code    60  context_rvds.o(.text)
    rt_hw_context_switch_to                  0x080001af   Thumb Code    58  context_rvds.o(.text)
    rt_hw_interrupt_thread_switch            0x080001e9   Thumb Code     2  context_rvds.o(.text)
    HardFault_Handler                        0x080001eb   Thumb Code    52  context_rvds.o(.text)
    Reset_Handler                            0x08000239   Thumb Code     8  startup_stm32f10x_hd.o(.text)
    ADC1_2_IRQHandler                        0x08000253   Thumb Code     0  startup_stm32f10x_hd.o(.text)
    ADC3_IRQHandler                          0x08000253   Thumb Code     0  startup_stm32f10x_hd.o(.text)
    CAN1_RX1_IRQHandler                      0x08000253   Thumb Code     0  startup_stm32f10x_hd.o(.text)
    CAN1_SCE_IRQHandler                      0x08000253   Thumb Code     0  startup_stm32f10x_hd.o(.text)
    DMA1_Channel1_IRQHandler                 0x08000253   Thumb Code     0  startup_stm32f10x_hd.o(.text)
    DMA1_Channel2_IRQHandler                 0x08000253   Thumb Code     0  startup_stm32f10x_hd.o(.text)
    DMA1_Channel3_IRQHandler                 0x08000253   Thumb Code     0  startup_stm32f10x_hd.o(.text)
    DMA1_Channel4_IRQHandler                 0x08000253   Thumb Code     0  startup_stm32f10x_hd.o(.text)
    DMA1_Channel5_IRQHandler                 0x08000253   Thumb Code     0  startup_stm32f10x_hd.o(.text)
    DMA1_Channel6_IRQHandler                 0x08000253   Thumb Code     0  startup_stm32f10x_hd.o(.text)
    DMA1_Channel7_IRQHandler                 0x08000253   Thumb Code     0  startup_stm32f10x_hd.o(.text)
    DMA2_Channel1_IRQHandler                 0x08000253   Thumb Code     0  startup_stm32f10x_hd.o(.text)
    DMA2_Channel2_IRQHandler                 0x08000253   Thumb Code     0  startup_stm32f10x_hd.o(.text)
    DMA2_Channel3_IRQHandler                 0x08000253   Thumb Code     0  startup_stm32f10x_hd.o(.text)
    DMA2_Channel4_5_IRQHandler               0x08000253   Thumb Code     0  startup_stm32f10x_hd.o(.text)
    EXTI0_IRQHandler                         0x08000253   Thumb Code     0  startup_stm32f10x_hd.o(.text)
    EXTI15_10_IRQHandler                     0x08000253   Thumb Code     0  startup_stm32f10x_hd.o(.text)
    EXTI1_IRQHandler                         0x08000253   Thumb Code     0  startup_stm32f10x_hd.o(.text)
    EXTI2_IRQHandler                         0x08000253   Thumb Code     0  startup_stm32f10x_hd.o(.text)
    EXTI3_IRQHandler                         0x08000253   Thumb Code     0  startup_stm32f10x_hd.o(.text)
    EXTI4_IRQHandler                         0x08000253   Thumb Code     0  startup_stm32f10x_hd.o(.text)
    EXTI9_5_IRQHandler                       0x08000253   Thumb Code     0  startup_stm32f10x_hd.o(.text)
    FLASH_IRQHandler                         0x08000253   Thumb Code     0  startup_stm32f10x_hd.o(.text)
    FSMC_IRQHandler                          0x08000253   Thumb Code     0  startup_stm32f10x_hd.o(.text)
    I2C1_ER_IRQHandler                       0x08000253   Thumb Code     0  startup_stm32f10x_hd.o(.text)
    I2C1_EV_IRQHandler                       0x08000253   Thumb Code     0  startup_stm32f10x_hd.o(.text)
    I2C2_ER_IRQHandler                       0x08000253   Thumb Code     0  startup_stm32f10x_hd.o(.text)
    I2C2_EV_IRQHandler                       0x08000253   Thumb Code     0  startup_stm32f10x_hd.o(.text)
    PVD_IRQHandler                           0x08000253   Thumb Code     0  startup_stm32f10x_hd.o(.text)
    RCC_IRQHandler                           0x08000253   Thumb Code     0  startup_stm32f10x_hd.o(.text)
    RTCAlarm_IRQHandler                      0x08000253   Thumb Code     0  startup_stm32f10x_hd.o(.text)
    RTC_IRQHandler                           0x08000253   Thumb Code     0  startup_stm32f10x_hd.o(.text)
    SDIO_IRQHandler                          0x08000253   Thumb Code     0  startup_stm32f10x_hd.o(.text)
    SPI1_IRQHandler                          0x08000253   Thumb Code     0  startup_stm32f10x_hd.o(.text)
    SPI2_IRQHandler                          0x08000253   Thumb Code     0  startup_stm32f10x_hd.o(.text)
    SPI3_IRQHandler                          0x08000253   Thumb Code     0  startup_stm32f10x_hd.o(.text)
    TAMPER_IRQHandler                        0x08000253   Thumb Code     0  startup_stm32f10x_hd.o(.text)
    TIM1_BRK_IRQHandler                      0x08000253   Thumb Code     0  startup_stm32f10x_hd.o(.text)
    TIM1_CC_IRQHandler                       0x08000253   Thumb Code     0  startup_stm32f10x_hd.o(.text)
    TIM1_TRG_COM_IRQHandler                  0x08000253   Thumb Code     0  startup_stm32f10x_hd.o(.text)
    TIM1_UP_IRQHandler                       0x08000253   Thumb Code     0  startup_stm32f10x_hd.o(.text)
    TIM3_IRQHandler                          0x08000253   Thumb Code     0  startup_stm32f10x_hd.o(.text)
    TIM4_IRQHandler                          0x08000253   Thumb Code     0  startup_stm32f10x_hd.o(.text)
    TIM5_IRQHandler                          0x08000253   Thumb Code     0  startup_stm32f10x_hd.o(.text)
    TIM7_IRQHandler                          0x08000253   Thumb Code     0  startup_stm32f10x_hd.o(.text)
    TIM8_BRK_IRQHandler                      0x08000253   Thumb Code     0  startup_stm32f10x_hd.o(.text)
    TIM8_CC_IRQHandler                       0x08000253   Thumb Code     0  startup_stm32f10x_hd.o(.text)
    TIM8_TRG_COM_IRQHandler                  0x08000253   Thumb Code     0  startup_stm32f10x_hd.o(.text)
    TIM8_UP_IRQHandler                       0x08000253   Thumb Code     0  startup_stm32f10x_hd.o(.text)
    UART4_IRQHandler                         0x08000253   Thumb Code     0  startup_stm32f10x_hd.o(.text)
    UART5_IRQHandler                         0x08000253   Thumb Code     0  startup_stm32f10x_hd.o(.text)
    USART3_IRQHandler                        0x08000253   Thumb Code     0  startup_stm32f10x_hd.o(.text)
    USBWakeUp_IRQHandler                     0x08000253   Thumb Code     0  startup_stm32f10x_hd.o(.text)
    USB_HP_CAN1_TX_IRQHandler                0x08000253   Thumb Code     0  startup_stm32f10x_hd.o(.text)
    USB_LP_CAN1_RX0_IRQHandler               0x08000253   Thumb Code     0  startup_stm32f10x_hd.o(.text)
    WWDG_IRQHandler                          0x08000253   Thumb Code     0  startup_stm32f10x_hd.o(.text)
    __aeabi_memcpy                           0x0800025d   Thumb Code    36  memcpya.o(.text)
    __aeabi_memcpy4                          0x0800025d   Thumb Code     0  memcpya.o(.text)
    __aeabi_memcpy8                          0x0800025d   Thumb Code     0  memcpya.o(.text)
    __aeabi_memset                           0x08000281   Thumb Code    14  memseta.o(.text)
    __aeabi_memset4                          0x08000281   Thumb Code     0  memseta.o(.text)
    __aeabi_memset8                          0x08000281   Thumb Code     0  memseta.o(.text)
    __aeabi_memclr                           0x0800028f   Thumb Code     4  memseta.o(.text)
    __aeabi_memclr4                          0x0800028f   Thumb Code     0  memseta.o(.text)
    __aeabi_memclr8                          0x0800028f   Thumb Code     0  memseta.o(.text)
    _memset$wrapper                          0x08000293   Thumb Code    18  memseta.o(.text)
    strcpy                                   0x080002a5   Thumb Code    18  strcpy.o(.text)
    __aeabi_fadd                             0x080002b7   Thumb Code   164  fadd.o(.text)
    __aeabi_fsub                             0x0800035b   Thumb Code     6  fadd.o(.text)
    __aeabi_frsub                            0x08000361   Thumb Code     6  fadd.o(.text)
    __aeabi_fmul                             0x08000367   Thumb Code   100  fmul.o(.text)
    __aeabi_fdiv                             0x080003cb   Thumb Code   124  fdiv.o(.text)
    __aeabi_dadd                             0x08000447   Thumb Code   322  dadd.o(.text)
    __aeabi_dsub                             0x08000589   Thumb Code     6  dadd.o(.text)
    __aeabi_drsub                            0x0800058f   Thumb Code     6  dadd.o(.text)
    __aeabi_dmul                             0x08000595   Thumb Code   228  dmul.o(.text)
    __aeabi_ddiv                             0x08000679   Thumb Code   222  ddiv.o(.text)
    __aeabi_i2f                              0x08000757   Thumb Code    18  fflti.o(.text)
    __aeabi_ui2f                             0x08000769   Thumb Code    10  ffltui.o(.text)
    __aeabi_i2d                              0x08000773   Thumb Code    34  dflti.o(.text)
    __aeabi_ui2d                             0x08000795   Thumb Code    26  dfltui.o(.text)
    __aeabi_f2iz                             0x080007af   Thumb Code    50  ffixi.o(.text)
    __aeabi_f2uiz                            0x080007e1   Thumb Code    40  ffixui.o(.text)
    __aeabi_d2uiz                            0x08000809   Thumb Code    50  dfixui.o(.text)
    __aeabi_f2d                              0x0800083b   Thumb Code    38  f2d.o(.text)
    __aeabi_d2f                              0x08000861   Thumb Code    56  d2f.o(.text)
    __aeabi_cfcmpeq                          0x08000899   Thumb Code     0  cfcmple.o(.text)
    __aeabi_cfcmple                          0x08000899   Thumb Code    20  cfcmple.o(.text)
    __aeabi_cfrcmple                         0x080008ad   Thumb Code    20  cfrcmple.o(.text)
    __aeabi_llsl                             0x080008c1   Thumb Code    30  llshl.o(.text)
    _ll_shift_l                              0x080008c1   Thumb Code     0  llshl.o(.text)
    __aeabi_llsr                             0x080008df   Thumb Code    32  llushr.o(.text)
    _ll_ushift_r                             0x080008df   Thumb Code     0  llushr.o(.text)
    __aeabi_lasr                             0x080008ff   Thumb Code    36  llsshr.o(.text)
    _ll_sshift_r                             0x080008ff   Thumb Code     0  llsshr.o(.text)
    __I$use$fp                               0x08000923   Thumb Code     0  iusefp.o(.text)
    _float_round                             0x08000923   Thumb Code    18  fepilogue.o(.text)
    _float_epilogue                          0x08000935   Thumb Code    92  fepilogue.o(.text)
    _double_round                            0x08000991   Thumb Code    30  depilogue.o(.text)
    _double_epilogue                         0x080009af   Thumb Code   156  depilogue.o(.text)
    __ARM_scalbn                             0x08000a4b   Thumb Code    46  dscalb.o(.text)
    scalbn                                   0x08000a4b   Thumb Code     0  dscalb.o(.text)
    __scatterload                            0x08000a79   Thumb Code    28  init.o(.text)
    __scatterload_rt2                        0x08000a79   Thumb Code     0  init.o(.text)
    _dsqrt                                   0x08000a9d   Thumb Code   162  dsqrt.o(.text)
    __decompress                             0x08000b3f   Thumb Code     0  __dczerorl2.o(.text)
    __decompress1                            0x08000b3f   Thumb Code    86  __dczerorl2.o(.text)
    main                                     0x08000b95   Thumb Code    14  components.o(i.$Sub$$main)
    Banqiu_setA_Display_init                 0x08000ba5   Thumb Code    74  display.o(i.Banqiu_setA_Display_init)
    Banqiu_setB_Display_init                 0x08000c11   Thumb Code    74  display.o(i.Banqiu_setB_Display_init)
    Banqiu_set_pid_Display_init              0x08000c7d   Thumb Code   234  display.o(i.Banqiu_set_pid_Display_init)
    BusFault_Handler                         0x08000dad   Thumb Code     4  stm32f10x_it.o(i.BusFault_Handler)
    DMA_ClearFlag                            0x08000dc1   Thumb Code    18  stm32f10x_dma.o(i.DMA_ClearFlag)
    DMA_Cmd                                  0x08000ddd   Thumb Code    24  stm32f10x_dma.o(i.DMA_Cmd)
    DMA_ITConfig                             0x08000df5   Thumb Code    18  stm32f10x_dma.o(i.DMA_ITConfig)
    DMA_Init                                 0x08000e07   Thumb Code    60  stm32f10x_dma.o(i.DMA_Init)
    DebugMon_Handler                         0x08000e43   Thumb Code     2  stm32f10x_it.o(i.DebugMon_Handler)
    Elegun_autofire_init                     0x08000e45   Thumb Code   124  display.o(i.Elegun_autofire_init)
    Elegun_autofire_thread_entry             0x08000ef1   Thumb Code   528  elegun_handle.o(i.Elegun_autofire_thread_entry)
    Elegun_fire_thread_entry                 0x08001159   Thumb Code   284  elegun_handle.o(i.Elegun_fire_thread_entry)
    Fire_Init                                0x080012b9   Thumb Code    50  bsp_led.o(i.Fire_Init)
    Fire_ok_display                          0x080012f1   Thumb Code    82  display.o(i.Fire_ok_display)
    GPIO_Init                                0x08001369   Thumb Code   278  stm32f10x_gpio.o(i.GPIO_Init)
    GPIO_ResetBits                           0x0800147f   Thumb Code     4  stm32f10x_gpio.o(i.GPIO_ResetBits)
    GPIO_SetBits                             0x08001483   Thumb Code     4  stm32f10x_gpio.o(i.GPIO_SetBits)
    GetEchoTimer                             0x08001489   Thumb Code    40  bsp_sr04.o(i.GetEchoTimer)
    Hcsr04GetLength                          0x080014b9   Thumb Code   150  bsp_sr04.o(i.Hcsr04GetLength)
    Hcsr04Init                               0x08001561   Thumb Code   152  bsp_sr04.o(i.Hcsr04Init)
    KEY_Init                                 0x08001601   Thumb Code   196  bsp_key.o(i.KEY_Init)
    KEY_Scan                                 0x080016cd   Thumb Code   264  bsp_key.o(i.KEY_Scan)
    MemManage_Handler                        0x080017e1   Thumb Code     4  stm32f10x_it.o(i.MemManage_Handler)
    NMI_Handler                              0x080017e5   Thumb Code     2  stm32f10x_it.o(i.NMI_Handler)
    NVIC_Init                                0x080017e9   Thumb Code   100  misc.o(i.NVIC_Init)
    NVIC_PriorityGroupConfig                 0x08001859   Thumb Code    10  misc.o(i.NVIC_PriorityGroupConfig)
    OLED_Clear                               0x0800186d   Thumb Code    64  bsp_oled.o(i.OLED_Clear)
    OLED_Init                                0x080018ad   Thumb Code   456  bsp_oled.o(i.OLED_Init)
    OLED_Set_Pos                             0x08001a79   Thumb Code    46  bsp_oled.o(i.OLED_Set_Pos)
    OLED_ShowChar                            0x08001aa9   Thumb Code   154  bsp_oled.o(i.OLED_ShowChar)
    OLED_ShowNum                             0x08001b51   Thumb Code   132  bsp_oled.o(i.OLED_ShowNum)
    OLED_ShowString                          0x08001bd5   Thumb Code    68  bsp_oled.o(i.OLED_ShowString)
    OLED_WR_Byte                             0x08001c1d   Thumb Code   126  bsp_oled.o(i.OLED_WR_Byte)
    PWM_Init                                 0x08001cc5   Thumb Code   260  bsp_pwm.o(i.PWM_Init)
    Pos_input_init                           0x08001dc9   Thumb Code   158  display.o(i.Pos_input_init)
    RCC_AHBPeriphClockCmd                    0x08001ea5   Thumb Code    26  stm32f10x_rcc.o(i.RCC_AHBPeriphClockCmd)
    RCC_APB1PeriphClockCmd                   0x08001ec5   Thumb Code    26  stm32f10x_rcc.o(i.RCC_APB1PeriphClockCmd)
    RCC_APB1PeriphResetCmd                   0x08001ee5   Thumb Code    26  stm32f10x_rcc.o(i.RCC_APB1PeriphResetCmd)
    RCC_APB2PeriphClockCmd                   0x08001f05   Thumb Code    26  stm32f10x_rcc.o(i.RCC_APB2PeriphClockCmd)
    RCC_APB2PeriphResetCmd                   0x08001f25   Thumb Code    26  stm32f10x_rcc.o(i.RCC_APB2PeriphResetCmd)
    RCC_GetClocksFreq                        0x08001f45   Thumb Code   192  stm32f10x_rcc.o(i.RCC_GetClocksFreq)
    SVC_Handler                              0x08002019   Thumb Code     2  stm32f10x_it.o(i.SVC_Handler)
    Steer_move_fire_init                     0x08002105   Thumb Code    74  display.o(i.Steer_move_fire_init)
    SysTick_CLKSourceConfig                  0x08002179   Thumb Code    40  misc.o(i.SysTick_CLKSourceConfig)
    SysTick_Handler                          0x080021a1   Thumb Code    16  board.o(i.SysTick_Handler)
    SysTick_Init                             0x080021b1   Thumb Code    52  systick.o(i.SysTick_Init)
    SystemInit                               0x080021ed   Thumb Code    78  system_stm32f10x.o(i.SystemInit)
    TIM2_IRQHandler                          0x0800224d   Thumb Code   116  bsp_time.o(i.TIM2_IRQHandler)
    TIM6_IRQHandler                          0x080022d1   Thumb Code    32  bsp_sr04.o(i.TIM6_IRQHandler)
    TIM_ARRPreloadConfig                     0x080022f9   Thumb Code    24  stm32f10x_tim.o(i.TIM_ARRPreloadConfig)
    TIM_ClearFlag                            0x08002311   Thumb Code     6  stm32f10x_tim.o(i.TIM_ClearFlag)
    TIM_ClearITPendingBit                    0x08002317   Thumb Code     6  stm32f10x_tim.o(i.TIM_ClearITPendingBit)
    TIM_Cmd                                  0x0800231d   Thumb Code    24  stm32f10x_tim.o(i.TIM_Cmd)
    TIM_DeInit                               0x08002335   Thumb Code   424  stm32f10x_tim.o(i.TIM_DeInit)
    TIM_GetCounter                           0x0800251d   Thumb Code     6  stm32f10x_tim.o(i.TIM_GetCounter)
    TIM_GetITStatus                          0x08002523   Thumb Code    34  stm32f10x_tim.o(i.TIM_GetITStatus)
    TIM_ITConfig                             0x08002545   Thumb Code    18  stm32f10x_tim.o(i.TIM_ITConfig)
    TIM_OC1Init                              0x08002559   Thumb Code   132  stm32f10x_tim.o(i.TIM_OC1Init)
    TIM_OC1PreloadConfig                     0x080025f1   Thumb Code    18  stm32f10x_tim.o(i.TIM_OC1PreloadConfig)
    TIM_OC2Init                              0x08002605   Thumb Code   154  stm32f10x_tim.o(i.TIM_OC2Init)
    TIM_OC2PreloadConfig                     0x080026a9   Thumb Code    26  stm32f10x_tim.o(i.TIM_OC2PreloadConfig)
    TIM_OC3Init                              0x080026c5   Thumb Code   150  stm32f10x_tim.o(i.TIM_OC3Init)
    TIM_OC3PreloadConfig                     0x08002765   Thumb Code    18  stm32f10x_tim.o(i.TIM_OC3PreloadConfig)
    TIM_OC4Init                              0x08002779   Thumb Code   114  stm32f10x_tim.o(i.TIM_OC4Init)
    TIM_OC4PreloadConfig                     0x080027f5   Thumb Code    26  stm32f10x_tim.o(i.TIM_OC4PreloadConfig)
    TIM_SetCompare1                          0x0800280f   Thumb Code     4  stm32f10x_tim.o(i.TIM_SetCompare1)
    TIM_SetCompare2                          0x08002813   Thumb Code     4  stm32f10x_tim.o(i.TIM_SetCompare2)
    TIM_SetCompare3                          0x08002817   Thumb Code     4  stm32f10x_tim.o(i.TIM_SetCompare3)
    TIM_SetCompare4                          0x0800281b   Thumb Code     6  stm32f10x_tim.o(i.TIM_SetCompare4)
    TIM_SetCounter                           0x08002821   Thumb Code     4  stm32f10x_tim.o(i.TIM_SetCounter)
    TIM_TimeBaseInit                         0x08002825   Thumb Code   122  stm32f10x_tim.o(i.TIM_TimeBaseInit)
    Task_randw_display_init                  0x080028c9   Thumb Code    42  display.o(i.Task_randw_display_init)
    USART1_IRQHandler                        0x08002901   Thumb Code    60  bsp_usart.o(i.USART1_IRQHandler)
    USART2_IRQHandler                        0x08002949   Thumb Code    60  bsp_usart.o(i.USART2_IRQHandler)
    USART_Cmd                                0x08002991   Thumb Code    24  stm32f10x_usart.o(i.USART_Cmd)
    USART_DMACmd                             0x080029a9   Thumb Code    18  stm32f10x_usart.o(i.USART_DMACmd)
    USART_GetFlagStatus                      0x080029bb   Thumb Code    26  stm32f10x_usart.o(i.USART_GetFlagStatus)
    USART_GetITStatus                        0x080029d5   Thumb Code    84  stm32f10x_usart.o(i.USART_GetITStatus)
    USART_ITConfig                           0x08002a29   Thumb Code    74  stm32f10x_usart.o(i.USART_ITConfig)
    USART_Init                               0x08002a75   Thumb Code   210  stm32f10x_usart.o(i.USART_Init)
    USART_ReceiveData                        0x08002b4d   Thumb Code    10  stm32f10x_usart.o(i.USART_ReceiveData)
    USART_SendData                           0x08002b57   Thumb Code     8  stm32f10x_usart.o(i.USART_SendData)
    UsageFault_Handler                       0x08002b5f   Thumb Code     4  stm32f10x_it.o(i.UsageFault_Handler)
    __ARM_fpclassify                         0x08002b63   Thumb Code    40  fpclassify.o(i.__ARM_fpclassify)
    __kernel_poly                            0x08002b8b   Thumb Code   170  poly.o(i.__kernel_poly)
    __mathlib_dbl_infnan                     0x08002c35   Thumb Code     6  dunder.o(i.__mathlib_dbl_infnan)
    __mathlib_dbl_invalid                    0x08002c3b   Thumb Code    12  dunder.o(i.__mathlib_dbl_invalid)
    __mathlib_dbl_underflow                  0x08002c49   Thumb Code    10  dunder.o(i.__mathlib_dbl_underflow)
    __rt_ffs                                 0x08002c59   Thumb Code    70  kservice.o(i.__rt_ffs)
    __scatterload_copy                       0x08002ca5   Thumb Code    14  handlers.o(i.__scatterload_copy)
    __scatterload_null                       0x08002cb3   Thumb Code     2  handlers.o(i.__scatterload_null)
    __scatterload_zeroinit                   0x08002cb5   Thumb Code    14  handlers.o(i.__scatterload_zeroinit)
    __set_errno                              0x08002cc5   Thumb Code     6  errno.o(i.__set_errno)
    asin                                     0x08002dd9   Thumb Code   572  asin.o(i.asin)
    auto_control_create                      0x08003049   Thumb Code    26  auto_control.o(i.auto_control_create)
    bsp_steer_init                           0x08003065   Thumb Code    74  bsp_steer.o(i.bsp_steer_init)
    btm_servo_control                        0x080030c1   Thumb Code    98  elegun_handle.o(i.btm_servo_control)
    camera_uarthandle_thread_entry           0x08003135   Thumb Code    40  uart_handle.o(i.camera_uarthandle_thread_entry)
    clearpage                                0x08003165   Thumb Code    44  bsp_oled.o(i.clearpage)
    debug_uarthandle_thread_entry            0x08003195   Thumb Code    42  uart_handle.o(i.debug_uarthandle_thread_entry)
    delay_ms                                 0x080031d9   Thumb Code    72  systick.o(i.delay_ms)
    display_thread_entry                     0x08003225   Thumb Code   962  display.o(i.display_thread_entry)
    hcsr04_NVIC                              0x08003719   Thumb Code    40  bsp_sr04.o(i.hcsr04_NVIC)
    keyhandle_thread_entry                   0x08003741   Thumb Code    54  key_handle.o(i.keyhandle_thread_entry)
    keyscan_callback                         0x080037cd   Thumb Code    52  bsp_key.o(i.keyscan_callback)
    $Super$$main                             0x08003829   Thumb Code    26  main.o(i.main)
    main_Display_init                        0x08003845   Thumb Code   146  display.o(i.main_Display_init)
    main_thread_entry                        0x08003909   Thumb Code    14  components.o(i.main_thread_entry)
    my_ipc_create                            0x08003919   Thumb Code   188  main.o(i.my_ipc_create)
    my_other_create                          0x08003b2d   Thumb Code   146  main.o(i.my_other_create)
    my_thread_create                         0x08003c35   Thumb Code   280  main.o(i.my_thread_create)
    my_thread_startup                        0x08003f11   Thumb Code   174  main.o(i.my_thread_startup)
    my_timer_create                          0x08004085   Thumb Code    46  main.o(i.my_timer_create)
    my_uart_Config                           0x080040e9   Thumb Code   180  bsp_usart.o(i.my_uart_Config)
    my_uart_DMA_Config                       0x0800419d   Thumb Code   114  bsp_usart.o(i.my_uart_DMA_Config)
    my_uart_DMA_Rx_Data                      0x08004215   Thumb Code    50  bsp_usart.o(i.my_uart_DMA_Rx_Data)
    oled_pow                                 0x08004247   Thumb Code    22  bsp_oled.o(i.oled_pow)
    openmv_receive                           0x0800425d   Thumb Code    40  uart_handle.o(i.openmv_receive)
    pos_pid_control_create                   0x08004305   Thumb Code    74  pos_pid_control.o(i.pos_pid_control_create)
    pos_pid_control_set_kd                   0x08004385   Thumb Code     8  pos_pid_control.o(i.pos_pid_control_set_kd)
    pos_pid_control_set_ki                   0x0800438d   Thumb Code     8  pos_pid_control.o(i.pos_pid_control_set_ki)
    pos_pid_control_set_kp                   0x08004395   Thumb Code     8  pos_pid_control.o(i.pos_pid_control_set_kp)
    pwm_set_Duty                             0x080045fd   Thumb Code   142  bsp_pwm.o(i.pwm_set_Duty)
    rt_application_init                      0x08004695   Thumb Code    32  components.o(i.rt_application_init)
    rt_components_board_init                 0x080046c1   Thumb Code    20  components.o(i.rt_components_board_init)
    rt_components_init                       0x080046dd   Thumb Code    20  components.o(i.rt_components_init)
    rt_enter_critical                        0x080046f9   Thumb Code    28  scheduler.o(i.rt_enter_critical)
    rt_exit_critical                         0x08004719   Thumb Code    54  scheduler.o(i.rt_exit_critical)
    rt_free                                  0x08004755   Thumb Code   128  mem.o(i.rt_free)
    rt_heap_begin_get                        0x08004835   Thumb Code     4  board.o(i.rt_heap_begin_get)
    rt_heap_end_get                          0x0800483d   Thumb Code     4  board.o(i.rt_heap_end_get)
    rt_hw_board_init                         0x08004845   Thumb Code   190  board.o(i.rt_hw_board_init)
    rt_hw_console_output                     0x08004929   Thumb Code    74  board.o(i.rt_hw_console_output)
    rt_hw_hard_fault_exception               0x08004979   Thumb Code   190  cpuport.o(i.rt_hw_hard_fault_exception)
    rt_hw_stack_init                         0x08004b79   Thumb Code    70  cpuport.o(i.rt_hw_stack_init)
    rt_hw_us_delay                           0x08004bc5   Thumb Code    38  board.o(i.rt_hw_us_delay)
    rt_interrupt_enter                       0x08004bed   Thumb Code    26  irq.o(i.rt_interrupt_enter)
    rt_interrupt_leave                       0x08004c0d   Thumb Code    26  irq.o(i.rt_interrupt_leave)
    rt_kprintf                               0x08004cbd   Thumb Code    44  kservice.o(i.rt_kprintf)
    rt_malloc                                0x08004d7d   Thumb Code   336  mem.o(i.rt_malloc)
    rt_mb_create                             0x08004ee9   Thumb Code    82  ipc.o(i.rt_mb_create)
    rt_mb_recv                               0x08004f3b   Thumb Code   244  ipc.o(i.rt_mb_recv)
    rt_mb_send                               0x0800502f   Thumb Code    18  ipc.o(i.rt_mb_send)
    rt_mb_send_wait                          0x08005041   Thumb Code   246  ipc.o(i.rt_mb_send_wait)
    rt_memset                                0x08005137   Thumb Code    72  kservice.o(i.rt_memset)
    rt_object_allocate                       0x0800517f   Thumb Code    84  object.o(i.rt_object_allocate)
    rt_object_delete                         0x080051d3   Thumb Code    36  object.o(i.rt_object_delete)
    rt_object_detach                         0x080051f7   Thumb Code    30  object.o(i.rt_object_detach)
    rt_object_get_information                0x08005215   Thumb Code    36  object.o(i.rt_object_get_information)
    rt_object_init                           0x0800523d   Thumb Code    60  object.o(i.rt_object_init)
    rt_object_is_systemobject                0x08005279   Thumb Code    18  object.o(i.rt_object_is_systemobject)
    rt_schedule                              0x0800528d   Thumb Code   118  scheduler.o(i.rt_schedule)
    rt_schedule_insert_thread                0x0800531d   Thumb Code    72  scheduler.o(i.rt_schedule_insert_thread)
    rt_schedule_remove_thread                0x0800536d   Thumb Code    76  scheduler.o(i.rt_schedule_remove_thread)
    rt_sem_create                            0x080053c1   Thumb Code    42  ipc.o(i.rt_sem_create)
    rt_sem_init                              0x080053eb   Thumb Code    38  ipc.o(i.rt_sem_init)
    rt_sem_release                           0x08005411   Thumb Code    58  ipc.o(i.rt_sem_release)
    rt_sem_take                              0x0800544b   Thumb Code   116  ipc.o(i.rt_sem_take)
    rt_show_version                          0x080054c1   Thumb Code    38  kservice.o(i.rt_show_version)
    rt_soft_timer_check                      0x08005571   Thumb Code   120  timer.o(i.rt_soft_timer_check)
    rt_strlen                                0x080055ed   Thumb Code    18  kservice.o(i.rt_strlen)
    rt_strncpy                               0x080055ff   Thumb Code    52  kservice.o(i.rt_strncpy)
    rt_system_heap_init                      0x08005635   Thumb Code   160  mem.o(i.rt_system_heap_init)
    rt_system_scheduler_init                 0x0800572d   Thumb Code    52  scheduler.o(i.rt_system_scheduler_init)
    rt_system_scheduler_start                0x08005779   Thumb Code    36  scheduler.o(i.rt_system_scheduler_start)
    rt_system_timer_init                     0x080057a9   Thumb Code    24  timer.o(i.rt_system_timer_init)
    rt_system_timer_thread_init              0x080057c5   Thumb Code    58  timer.o(i.rt_system_timer_thread_init)
    rt_thread_create                         0x08005819   Thumb Code    80  thread.o(i.rt_thread_create)
    rt_thread_delay                          0x08005869   Thumb Code    12  thread.o(i.rt_thread_delay)
    rt_thread_exit                           0x08005875   Thumb Code    76  thread.o(i.rt_thread_exit)
    rt_thread_idle_excute                    0x080058d1   Thumb Code   128  idle.o(i.rt_thread_idle_excute)
    rt_thread_idle_init                      0x08005955   Thumb Code    38  idle.o(i.rt_thread_idle_init)
    rt_thread_init                           0x08005991   Thumb Code    52  thread.o(i.rt_thread_init)
    rt_thread_mdelay                         0x080059c5   Thumb Code    20  thread.o(i.rt_thread_mdelay)
    rt_thread_resume                         0x080059d9   Thumb Code    60  thread.o(i.rt_thread_resume)
    rt_thread_self                           0x08005a15   Thumb Code     6  thread.o(i.rt_thread_self)
    rt_thread_sleep                          0x08005a21   Thumb Code    62  thread.o(i.rt_thread_sleep)
    rt_thread_startup                        0x08005a65   Thumb Code    44  thread.o(i.rt_thread_startup)
    rt_thread_suspend                        0x08005a91   Thumb Code    68  thread.o(i.rt_thread_suspend)
    rt_thread_timeout                        0x08005ad5   Thumb Code    32  thread.o(i.rt_thread_timeout)
    rt_thread_yield                          0x08005b39   Thumb Code    92  thread.o(i.rt_thread_yield)
    rt_tick_from_millisecond                 0x08005b9d   Thumb Code    32  clock.o(i.rt_tick_from_millisecond)
    rt_tick_get                              0x08005bbd   Thumb Code     6  clock.o(i.rt_tick_get)
    rt_tick_increase                         0x08005bc9   Thumb Code    42  clock.o(i.rt_tick_increase)
    rt_timer_check                           0x08005bf9   Thumb Code   118  timer.o(i.rt_timer_check)
    rt_timer_control                         0x08005c75   Thumb Code    56  timer.o(i.rt_timer_control)
    rt_timer_create                          0x08005cad   Thumb Code    54  timer.o(i.rt_timer_create)
    rt_timer_detach                          0x08005ce3   Thumb Code    32  timer.o(i.rt_timer_detach)
    rt_timer_init                            0x08005d03   Thumb Code    46  timer.o(i.rt_timer_init)
    rt_timer_start                           0x08005d4d   Thumb Code   282  timer.o(i.rt_timer_start)
    rt_timer_stop                            0x08005e79   Thumb Code    48  timer.o(i.rt_timer_stop)
    rt_vsnprintf                             0x08005ea9   Thumb Code   800  kservice.o(i.rt_vsnprintf)
    rtthread_startup                         0x080061e1   Thumb Code    42  components.o(i.rtthread_startup)
    showpage                                 0x0800620d   Thumb Code   284  bsp_oled.o(i.showpage)
    sqrt                                     0x08006353   Thumb Code    76  sqrt.o(i.sqrt)
    standing_point_init                      0x080063a1   Thumb Code   158  banqiu_handle.o(i.standing_point_init)
    state_transfer                           0x08006445   Thumb Code  1822  key_handle.o(i.state_transfer)
    statetable_init                          0x08006bcd   Thumb Code   360  key_handle.o(i.statetable_init)
    steer_pwm_Frequency_Init                 0x08006d39   Thumb Code    42  bsp_pwm.o(i.steer_pwm_Frequency_Init)
    steer_test_init                          0x08006d69   Thumb Code    58  display.o(i.steer_test_init)
    task1_xxx_Display_init                   0x08006db9   Thumb Code   120  display.o(i.task1_xxx_Display_init)
    uart_device_init                         0x08006e8d   Thumb Code   230  bsp_usart.o(i.uart_device_init)
    updatepage                               0x08006f95   Thumb Code    52  bsp_oled.o(i.updatepage)
    __lowest_bit_bitmap                      0x08006fc8   Data         256  kservice.o(.constdata)
    F6x8                                     0x080070ea   Data         552  bsp_oled.o(.constdata)
    F8X16                                    0x08007312   Data        1520  bsp_oled.o(.constdata)
    __rt_init_rti_start                      0x08007958   Data           4  components.o(.rti_fn.0)
    __rt_init_rti_board_start                0x0800795c   Data           4  components.o(.rti_fn.0.end)
    __rt_init_rti_board_end                  0x08007960   Data           4  components.o(.rti_fn.1.end)
    __rt_init_rti_end                        0x08007964   Data           4  components.o(.rti_fn.6.end)
    Region$$Table$$Base                      0x08007968   Number         0  anon$$obj.o(Region$$Table)
    Region$$Table$$Limit                     0x08007988   Number         0  anon$$obj.o(Region$$Table)
    mb_display                               0x20000000   Data           4  display.o(.data)
    display_thread                           0x20000004   Data           4  display.o(.data)
    sem_debug_uart                           0x20000008   Data           4  uart_handle.o(.data)
    sem_camera_uart                          0x2000000c   Data           4  uart_handle.o(.data)
    debug_uarthandle_thread                  0x20000010   Data           4  uart_handle.o(.data)
    camera_uarthandle_thread                 0x20000014   Data           4  uart_handle.o(.data)
    keyhandle_thread                         0x20000018   Data           4  key_handle.o(.data)
    test_duty                                0x2000001c   Data           2  key_handle.o(.data)
    current_state                            0x2000001e   Data           1  key_handle.o(.data)
    taskreadAT24_thread                      0x20000020   Data           4  task_readat24c02.o(.data)
    mb_ctrlAt24                              0x20000024   Data           4  task_readat24c02.o(.data)
    re_AT24                                  0x20000028   Data           1  task_readat24c02.o(.data)
    sem_Banqiu_task                          0x2000002c   Data           4  banqiu_handle.o(.data)
    Banqiu_thread                            0x20000030   Data           4  banqiu_handle.o(.data)
    pid_steer1                               0x20000034   Data           4  banqiu_handle.o(.data)
    pid_steer2                               0x20000038   Data           4  banqiu_handle.o(.data)
    current_point                            0x2000003c   Data           6  banqiu_handle.o(.data)
    targetA                                  0x20000042   Data           1  banqiu_handle.o(.data)
    targetB                                  0x20000043   Data           1  banqiu_handle.o(.data)
    target_now                               0x20000044   Data           1  banqiu_handle.o(.data)
    Elegun_thread                            0x20000048   Data           4  elegun_handle.o(.data)
    Elegun_autofire_thread                   0x2000004c   Data           4  elegun_handle.o(.data)
    sem_elegun                               0x20000050   Data           4  elegun_handle.o(.data)
    sem_elegun_autofire                      0x20000054   Data           4  elegun_handle.o(.data)
    ele_distance                             0x20000058   Data           2  elegun_handle.o(.data)
    ele_angle                                0x2000005a   Data           1  elegun_handle.o(.data)
    receive_x                                0x2000005b   Data           1  elegun_handle.o(.data)
    dis_rate                                 0x20000060   Data           8  elegun_handle.o(.data)
    dis_angle                                0x20000068   Data           4  elegun_handle.o(.data)
    offset_x                                 0x2000006c   Data           4  elegun_handle.o(.data)
    offset_dead_block                        0x20000070   Data           4  elegun_handle.o(.data)
    btm_kp                                   0x20000074   Data           4  elegun_handle.o(.data)
    last_btm_degree                          0x20000078   Data           1  elegun_handle.o(.data)
    rt_interrupt_nest                        0x20000080   Data           1  irq.o(.data)
    rt_current_thread                        0x200000f0   Data           4  scheduler.o(.data)
    rt_current_priority                      0x200000f4   Data           1  scheduler.o(.data)
    rt_thread_ready_priority_group           0x200000f8   Data           4  scheduler.o(.data)
    rt_thread_defunct                        0x200000fc   Data           8  scheduler.o(.data)
    rt_interrupt_from_thread                 0x20000118   Data           4  cpuport.o(.data)
    rt_interrupt_to_thread                   0x2000011c   Data           4  cpuport.o(.data)
    rt_thread_switch_interrupt_flag          0x20000120   Data           4  cpuport.o(.data)
    key_num                                  0x20000128   Data           4  bsp_key.o(.data)
    timer_keyscan                            0x2000012c   Data           4  bsp_key.o(.data)
    mb_key                                   0x20000130   Data           4  bsp_key.o(.data)
    Hzk                                      0x20000135   Data         448  bsp_oled.o(.data)
    OLED_SIZE                                0x200002f5   Data           1  bsp_oled.o(.data)
    autoRefresh                              0x200002f6   Data           1  bsp_oled.o(.data)
    msHcCount                                0x200002f8   Data           2  bsp_sr04.o(.data)
    SystemCoreClock                          0x20000314   Data           4  system_stm32f10x.o(.data)
    AHBPrescTable                            0x20000318   Data          16  system_stm32f10x.o(.data)
    state_transition                         0x2000a32c   Data         400  key_handle.o(.bss)
    standing_point                           0x2000a4bc   Data          60  banqiu_handle.o(.bss)
    target_point                             0x2000a4f8   Data          24  banqiu_handle.o(.bss)
    rt_thread_priority_table                 0x2000a730   Data         256  scheduler.o(.bss)
    debug_Usart_Rx_Buf                       0x2000aab0   Data        1000  bsp_usart.o(.bss)
    camera_Usart_Rx_Buf                      0x2000ae98   Data        1000  bsp_usart.o(.bss)
    debug_uart_device                        0x2000b280   Data          56  bsp_usart.o(.bss)
    camera_uart_device                       0x2000b2b8   Data          56  bsp_usart.o(.bss)
    pagetable                                0x2000b2f0   Data         224  bsp_oled.o(.bss)
    steer1                                   0x2000b3d0   Data          28  bsp_steer.o(.bss)
    steer2                                   0x2000b3ec   Data          28  bsp_steer.o(.bss)
    __initial_sp                             0x2000b808   Data           0  startup_stm32f10x_hd.o(STACK)



==============================================================================

Memory Map of the image

  Image Entry point : 0x08000131

  Load Region LR_IROM1 (Base: 0x08000000, Size: 0x00007cb4, Max: 0x00080000, ABSOLUTE, COMPRESSED[0x00007aa0])

    Execution Region ER_IROM1 (Exec base: 0x08000000, Load base: 0x08000000, Size: 0x00007988, Max: 0x00080000, ABSOLUTE)

    Exec Addr    Load Addr    Size         Type   Attr      Idx    E Section Name        Object

    0x08000000   0x08000000   0x00000130   Data   RO         4266    RESET               startup_stm32f10x_hd.o
    0x08000130   0x08000130   0x00000000   Code   RO         4325  * .ARM.Collect$$$$00000000  mc_w.l(entry.o)
    0x08000130   0x08000130   0x00000004   Code   RO         4396    .ARM.Collect$$$$00000001  mc_w.l(entry2.o)
    0x08000134   0x08000134   0x00000004   Code   RO         4399    .ARM.Collect$$$$00000004  mc_w.l(entry5.o)
    0x08000138   0x08000138   0x00000000   Code   RO         4401    .ARM.Collect$$$$00000008  mc_w.l(entry7b.o)
    0x08000138   0x08000138   0x00000000   Code   RO         4403    .ARM.Collect$$$$0000000A  mc_w.l(entry8b.o)
    0x08000138   0x08000138   0x00000008   Code   RO         4404    .ARM.Collect$$$$0000000B  mc_w.l(entry9a.o)
    0x08000140   0x08000140   0x00000000   Code   RO         4406    .ARM.Collect$$$$0000000D  mc_w.l(entry10a.o)
    0x08000140   0x08000140   0x00000000   Code   RO         4408    .ARM.Collect$$$$0000000F  mc_w.l(entry11a.o)
    0x08000140   0x08000140   0x00000004   Code   RO         4397    .ARM.Collect$$$$00002712  mc_w.l(entry2.o)
    0x08000144   0x08000144   0x000000f4   Code   RO         1678    .text               context_rvds.o
    0x08000238   0x08000238   0x00000024   Code   RO         4267    .text               startup_stm32f10x_hd.o
    0x0800025c   0x0800025c   0x00000024   Code   RO         4328    .text               mc_w.l(memcpya.o)
    0x08000280   0x08000280   0x00000024   Code   RO         4330    .text               mc_w.l(memseta.o)
    0x080002a4   0x080002a4   0x00000012   Code   RO         4332    .text               mc_w.l(strcpy.o)
    0x080002b6   0x080002b6   0x000000b0   Code   RO         4336    .text               mf_w.l(fadd.o)
    0x08000366   0x08000366   0x00000064   Code   RO         4338    .text               mf_w.l(fmul.o)
    0x080003ca   0x080003ca   0x0000007c   Code   RO         4340    .text               mf_w.l(fdiv.o)
    0x08000446   0x08000446   0x0000014e   Code   RO         4342    .text               mf_w.l(dadd.o)
    0x08000594   0x08000594   0x000000e4   Code   RO         4344    .text               mf_w.l(dmul.o)
    0x08000678   0x08000678   0x000000de   Code   RO         4346    .text               mf_w.l(ddiv.o)
    0x08000756   0x08000756   0x00000012   Code   RO         4348    .text               mf_w.l(fflti.o)
    0x08000768   0x08000768   0x0000000a   Code   RO         4350    .text               mf_w.l(ffltui.o)
    0x08000772   0x08000772   0x00000022   Code   RO         4352    .text               mf_w.l(dflti.o)
    0x08000794   0x08000794   0x0000001a   Code   RO         4354    .text               mf_w.l(dfltui.o)
    0x080007ae   0x080007ae   0x00000032   Code   RO         4356    .text               mf_w.l(ffixi.o)
    0x080007e0   0x080007e0   0x00000028   Code   RO         4358    .text               mf_w.l(ffixui.o)
    0x08000808   0x08000808   0x00000032   Code   RO         4360    .text               mf_w.l(dfixui.o)
    0x0800083a   0x0800083a   0x00000026   Code   RO         4362    .text               mf_w.l(f2d.o)
    0x08000860   0x08000860   0x00000038   Code   RO         4364    .text               mf_w.l(d2f.o)
    0x08000898   0x08000898   0x00000014   Code   RO         4366    .text               mf_w.l(cfcmple.o)
    0x080008ac   0x080008ac   0x00000014   Code   RO         4368    .text               mf_w.l(cfrcmple.o)
    0x080008c0   0x080008c0   0x0000001e   Code   RO         4410    .text               mc_w.l(llshl.o)
    0x080008de   0x080008de   0x00000020   Code   RO         4412    .text               mc_w.l(llushr.o)
    0x080008fe   0x080008fe   0x00000024   Code   RO         4414    .text               mc_w.l(llsshr.o)
    0x08000922   0x08000922   0x00000000   Code   RO         4423    .text               mc_w.l(iusefp.o)
    0x08000922   0x08000922   0x0000006e   Code   RO         4424    .text               mf_w.l(fepilogue.o)
    0x08000990   0x08000990   0x000000ba   Code   RO         4426    .text               mf_w.l(depilogue.o)
    0x08000a4a   0x08000a4a   0x0000002e   Code   RO         4428    .text               mf_w.l(dscalb.o)
    0x08000a78   0x08000a78   0x00000024   Code   RO         4430    .text               mc_w.l(init.o)
    0x08000a9c   0x08000a9c   0x000000a2   Code   RO         4432    .text               mf_w.l(dsqrt.o)
    0x08000b3e   0x08000b3e   0x00000056   Code   RO         4444    .text               mc_w.l(__dczerorl2.o)
    0x08000b94   0x08000b94   0x0000000e   Code   RO          719    i.$Sub$$main        components.o
    0x08000ba2   0x08000ba2   0x00000002   PAD
    0x08000ba4   0x08000ba4   0x0000006c   Code   RO          447    i.Banqiu_setA_Display_init  display.o
    0x08000c10   0x08000c10   0x0000006c   Code   RO          448    i.Banqiu_setB_Display_init  display.o
    0x08000c7c   0x08000c7c   0x00000130   Code   RO          449    i.Banqiu_set_pid_Display_init  display.o
    0x08000dac   0x08000dac   0x00000004   Code   RO          277    i.BusFault_Handler  stm32f10x_it.o
    0x08000db0   0x08000db0   0x00000010   Code   RO         2107    i.CloseTimerForHc   bsp_sr04.o
    0x08000dc0   0x08000dc0   0x0000001c   Code   RO         4192    i.DMA_ClearFlag     stm32f10x_dma.o
    0x08000ddc   0x08000ddc   0x00000018   Code   RO         4194    i.DMA_Cmd           stm32f10x_dma.o
    0x08000df4   0x08000df4   0x00000012   Code   RO         4199    i.DMA_ITConfig      stm32f10x_dma.o
    0x08000e06   0x08000e06   0x0000003c   Code   RO         4200    i.DMA_Init          stm32f10x_dma.o
    0x08000e42   0x08000e42   0x00000002   Code   RO          278    i.DebugMon_Handler  stm32f10x_it.o
    0x08000e44   0x08000e44   0x000000ac   Code   RO          450    i.Elegun_autofire_init  display.o
    0x08000ef0   0x08000ef0   0x00000268   Code   RO          640    i.Elegun_autofire_thread_entry  elegun_handle.o
    0x08001158   0x08001158   0x00000160   Code   RO          641    i.Elegun_fire_thread_entry  elegun_handle.o
    0x080012b8   0x080012b8   0x00000038   Code   RO         1857    i.Fire_Init         bsp_led.o
    0x080012f0   0x080012f0   0x00000078   Code   RO          451    i.Fire_ok_display   display.o
    0x08001368   0x08001368   0x00000116   Code   RO         2526    i.GPIO_Init         stm32f10x_gpio.o
    0x0800147e   0x0800147e   0x00000004   Code   RO         2533    i.GPIO_ResetBits    stm32f10x_gpio.o
    0x08001482   0x08001482   0x00000004   Code   RO         2534    i.GPIO_SetBits      stm32f10x_gpio.o
    0x08001486   0x08001486   0x00000002   PAD
    0x08001488   0x08001488   0x00000030   Code   RO         2108    i.GetEchoTimer      bsp_sr04.o
    0x080014b8   0x080014b8   0x000000a8   Code   RO         2109    i.Hcsr04GetLength   bsp_sr04.o
    0x08001560   0x08001560   0x000000a0   Code   RO         2110    i.Hcsr04Init        bsp_sr04.o
    0x08001600   0x08001600   0x000000cc   Code   RO         1826    i.KEY_Init          bsp_key.o
    0x080016cc   0x080016cc   0x00000114   Code   RO         1827    i.KEY_Scan          bsp_key.o
    0x080017e0   0x080017e0   0x00000004   Code   RO          280    i.MemManage_Handler  stm32f10x_it.o
    0x080017e4   0x080017e4   0x00000002   Code   RO          281    i.NMI_Handler       stm32f10x_it.o
    0x080017e6   0x080017e6   0x00000002   PAD
    0x080017e8   0x080017e8   0x00000070   Code   RO         4156    i.NVIC_Init         misc.o
    0x08001858   0x08001858   0x00000014   Code   RO         4157    i.NVIC_PriorityGroupConfig  misc.o
    0x0800186c   0x0800186c   0x00000040   Code   RO         1895    i.OLED_Clear        bsp_oled.o
    0x080018ac   0x080018ac   0x000001cc   Code   RO         1899    i.OLED_Init         bsp_oled.o
    0x08001a78   0x08001a78   0x0000002e   Code   RO         1900    i.OLED_Set_Pos      bsp_oled.o
    0x08001aa6   0x08001aa6   0x00000002   PAD
    0x08001aa8   0x08001aa8   0x000000a8   Code   RO         1902    i.OLED_ShowChar     bsp_oled.o
    0x08001b50   0x08001b50   0x00000084   Code   RO         1903    i.OLED_ShowNum      bsp_oled.o
    0x08001bd4   0x08001bd4   0x00000048   Code   RO         1904    i.OLED_ShowString   bsp_oled.o
    0x08001c1c   0x08001c1c   0x00000084   Code   RO         1905    i.OLED_WR_Byte      bsp_oled.o
    0x08001ca0   0x08001ca0   0x00000024   Code   RO         2111    i.OpenTimerForHc    bsp_sr04.o
    0x08001cc4   0x08001cc4   0x00000104   Code   RO         2275    i.PWM_Init          bsp_pwm.o
    0x08001dc8   0x08001dc8   0x000000dc   Code   RO          452    i.Pos_input_init    display.o
    0x08001ea4   0x08001ea4   0x00000020   Code   RO         3957    i.RCC_AHBPeriphClockCmd  stm32f10x_rcc.o
    0x08001ec4   0x08001ec4   0x00000020   Code   RO         3958    i.RCC_APB1PeriphClockCmd  stm32f10x_rcc.o
    0x08001ee4   0x08001ee4   0x00000020   Code   RO         3959    i.RCC_APB1PeriphResetCmd  stm32f10x_rcc.o
    0x08001f04   0x08001f04   0x00000020   Code   RO         3960    i.RCC_APB2PeriphClockCmd  stm32f10x_rcc.o
    0x08001f24   0x08001f24   0x00000020   Code   RO         3961    i.RCC_APB2PeriphResetCmd  stm32f10x_rcc.o
    0x08001f44   0x08001f44   0x000000d4   Code   RO         3968    i.RCC_GetClocksFreq  stm32f10x_rcc.o
    0x08002018   0x08002018   0x00000002   Code   RO          283    i.SVC_Handler       stm32f10x_it.o
    0x0800201a   0x0800201a   0x00000008   Code   RO         4281    i.SetSysClock       system_stm32f10x.o
    0x08002022   0x08002022   0x00000002   PAD
    0x08002024   0x08002024   0x000000e0   Code   RO         4282    i.SetSysClockTo72   system_stm32f10x.o
    0x08002104   0x08002104   0x00000074   Code   RO          453    i.Steer_move_fire_init  display.o
    0x08002178   0x08002178   0x00000028   Code   RO         4160    i.SysTick_CLKSourceConfig  misc.o
    0x080021a0   0x080021a0   0x00000010   Code   RO          334    i.SysTick_Handler   board.o
    0x080021b0   0x080021b0   0x0000003c   Code   RO         2177    i.SysTick_Init      systick.o
    0x080021ec   0x080021ec   0x00000060   Code   RO         4284    i.SystemInit        system_stm32f10x.o
    0x0800224c   0x0800224c   0x00000084   Code   RO         2002    i.TIM2_IRQHandler   bsp_time.o
    0x080022d0   0x080022d0   0x00000028   Code   RO         2112    i.TIM6_IRQHandler   bsp_sr04.o
    0x080022f8   0x080022f8   0x00000018   Code   RO         3232    i.TIM_ARRPreloadConfig  stm32f10x_tim.o
    0x08002310   0x08002310   0x00000006   Code   RO         3238    i.TIM_ClearFlag     stm32f10x_tim.o
    0x08002316   0x08002316   0x00000006   Code   RO         3239    i.TIM_ClearITPendingBit  stm32f10x_tim.o
    0x0800231c   0x0800231c   0x00000018   Code   RO         3244    i.TIM_Cmd           stm32f10x_tim.o
    0x08002334   0x08002334   0x000001e8   Code   RO         3249    i.TIM_DeInit        stm32f10x_tim.o
    0x0800251c   0x0800251c   0x00000006   Code   RO         3263    i.TIM_GetCounter    stm32f10x_tim.o
    0x08002522   0x08002522   0x00000022   Code   RO         3265    i.TIM_GetITStatus   stm32f10x_tim.o
    0x08002544   0x08002544   0x00000012   Code   RO         3269    i.TIM_ITConfig      stm32f10x_tim.o
    0x08002556   0x08002556   0x00000002   PAD
    0x08002558   0x08002558   0x00000098   Code   RO         3273    i.TIM_OC1Init       stm32f10x_tim.o
    0x080025f0   0x080025f0   0x00000012   Code   RO         3276    i.TIM_OC1PreloadConfig  stm32f10x_tim.o
    0x08002602   0x08002602   0x00000002   PAD
    0x08002604   0x08002604   0x000000a4   Code   RO         3278    i.TIM_OC2Init       stm32f10x_tim.o
    0x080026a8   0x080026a8   0x0000001a   Code   RO         3281    i.TIM_OC2PreloadConfig  stm32f10x_tim.o
    0x080026c2   0x080026c2   0x00000002   PAD
    0x080026c4   0x080026c4   0x000000a0   Code   RO         3283    i.TIM_OC3Init       stm32f10x_tim.o
    0x08002764   0x08002764   0x00000012   Code   RO         3286    i.TIM_OC3PreloadConfig  stm32f10x_tim.o
    0x08002776   0x08002776   0x00000002   PAD
    0x08002778   0x08002778   0x0000007c   Code   RO         3288    i.TIM_OC4Init       stm32f10x_tim.o
    0x080027f4   0x080027f4   0x0000001a   Code   RO         3290    i.TIM_OC4PreloadConfig  stm32f10x_tim.o
    0x0800280e   0x0800280e   0x00000004   Code   RO         3305    i.TIM_SetCompare1   stm32f10x_tim.o
    0x08002812   0x08002812   0x00000004   Code   RO         3306    i.TIM_SetCompare2   stm32f10x_tim.o
    0x08002816   0x08002816   0x00000004   Code   RO         3307    i.TIM_SetCompare3   stm32f10x_tim.o
    0x0800281a   0x0800281a   0x00000006   Code   RO         3308    i.TIM_SetCompare4   stm32f10x_tim.o
    0x08002820   0x08002820   0x00000004   Code   RO         3309    i.TIM_SetCounter    stm32f10x_tim.o
    0x08002824   0x08002824   0x000000a4   Code   RO         3315    i.TIM_TimeBaseInit  stm32f10x_tim.o
    0x080028c8   0x080028c8   0x00000038   Code   RO          454    i.Task_randw_display_init  display.o
    0x08002900   0x08002900   0x00000048   Code   RO         1722    i.USART1_IRQHandler  bsp_usart.o
    0x08002948   0x08002948   0x00000048   Code   RO         1723    i.USART2_IRQHandler  bsp_usart.o
    0x08002990   0x08002990   0x00000018   Code   RO         3780    i.USART_Cmd         stm32f10x_usart.o
    0x080029a8   0x080029a8   0x00000012   Code   RO         3781    i.USART_DMACmd      stm32f10x_usart.o
    0x080029ba   0x080029ba   0x0000001a   Code   RO         3783    i.USART_GetFlagStatus  stm32f10x_usart.o
    0x080029d4   0x080029d4   0x00000054   Code   RO         3784    i.USART_GetITStatus  stm32f10x_usart.o
    0x08002a28   0x08002a28   0x0000004a   Code   RO         3786    i.USART_ITConfig    stm32f10x_usart.o
    0x08002a72   0x08002a72   0x00000002   PAD
    0x08002a74   0x08002a74   0x000000d8   Code   RO         3787    i.USART_Init        stm32f10x_usart.o
    0x08002b4c   0x08002b4c   0x0000000a   Code   RO         3794    i.USART_ReceiveData  stm32f10x_usart.o
    0x08002b56   0x08002b56   0x00000008   Code   RO         3797    i.USART_SendData    stm32f10x_usart.o
    0x08002b5e   0x08002b5e   0x00000004   Code   RO          284    i.UsageFault_Handler  stm32f10x_it.o
    0x08002b62   0x08002b62   0x00000028   Code   RO         4384    i.__ARM_fpclassify  m_ws.l(fpclassify.o)
    0x08002b8a   0x08002b8a   0x000000aa   Code   RO         4386    i.__kernel_poly     m_ws.l(poly.o)
    0x08002c34   0x08002c34   0x00000006   Code   RO         4371    i.__mathlib_dbl_infnan  m_ws.l(dunder.o)
    0x08002c3a   0x08002c3a   0x0000000c   Code   RO         4373    i.__mathlib_dbl_invalid  m_ws.l(dunder.o)
    0x08002c46   0x08002c46   0x00000002   PAD
    0x08002c48   0x08002c48   0x00000010   Code   RO         4376    i.__mathlib_dbl_underflow  m_ws.l(dunder.o)
    0x08002c58   0x08002c58   0x0000004c   Code   RO         1042    i.__rt_ffs          kservice.o
    0x08002ca4   0x08002ca4   0x0000000e   Code   RO         4438    i.__scatterload_copy  mc_w.l(handlers.o)
    0x08002cb2   0x08002cb2   0x00000002   Code   RO         4439    i.__scatterload_null  mc_w.l(handlers.o)
    0x08002cb4   0x08002cb4   0x0000000e   Code   RO         4440    i.__scatterload_zeroinit  mc_w.l(handlers.o)
    0x08002cc2   0x08002cc2   0x00000002   PAD
    0x08002cc4   0x08002cc4   0x0000000c   Code   RO         4418    i.__set_errno       mc_w.l(errno.o)
    0x08002cd0   0x08002cd0   0x00000014   Code   RO          793    i._has_defunct_thread  idle.o
    0x08002ce4   0x08002ce4   0x00000084   Code   RO         1438    i._rt_thread_init   thread.o
    0x08002d68   0x08002d68   0x00000042   Code   RO         1559    i._rt_timer_init    timer.o
    0x08002daa   0x08002daa   0x0000002e   Code   RO         1560    i._rt_timer_remove  timer.o
    0x08002dd8   0x08002dd8   0x00000270   Code   RO         4316    i.asin              m_ws.l(asin.o)
    0x08003048   0x08003048   0x0000001a   Code   RO         2310    i.auto_control_create  auto_control.o
    0x08003062   0x08003062   0x00000002   PAD
    0x08003064   0x08003064   0x0000005c   Code   RO         2089    i.bsp_steer_init    bsp_steer.o
    0x080030c0   0x080030c0   0x00000074   Code   RO          642    i.btm_servo_control  elegun_handle.o
    0x08003134   0x08003134   0x00000030   Code   RO          536    i.camera_uarthandle_thread_entry  uart_handle.o
    0x08003164   0x08003164   0x00000030   Code   RO         1906    i.clearpage         bsp_oled.o
    0x08003194   0x08003194   0x00000044   Code   RO          537    i.debug_uarthandle_thread_entry  uart_handle.o
    0x080031d8   0x080031d8   0x0000004c   Code   RO         2178    i.delay_ms          systick.o
    0x08003224   0x08003224   0x000004f4   Code   RO          455    i.display_thread_entry  display.o
    0x08003718   0x08003718   0x00000028   Code   RO         2113    i.hcsr04_NVIC       bsp_sr04.o
    0x08003740   0x08003740   0x0000008c   Code   RO          566    i.keyhandle_thread_entry  key_handle.o
    0x080037cc   0x080037cc   0x0000005c   Code   RO         1828    i.keyscan_callback  bsp_key.o
    0x08003828   0x08003828   0x0000001a   Code   RO            1    i.main              main.o
    0x08003842   0x08003842   0x00000002   PAD
    0x08003844   0x08003844   0x000000c4   Code   RO          456    i.main_Display_init  display.o
    0x08003908   0x08003908   0x0000000e   Code   RO          720    i.main_thread_entry  components.o
    0x08003916   0x08003916   0x00000002   PAD
    0x08003918   0x08003918   0x00000214   Code   RO            2    i.my_ipc_create     main.o
    0x08003b2c   0x08003b2c   0x00000108   Code   RO            3    i.my_other_create   main.o
    0x08003c34   0x08003c34   0x000002dc   Code   RO            4    i.my_thread_create  main.o
    0x08003f10   0x08003f10   0x00000174   Code   RO            5    i.my_thread_startup  main.o
    0x08004084   0x08004084   0x00000064   Code   RO            6    i.my_timer_create   main.o
    0x080040e8   0x080040e8   0x000000b4   Code   RO         1730    i.my_uart_Config    bsp_usart.o
    0x0800419c   0x0800419c   0x00000078   Code   RO         1731    i.my_uart_DMA_Config  bsp_usart.o
    0x08004214   0x08004214   0x00000032   Code   RO         1732    i.my_uart_DMA_Rx_Data  bsp_usart.o
    0x08004246   0x08004246   0x00000016   Code   RO         1907    i.oled_pow          bsp_oled.o
    0x0800425c   0x0800425c   0x00000030   Code   RO          538    i.openmv_receive    uart_handle.o
    0x0800428c   0x0800428c   0x00000078   Code   RO         1219    i.plug_holes        mem.o
    0x08004304   0x08004304   0x00000060   Code   RO         2418    i.pos_pid_control_create  pos_pid_control.o
    0x08004364   0x08004364   0x0000000e   Code   RO         2419    i.pos_pid_control_destroy  pos_pid_control.o
    0x08004372   0x08004372   0x00000012   Code   RO         2420    i.pos_pid_control_reset  pos_pid_control.o
    0x08004384   0x08004384   0x00000008   Code   RO         2421    i.pos_pid_control_set_kd  pos_pid_control.o
    0x0800438c   0x0800438c   0x00000008   Code   RO         2422    i.pos_pid_control_set_ki  pos_pid_control.o
    0x08004394   0x08004394   0x00000008   Code   RO         2423    i.pos_pid_control_set_kp  pos_pid_control.o
    0x0800439c   0x0800439c   0x000000c8   Code   RO         2424    i.pos_pid_control_update  pos_pid_control.o
    0x08004464   0x08004464   0x00000198   Code   RO         1044    i.print_number      kservice.o
    0x080045fc   0x080045fc   0x00000098   Code   RO         2277    i.pwm_set_Duty      bsp_pwm.o
    0x08004694   0x08004694   0x0000002c   Code   RO          721    i.rt_application_init  components.o
    0x080046c0   0x080046c0   0x0000001c   Code   RO          722    i.rt_components_board_init  components.o
    0x080046dc   0x080046dc   0x0000001c   Code   RO          723    i.rt_components_init  components.o
    0x080046f8   0x080046f8   0x00000020   Code   RO         1357    i.rt_enter_critical  scheduler.o
    0x08004718   0x08004718   0x0000003c   Code   RO         1358    i.rt_exit_critical  scheduler.o
    0x08004754   0x08004754   0x000000e0   Code   RO         1221    i.rt_free           mem.o
    0x08004834   0x08004834   0x00000008   Code   RO          335    i.rt_heap_begin_get  board.o
    0x0800483c   0x0800483c   0x00000008   Code   RO          336    i.rt_heap_end_get   board.o
    0x08004844   0x08004844   0x000000e4   Code   RO          337    i.rt_hw_board_init  board.o
    0x08004928   0x08004928   0x00000050   Code   RO          338    i.rt_hw_console_output  board.o
    0x08004978   0x08004978   0x00000200   Code   RO         1686    i.rt_hw_hard_fault_exception  cpuport.o
    0x08004b78   0x08004b78   0x0000004c   Code   RO         1687    i.rt_hw_stack_init  cpuport.o
    0x08004bc4   0x08004bc4   0x00000026   Code   RO          339    i.rt_hw_us_delay    board.o
    0x08004bea   0x08004bea   0x00000002   PAD
    0x08004bec   0x08004bec   0x00000020   Code   RO         1015    i.rt_interrupt_enter  irq.o
    0x08004c0c   0x08004c0c   0x00000020   Code   RO         1017    i.rt_interrupt_leave  irq.o
    0x08004c2c   0x08004c2c   0x00000014   Code   RO          840    i.rt_ipc_list_resume  ipc.o
    0x08004c40   0x08004c40   0x0000006c   Code   RO          842    i.rt_ipc_list_suspend  ipc.o
    0x08004cac   0x08004cac   0x00000010   Code   RO          843    i.rt_ipc_object_init  ipc.o
    0x08004cbc   0x08004cbc   0x00000030   Code   RO         1048    i.rt_kprintf        kservice.o
    0x08004cec   0x08004cec   0x00000006   Code   RO          844    i.rt_list_init      ipc.o
    0x08004cf2   0x08004cf2   0x00000006   Code   RO         1359    i.rt_list_init      scheduler.o
    0x08004cf8   0x08004cf8   0x00000006   Code   RO         1561    i.rt_list_init      timer.o
    0x08004cfe   0x08004cfe   0x0000000e   Code   RO         1281    i.rt_list_insert_after  object.o
    0x08004d0c   0x08004d0c   0x0000000e   Code   RO         1439    i.rt_list_insert_after  thread.o
    0x08004d1a   0x08004d1a   0x0000000e   Code   RO         1562    i.rt_list_insert_after  timer.o
    0x08004d28   0x08004d28   0x0000000e   Code   RO          845    i.rt_list_insert_before  ipc.o
    0x08004d36   0x08004d36   0x00000010   Code   RO          846    i.rt_list_isempty   ipc.o
    0x08004d46   0x08004d46   0x00000010   Code   RO         1563    i.rt_list_isempty   timer.o
    0x08004d56   0x08004d56   0x00000012   Code   RO         1282    i.rt_list_remove    object.o
    0x08004d68   0x08004d68   0x00000012   Code   RO         1440    i.rt_list_remove    thread.o
    0x08004d7a   0x08004d7a   0x00000002   PAD
    0x08004d7c   0x08004d7c   0x0000016c   Code   RO         1222    i.rt_malloc         mem.o
    0x08004ee8   0x08004ee8   0x00000052   Code   RO          848    i.rt_mb_create      ipc.o
    0x08004f3a   0x08004f3a   0x000000f4   Code   RO          852    i.rt_mb_recv        ipc.o
    0x0800502e   0x0800502e   0x00000012   Code   RO          853    i.rt_mb_send        ipc.o
    0x08005040   0x08005040   0x000000f6   Code   RO          854    i.rt_mb_send_wait   ipc.o
    0x08005136   0x08005136   0x00000048   Code   RO         1054    i.rt_memset         kservice.o
    0x0800517e   0x0800517e   0x00000054   Code   RO         1283    i.rt_object_allocate  object.o
    0x080051d2   0x080051d2   0x00000024   Code   RO         1284    i.rt_object_delete  object.o
    0x080051f6   0x080051f6   0x0000001e   Code   RO         1285    i.rt_object_detach  object.o
    0x08005214   0x08005214   0x00000028   Code   RO         1287    i.rt_object_get_information  object.o
    0x0800523c   0x0800523c   0x0000003c   Code   RO         1289    i.rt_object_init    object.o
    0x08005278   0x08005278   0x00000012   Code   RO         1290    i.rt_object_is_systemobject  object.o
    0x0800528a   0x0800528a   0x00000002   PAD
    0x0800528c   0x0800528c   0x00000090   Code   RO         1360    i.rt_schedule       scheduler.o
    0x0800531c   0x0800531c   0x00000050   Code   RO         1361    i.rt_schedule_insert_thread  scheduler.o
    0x0800536c   0x0800536c   0x00000054   Code   RO         1362    i.rt_schedule_remove_thread  scheduler.o
    0x080053c0   0x080053c0   0x0000002a   Code   RO          856    i.rt_sem_create     ipc.o
    0x080053ea   0x080053ea   0x00000026   Code   RO          859    i.rt_sem_init       ipc.o
    0x08005410   0x08005410   0x0000003a   Code   RO          860    i.rt_sem_release    ipc.o
    0x0800544a   0x0800544a   0x00000074   Code   RO          861    i.rt_sem_take       ipc.o
    0x080054be   0x080054be   0x00000002   PAD
    0x080054c0   0x080054c0   0x000000b0   Code   RO         1056    i.rt_show_version   kservice.o
    0x08005570   0x08005570   0x0000007c   Code   RO         1564    i.rt_soft_timer_check  timer.o
    0x080055ec   0x080055ec   0x00000012   Code   RO         1062    i.rt_strlen         kservice.o
    0x080055fe   0x080055fe   0x00000034   Code   RO         1064    i.rt_strncpy        kservice.o
    0x08005632   0x08005632   0x00000002   PAD
    0x08005634   0x08005634   0x000000f8   Code   RO         1225    i.rt_system_heap_init  mem.o
    0x0800572c   0x0800572c   0x0000004c   Code   RO         1363    i.rt_system_scheduler_init  scheduler.o
    0x08005778   0x08005778   0x00000030   Code   RO         1364    i.rt_system_scheduler_start  scheduler.o
    0x080057a8   0x080057a8   0x0000001c   Code   RO         1565    i.rt_system_timer_init  timer.o
    0x080057c4   0x080057c4   0x00000054   Code   RO         1566    i.rt_system_timer_thread_init  timer.o
    0x08005818   0x08005818   0x00000050   Code   RO         1442    i.rt_thread_create  thread.o
    0x08005868   0x08005868   0x0000000c   Code   RO         1443    i.rt_thread_delay   thread.o
    0x08005874   0x08005874   0x00000054   Code   RO         1446    i.rt_thread_exit    thread.o
    0x080058c8   0x080058c8   0x00000008   Code   RO          794    i.rt_thread_idle_entry  idle.o
    0x080058d0   0x080058d0   0x00000084   Code   RO          795    i.rt_thread_idle_excute  idle.o
    0x08005954   0x08005954   0x0000003c   Code   RO          797    i.rt_thread_idle_init  idle.o
    0x08005990   0x08005990   0x00000034   Code   RO         1448    i.rt_thread_init    thread.o
    0x080059c4   0x080059c4   0x00000014   Code   RO         1449    i.rt_thread_mdelay  thread.o
    0x080059d8   0x080059d8   0x0000003c   Code   RO         1450    i.rt_thread_resume  thread.o
    0x08005a14   0x08005a14   0x0000000c   Code   RO         1451    i.rt_thread_self    thread.o
    0x08005a20   0x08005a20   0x00000044   Code   RO         1452    i.rt_thread_sleep   thread.o
    0x08005a64   0x08005a64   0x0000002c   Code   RO         1453    i.rt_thread_startup  thread.o
    0x08005a90   0x08005a90   0x00000044   Code   RO         1454    i.rt_thread_suspend  thread.o
    0x08005ad4   0x08005ad4   0x00000020   Code   RO         1455    i.rt_thread_timeout  thread.o
    0x08005af4   0x08005af4   0x00000044   Code   RO         1567    i.rt_thread_timer_entry  timer.o
    0x08005b38   0x08005b38   0x00000064   Code   RO         1456    i.rt_thread_yield   thread.o
    0x08005b9c   0x08005b9c   0x00000020   Code   RO          682    i.rt_tick_from_millisecond  clock.o
    0x08005bbc   0x08005bbc   0x0000000c   Code   RO          683    i.rt_tick_get       clock.o
    0x08005bc8   0x08005bc8   0x00000030   Code   RO          684    i.rt_tick_increase  clock.o
    0x08005bf8   0x08005bf8   0x0000007c   Code   RO         1568    i.rt_timer_check    timer.o
    0x08005c74   0x08005c74   0x00000038   Code   RO         1569    i.rt_timer_control  timer.o
    0x08005cac   0x08005cac   0x00000036   Code   RO         1570    i.rt_timer_create   timer.o
    0x08005ce2   0x08005ce2   0x00000020   Code   RO         1572    i.rt_timer_detach   timer.o
    0x08005d02   0x08005d02   0x0000002e   Code   RO         1573    i.rt_timer_init     timer.o
    0x08005d30   0x08005d30   0x0000001c   Code   RO         1574    i.rt_timer_list_next_timeout  timer.o
    0x08005d4c   0x08005d4c   0x0000012c   Code   RO         1576    i.rt_timer_start    timer.o
    0x08005e78   0x08005e78   0x00000030   Code   RO         1577    i.rt_timer_stop     timer.o
    0x08005ea8   0x08005ea8   0x00000328   Code   RO         1067    i.rt_vsnprintf      kservice.o
    0x080061d0   0x080061d0   0x00000004   Code   RO          724    i.rti_board_end     components.o
    0x080061d4   0x080061d4   0x00000004   Code   RO          725    i.rti_board_start   components.o
    0x080061d8   0x080061d8   0x00000004   Code   RO          726    i.rti_end           components.o
    0x080061dc   0x080061dc   0x00000004   Code   RO          727    i.rti_start         components.o
    0x080061e0   0x080061e0   0x0000002a   Code   RO          728    i.rtthread_startup  components.o
    0x0800620a   0x0800620a   0x00000002   PAD
    0x0800620c   0x0800620c   0x00000120   Code   RO         1908    i.showpage          bsp_oled.o
    0x0800632c   0x0800632c   0x00000026   Code   RO         1069    i.skip_atoi         kservice.o
    0x08006352   0x08006352   0x0000004c   Code   RO         4389    i.sqrt              m_ws.l(sqrt.o)
    0x0800639e   0x0800639e   0x00000002   PAD
    0x080063a0   0x080063a0   0x000000a4   Code   RO          616    i.standing_point_init  banqiu_handle.o
    0x08006444   0x08006444   0x00000788   Code   RO          567    i.state_transfer    key_handle.o
    0x08006bcc   0x08006bcc   0x0000016c   Code   RO          568    i.statetable_init   key_handle.o
    0x08006d38   0x08006d38   0x00000030   Code   RO         2278    i.steer_pwm_Frequency_Init  bsp_pwm.o
    0x08006d68   0x08006d68   0x00000050   Code   RO          457    i.steer_test_init   display.o
    0x08006db8   0x08006db8   0x0000009c   Code   RO          458    i.task1_xxx_Display_init  display.o
    0x08006e54   0x08006e54   0x00000038   Code   RO         1733    i.uart_NVIC_Configuration  bsp_usart.o
    0x08006e8c   0x08006e8c   0x00000108   Code   RO         1734    i.uart_device_init  bsp_usart.o
    0x08006f94   0x08006f94   0x00000034   Code   RO         1909    i.updatepage        bsp_oled.o
    0x08006fc8   0x08006fc8   0x00000122   Data   RO         1071    .constdata          kservice.o
    0x080070ea   0x080070ea   0x00000818   Data   RO         1911    .constdata          bsp_oled.o
    0x08007902   0x08007902   0x00000006   PAD
    0x08007908   0x08007908   0x00000050   Data   RO         4317    .constdata          m_ws.l(asin.o)
    0x08007958   0x08007958   0x00000004   Data   RO          729    .rti_fn.0           components.o
    0x0800795c   0x0800795c   0x00000004   Data   RO          730    .rti_fn.0.end       components.o
    0x08007960   0x08007960   0x00000004   Data   RO          731    .rti_fn.1.end       components.o
    0x08007964   0x08007964   0x00000004   Data   RO          732    .rti_fn.6.end       components.o
    0x08007968   0x08007968   0x00000020   Data   RO         4436    Region$$Table       anon$$obj.o


    Execution Region RW_IRAM1 (Exec base: 0x20000000, Load base: 0x08007988, Size: 0x0000b808, Max: 0x00010000, ABSOLUTE, COMPRESSED[0x00000118])

    Exec Addr    Load Addr    Size         Type   Attr      Idx    E Section Name        Object

    0x20000000   COMPRESSED   0x00000008   Data   RW          459    .data               display.o
    0x20000008   COMPRESSED   0x00000010   Data   RW          539    .data               uart_handle.o
    0x20000018   COMPRESSED   0x00000007   Data   RW          570    .data               key_handle.o
    0x2000001f   COMPRESSED   0x00000001   PAD
    0x20000020   COMPRESSED   0x00000009   Data   RW          598    .data               task_readat24c02.o
    0x20000029   COMPRESSED   0x00000003   PAD
    0x2000002c   COMPRESSED   0x00000019   Data   RW          618    .data               banqiu_handle.o
    0x20000045   COMPRESSED   0x00000003   PAD
    0x20000048   COMPRESSED   0x00000031   Data   RW          643    .data               elegun_handle.o
    0x20000079   COMPRESSED   0x00000003   PAD
    0x2000007c   COMPRESSED   0x00000004   Data   RW          686    .data               clock.o
    0x20000080   COMPRESSED   0x00000001   Data   RW         1018    .data               irq.o
    0x20000081   COMPRESSED   0x00000003   PAD
    0x20000084   COMPRESSED   0x00000018   Data   RW         1227    .data               mem.o
    0x2000009c   COMPRESSED   0x00000050   Data   RW         1292    .data               object.o
    0x200000ec   COMPRESSED   0x00000018   Data   RW         1366    .data               scheduler.o
    0x20000104   COMPRESSED   0x00000014   Data   RW         1579    .data               timer.o
    0x20000118   COMPRESSED   0x00000010   Data   RW         1688    .data               cpuport.o
    0x20000128   COMPRESSED   0x0000000d   Data   RW         1829    .data               bsp_key.o
    0x20000135   COMPRESSED   0x000001c2   Data   RW         1912    .data               bsp_oled.o
    0x200002f7   COMPRESSED   0x00000001   Data   RW         2004    .data               bsp_time.o
    0x200002f8   COMPRESSED   0x00000002   Data   RW         2114    .data               bsp_sr04.o
    0x200002fa   COMPRESSED   0x00000004   Data   RW         2180    .data               systick.o
    0x200002fe   COMPRESSED   0x00000014   Data   RW         3988    .data               stm32f10x_rcc.o
    0x20000312   COMPRESSED   0x00000002   PAD
    0x20000314   COMPRESSED   0x00000014   Data   RW         4285    .data               system_stm32f10x.o
    0x20000328   COMPRESSED   0x00000004   Data   RW         4419    .data               mc_w.l(errno.o)
    0x2000032c        -       0x0000a000   Zero   RW          340    .bss                board.o
    0x2000a32c        -       0x00000190   Zero   RW          569    .bss                key_handle.o
    0x2000a4bc        -       0x00000054   Zero   RW          617    .bss                banqiu_handle.o
    0x2000a510        -       0x00000180   Zero   RW          798    .bss                idle.o
    0x2000a690        -       0x00000080   Zero   RW         1070    .bss                kservice.o
    0x2000a710        -       0x00000020   Zero   RW         1226    .bss                mem.o
    0x2000a730        -       0x00000100   Zero   RW         1365    .bss                scheduler.o
    0x2000a830        -       0x00000280   Zero   RW         1578    .bss                timer.o
    0x2000aab0        -       0x00000840   Zero   RW         1735    .bss                bsp_usart.o
    0x2000b2f0        -       0x000000e0   Zero   RW         1910    .bss                bsp_oled.o
    0x2000b3d0        -       0x00000038   Zero   RW         2090    .bss                bsp_steer.o
    0x2000b408        -       0x00000400   Zero   RW         4264    STACK               startup_stm32f10x_hd.o


==============================================================================

Image component sizes


      Code (inc. data)   RO Data    RW Data    ZI Data      Debug   Object Name

        26          0          0          0          0       1186   auto_control.o
       164          6          0         25         84       2057   banqiu_handle.o
       378         52          0          0      40960     224326   board.o
       572         60          0         13          0       2276   bsp_key.o
        56          6          0          0          0        504   bsp_led.o
      1484         36       2072        450        224      10200   bsp_oled.o
       460         16          0          0          0       2549   bsp_pwm.o
       508         56          0          2          0       3870   bsp_sr04.o
        92         18          0          0         56        837   bsp_steer.o
       132         16          0          1          0        738   bsp_time.o
       814         64          0          0       2112       6013   bsp_usart.o
        92         12          0          4          0       1708   clock.o
       186         28         16          0          0       5624   components.o
       244         26          0          0          0        808   context_rvds.o
       588        328          0         16          0       3258   cpuport.o
      2904        806          0          8          0       6717   display.o
      1084        174          0         49          0       2694   elegun_handle.o
       220         30          0          0        384       5442   idle.o
      1024          0          0          0          0      11924   ipc.o
        64         12          0          1          0       1530   irq.o
      2432        304          0          7        400       4816   key_handle.o
      1696        164        290          0        128       8608   kservice.o
      2026       1166          0          0          0      68318   main.o
       956        224          0         24         32       3816   mem.o
       172         22          0          0          0       2241   misc.o
       300          4          0         80          0       8028   object.o
       352         22          0          0          0       4948   pos_pid_control.o
       530         88          0         24        256       8266   scheduler.o
        36          8        304          0       1024        812   startup_stm32f10x_hd.o
       130         10          0          0          0       4100   stm32f10x_dma.o
       286          0          0          0          0       3212   stm32f10x_gpio.o
        18          0          0          0          0       2563   stm32f10x_it.o
       372         50          0         20          0       6484   stm32f10x_rcc.o
      1480        156          0          0          0      14852   stm32f10x_tim.o
       460          6          0          0          0       7156   stm32f10x_usart.o
       328         28          0         20          0       2269   system_stm32f10x.o
       136         12          0          4          0       1230   systick.o
         0          0          0          9          0        342   task_readat24c02.o
       796         36          0          0          0      12114   thread.o
      1140         64          0         20        640      13696   timer.o
       164         42          0         16          0       2592   uart_handle.o

    ----------------------------------------------------------------------
     24940       4152       2720        808      46300     474724   Object Totals
         0          0         32          0          0          0   (incl. Generated)
        38          0          6         15          0          0   (incl. Padding)

    ----------------------------------------------------------------------

      Code (inc. data)   RO Data    RW Data    ZI Data      Debug   Library Member Name

       624         52         80          0          0        168   asin.o
        34          6          0          0          0        204   dunder.o
        40          0          0          0          0         68   fpclassify.o
       170          0          0          0          0         96   poly.o
        76          0          0          0          0         84   sqrt.o
        86          0          0          0          0          0   __dczerorl2.o
         0          0          0          0          0          0   entry.o
         0          0          0          0          0          0   entry10a.o
         0          0          0          0          0          0   entry11a.o
         8          4          0          0          0          0   entry2.o
         4          0          0          0          0          0   entry5.o
         0          0          0          0          0          0   entry7b.o
         0          0          0          0          0          0   entry8b.o
         8          4          0          0          0          0   entry9a.o
        12          6          0          4          0         68   errno.o
        30          0          0          0          0          0   handlers.o
        36          8          0          0          0         68   init.o
         0          0          0          0          0          0   iusefp.o
        30          0          0          0          0         68   llshl.o
        36          0          0          0          0         68   llsshr.o
        32          0          0          0          0         68   llushr.o
        36          0          0          0          0         68   memcpya.o
        36          0          0          0          0        108   memseta.o
        18          0          0          0          0         68   strcpy.o
        20          0          0          0          0         68   cfcmple.o
        20          0          0          0          0         68   cfrcmple.o
        56          0          0          0          0         88   d2f.o
       334          0          0          0          0        148   dadd.o
       222          0          0          0          0        100   ddiv.o
       186          0          0          0          0        176   depilogue.o
        50          0          0          0          0         76   dfixui.o
        34          0          0          0          0         76   dflti.o
        26          0          0          0          0         76   dfltui.o
       228          0          0          0          0         96   dmul.o
        46          0          0          0          0         80   dscalb.o
       162          0          0          0          0        100   dsqrt.o
        38          0          0          0          0         68   f2d.o
       176          0          0          0          0        140   fadd.o
       124          0          0          0          0         88   fdiv.o
       110          0          0          0          0        168   fepilogue.o
        50          0          0          0          0         68   ffixi.o
        40          0          0          0          0         68   ffixui.o
        18          0          0          0          0         68   fflti.o
        10          0          0          0          0         68   ffltui.o
       100          0          0          0          0         76   fmul.o

    ----------------------------------------------------------------------
      3372         80         80          4          0       3168   Library Totals
         6          0          0          0          0          0   (incl. Padding)

    ----------------------------------------------------------------------

      Code (inc. data)   RO Data    RW Data    ZI Data      Debug   Library Name

       944         58         80          0          0        620   m_ws.l
       372         22          0          4          0        584   mc_w.l
      2050          0          0          0          0       1964   mf_w.l

    ----------------------------------------------------------------------
      3372         80         80          4          0       3168   Library Totals

    ----------------------------------------------------------------------

==============================================================================


      Code (inc. data)   RO Data    RW Data    ZI Data      Debug   

     28312       4232       2800        812      46300     464656   Grand Totals
     28312       4232       2800        280      46300     464656   ELF Image Totals (compressed)
     28312       4232       2800        280          0          0   ROM Totals

==============================================================================

    Total RO  Size (Code + RO Data)                31112 (  30.38kB)
    Total RW  Size (RW Data + ZI Data)             47112 (  46.01kB)
    Total ROM Size (Code + RO Data + RW Data)      31392 (  30.66kB)

==============================================================================

