Component: ARM Compiler 5.06 update 6 (build 750) Tool: armlink [4d35ed]

==============================================================================

Section Cross References

    board.o(i.SysTick_Handler) refers to irq.o(i.rt_interrupt_enter) for rt_interrupt_enter
    board.o(i.SysTick_Handler) refers to clock.o(i.rt_tick_increase) for rt_tick_increase
    board.o(i.SysTick_Handler) refers to irq.o(i.rt_interrupt_leave) for rt_interrupt_leave
    board.o(i.rt_heap_begin_get) refers to board.o(.bss) for rt_heap
    board.o(i.rt_heap_end_get) refers to board.o(.bss) for rt_heap
    board.o(i.rt_hw_board_init) refers to components.o(i.rt_components_board_init) for rt_components_board_init
    board.o(i.rt_hw_board_init) refers to board.o(i.rt_heap_end_get) for rt_heap_end_get
    board.o(i.rt_hw_board_init) refers to board.o(i.rt_heap_begin_get) for rt_heap_begin_get
    board.o(i.rt_hw_board_init) refers to mem.o(i.rt_system_heap_init) for rt_system_heap_init
    board.o(i.rt_hw_board_init) refers to system_stm32f10x.o(.data) for SystemCoreClock
    display.o(i.main_Display) refers to display.o(i.main_Display_init) for main_Display_init
    display.o(i.main_Display) refers to display.o(i.task1_xxx) for task1_xxx
    display.o(i.main_Display) refers to systick.o(i.delay_ms) for delay_ms
    display.o(i.main_Display) refers to key.o(.data) for key_num
    display.o(i.main_Display_init) refers to oled.o(i.clearpage) for clearpage
    display.o(i.main_Display_init) refers to oled.o(i.updatepage) for updatepage
    display.o(i.main_Display_init) refers to oled.o(i.showpage) for showpage
    display.o(i.main_Display_init) refers to oled.o(.bss) for pagetable
    display.o(i.main_Display_init) refers to oled.o(.data) for autoRefresh
    display.o(i.task1_xxx) refers to display.o(i.task1_xxx_Display_init) for task1_xxx_Display_init
    display.o(i.task1_xxx) refers to oled.o(i.updatepage) for updatepage
    display.o(i.task1_xxx) refers to systick.o(i.delay_ms) for delay_ms
    display.o(i.task1_xxx) refers to key.o(.data) for key_num
    display.o(i.task1_xxx) refers to oled.o(.bss) for pagetable
    display.o(i.task1_xxx_Display_init) refers to oled.o(i.clearpage) for clearpage
    display.o(i.task1_xxx_Display_init) refers to oled.o(i.updatepage) for updatepage
    display.o(i.task1_xxx_Display_init) refers to oled.o(.bss) for pagetable
    display.o(i.task1_xxx_Display_init) refers to oled.o(.data) for autoRefresh
    clock.o(i.rt_tick_get) refers to clock.o(.data) for rt_tick
    clock.o(i.rt_tick_increase) refers to thread.o(i.rt_thread_self) for rt_thread_self
    clock.o(i.rt_tick_increase) refers to thread.o(i.rt_thread_yield) for rt_thread_yield
    clock.o(i.rt_tick_increase) refers to timer.o(i.rt_timer_check) for rt_timer_check
    clock.o(i.rt_tick_increase) refers to clock.o(.data) for rt_tick
    clock.o(i.rt_tick_set) refers to context_rvds.o(.text) for rt_hw_interrupt_disable
    clock.o(i.rt_tick_set) refers to clock.o(.data) for rt_tick
    components.o(i.$Sub$$main) refers to context_rvds.o(.text) for rt_hw_interrupt_disable
    components.o(i.$Sub$$main) refers to components.o(i.rtthread_startup) for rtthread_startup
    components.o(i.main_thread_entry) refers to components.o(i.rt_components_init) for rt_components_init
    components.o(i.main_thread_entry) refers to main.o(i.main) for $Super$$main
    components.o(i.rt_application_init) refers to thread.o(i.rt_thread_create) for rt_thread_create
    components.o(i.rt_application_init) refers to thread.o(i.rt_thread_startup) for rt_thread_startup
    components.o(i.rt_application_init) refers to components.o(i.main_thread_entry) for main_thread_entry
    components.o(i.rt_components_board_init) refers to components.o(.rti_fn.0.end) for __rt_init_rti_board_start
    components.o(i.rt_components_board_init) refers to components.o(.rti_fn.1.end) for __rt_init_rti_board_end
    components.o(i.rt_components_init) refers to components.o(.rti_fn.1.end) for __rt_init_rti_board_end
    components.o(i.rt_components_init) refers to components.o(.rti_fn.6.end) for __rt_init_rti_end
    components.o(i.rtthread_startup) refers to context_rvds.o(.text) for rt_hw_interrupt_disable
    components.o(i.rtthread_startup) refers to board.o(i.rt_hw_board_init) for rt_hw_board_init
    components.o(i.rtthread_startup) refers to kservice.o(i.rt_show_version) for rt_show_version
    components.o(i.rtthread_startup) refers to timer.o(i.rt_system_timer_init) for rt_system_timer_init
    components.o(i.rtthread_startup) refers to scheduler.o(i.rt_system_scheduler_init) for rt_system_scheduler_init
    components.o(i.rtthread_startup) refers to components.o(i.rt_application_init) for rt_application_init
    components.o(i.rtthread_startup) refers to timer.o(i.rt_system_timer_thread_init) for rt_system_timer_thread_init
    components.o(i.rtthread_startup) refers to idle.o(i.rt_thread_idle_init) for rt_thread_idle_init
[...]
    Removing display.o(i.task1_xxx_Display_init), (152 bytes).
    Removing clock.o(i.rt_system_tick_init), (2 bytes).
    Removing clock.o(i.rt_tick_from_millisecond), (32 bytes).
    Removing clock.o(i.rt_tick_set), (28 bytes).
    Removing idle.o(i.rt_thread_idle_gethandler), (8 bytes).
    Removing ipc.o(i.rt_event_control), (54 bytes).
    Removing ipc.o(i.rt_event_create), (38 bytes).
    Removing ipc.o(i.rt_event_delete), (22 bytes).
    Removing ipc.o(i.rt_event_detach), (22 bytes).
    Removing ipc.o(i.rt_event_init), (32 bytes).
    Removing ipc.o(i.rt_event_recv), (218 bytes).
    Removing ipc.o(i.rt_event_send), (180 bytes).
    Removing ipc.o(i.rt_ipc_list_resume_all), (50 bytes).
    Removing ipc.o(i.rt_mb_control), (66 bytes).
    Removing ipc.o(i.rt_mb_create), (82 bytes).
    Removing ipc.o(i.rt_mb_delete), (36 bytes).
    Removing ipc.o(i.rt_mb_detach), (30 bytes).
    Removing ipc.o(i.rt_mb_init), (62 bytes).
    Removing ipc.o(i.rt_mb_recv), (244 bytes).
    Removing ipc.o(i.rt_mb_send), (18 bytes).
    Removing ipc.o(i.rt_mb_send_wait), (246 bytes).
    Removing ipc.o(i.rt_sem_control), (54 bytes).
    Removing ipc.o(i.rt_sem_create), (42 bytes).
    Removing ipc.o(i.rt_sem_delete), (22 bytes).
    Removing ipc.o(i.rt_sem_detach), (22 bytes).
    Removing ipc.o(i.rt_sem_trytake), (14 bytes).
    Removing irq.o(i.rt_interrupt_get_nest), (12 bytes).
    Removing kservice.o(i._rt_errno), (36 bytes).
    Removing kservice.o(i.rt_free_align), (16 bytes).
    Removing kservice.o(i.rt_get_errno), (36 bytes).
    Removing kservice.o(i.rt_kputs), (18 bytes).
    Removing kservice.o(i.rt_malloc_align), (66 bytes).
    Removing kservice.o(i.rt_memcmp), (38 bytes).
    Removing kservice.o(i.rt_memcpy), (124 bytes).
    Removing kservice.o(i.rt_memmove), (66 bytes).
    Removing kservice.o(i.rt_set_errno), (40 bytes).
    Removing kservice.o(i.rt_snprintf), (38 bytes).
    Removing kservice.o(i.rt_sprintf), (34 bytes).
    Removing kservice.o(i.rt_strcasecmp), (48 bytes).
    Removing kservice.o(i.rt_strcmp), (28 bytes).
    Removing kservice.o(i.rt_strdup), (40 bytes).
    Removing kservice.o(i.rt_strncmp), (40 bytes).
    Removing kservice.o(i.rt_strnlen), (24 bytes).
    Removing kservice.o(i.rt_strstr), (58 bytes).
    Removing kservice.o(i.rt_vsprintf), (22 bytes).
    Removing kservice.o(.data), (4 bytes).
    Removing mem.o(i.rt_calloc), (34 bytes).
    Removing mem.o(i.rt_memory_info), (40 bytes).
    Removing mem.o(i.rt_realloc), (296 bytes).
    Removing object.o(i.rt_object_find), (86 bytes).
    Removing object.o(i.rt_object_get_type), (10 bytes).
    Removing object.o(i.rt_system_object_init), (2 bytes).
    Removing scheduler.o(i.rt_critical_level), (12 bytes).
    Removing thread.o(i.rt_thread_control), (118 bytes).
    Removing thread.o(i.rt_thread_delete), (64 bytes).
    Removing thread.o(i.rt_thread_detach), (76 bytes).
    Removing thread.o(i.rt_thread_find), (82 bytes).
    Removing thread.o(i.rt_thread_mdelay), (20 bytes).
    Removing timer.o(i.rt_timer_create), (54 bytes).
    Removing timer.o(i.rt_timer_delete), (32 bytes).
    Removing timer.o(i.rt_timer_next_timeout_tick), (16 bytes).
    Removing cpuport.o(i.rt_hw_cpu_reset), (16 bytes).
    Removing cpuport.o(i.rt_hw_cpu_shutdown), (28 bytes).
    Removing cpuport.o(i.rt_hw_exception_install), (12 bytes).
    Removing led.o(i.LED_Init), (52 bytes).
    Removing led.o(i.LED_Turn0), (16 bytes).
    Removing led.o(i.LED_Turn1), (16 bytes).
    Removing oled.o(i.OLED_Display_Off), (28 bytes).
    Removing oled.o(i.OLED_Display_On), (28 bytes).
    Removing oled.o(i.OLED_DrawBMP), (118 bytes).
    Removing oled.o(i.OLED_Init), (408 bytes).
    Removing oled.o(i.OLED_ShowCHinese), (104 bytes).
    Removing oled.o(i.clearpage), (48 bytes).
    Removing oled.o(i.updatepage), (52 bytes).
    Removing pwm.o(i.TIM3_CH12_steer_PWM_Init), (212 bytes).
    Removing pwm.o(i.set_steerDuty), (68 bytes).
    Removing pwm.o(i.steerFrequency_Init), (36 bytes).
    Removing pwm.o(.data), (2 bytes).
    Removing time.o(i.TIM2_Init), (100 bytes).
    Removing key.o(i.KEY_Init), (44 bytes).
    Removing sys.o(i.NVIC_Configuration), (12 bytes).
    Removing systick.o(i.SysTick_Init), (60 bytes).
    Removing systick.o(i.delay_us), (76 bytes).
    Removing stm32f10x_exti.o(i.EXTI_ClearFlag), (12 bytes).
    Removing stm32f10x_exti.o(i.EXTI_ClearITPendingBit), (12 bytes).
    Removing stm32f10x_exti.o(i.EXTI_DeInit), (36 bytes).
    Removing stm32f10x_exti.o(i.EXTI_GenerateSWInterrupt), (16 bytes).
    Removing stm32f10x_exti.o(i.EXTI_GetFlagStatus), (24 bytes).
    Removing stm32f10x_exti.o(i.EXTI_GetITStatus), (40 bytes).
    Removing stm32f10x_exti.o(i.EXTI_Init), (148 bytes).
    Removing stm32f10x_exti.o(i.EXTI_StructInit), (16 bytes).
    Removing stm32f10x_gpio.o(i.GPIO_AFIODeInit), (20 bytes).
    Removing stm32f10x_gpio.o(i.GPIO_DeInit), (200 bytes).
    Removing stm32f10x_gpio.o(i.GPIO_ETH_MediaInterfaceConfig), (12 bytes).
    Removing stm32f10x_gpio.o(i.GPIO_EXTILineConfig), (64 bytes).
    Removing stm32f10x_gpio.o(i.GPIO_EventOutputCmd), (12 bytes).
    Removing stm32f10x_gpio.o(i.GPIO_EventOutputConfig), (32 bytes).
    Removing stm32f10x_gpio.o(i.GPIO_Init), (278 bytes).
    Removing stm32f10x_gpio.o(i.GPIO_PinLockConfig), (18 bytes).
    Removing stm32f10x_gpio.o(i.GPIO_PinRemapConfig), (144 bytes).
    Removing stm32f10x_gpio.o(i.GPIO_ReadInputData), (8 bytes).
    Removing stm32f10x_gpio.o(i.GPIO_ReadInputDataBit), (18 bytes).
    Removing stm32f10x_gpio.o(i.GPIO_ReadOutputData), (8 bytes).
    Removing stm32f10x_gpio.o(i.GPIO_ReadOutputDataBit), (18 bytes).
    Removing stm32f10x_gpio.o(i.GPIO_StructInit), (16 bytes).
    Removing stm32f10x_gpio.o(i.GPIO_Write), (4 bytes).
    Removing stm32f10x_gpio.o(i.GPIO_WriteBit), (10 bytes).
    Removing stm32f10x_i2c.o(i.I2C_ARPCmd), (24 bytes).
    Removing stm32f10x_i2c.o(i.I2C_AcknowledgeConfig), (24 bytes).
    Removing stm32f10x_i2c.o(i.I2C_CalculatePEC), (24 bytes).
    Removing stm32f10x_i2c.o(i.I2C_CheckEvent), (42 bytes).
    Removing stm32f10x_i2c.o(i.I2C_ClearFlag), (12 bytes).
    Removing stm32f10x_i2c.o(i.I2C_ClearITPendingBit), (12 bytes).
    Removing stm32f10x_i2c.o(i.I2C_Cmd), (24 bytes).
    Removing stm32f10x_i2c.o(i.I2C_DMACmd), (24 bytes).
    Removing stm32f10x_i2c.o(i.I2C_DMALastTransferCmd), (24 bytes).
    Removing stm32f10x_i2c.o(i.I2C_DeInit), (56 bytes).
    Removing stm32f10x_i2c.o(i.I2C_DualAddressCmd), (24 bytes).
    Removing stm32f10x_i2c.o(i.I2C_FastModeDutyCycleConfig), (28 bytes).
    Removing stm32f10x_i2c.o(i.I2C_GeneralCallCmd), (24 bytes).
    Removing stm32f10x_i2c.o(i.I2C_GenerateSTART), (24 bytes).
    Removing stm32f10x_i2c.o(i.I2C_GenerateSTOP), (24 bytes).
    Removing stm32f10x_i2c.o(i.I2C_GetFlagStatus), (58 bytes).
    Removing stm32f10x_i2c.o(i.I2C_GetITStatus), (38 bytes).
    Removing stm32f10x_i2c.o(i.I2C_GetLastEvent), (26 bytes).
    Removing stm32f10x_i2c.o(i.I2C_GetPEC), (8 bytes).
    Removing stm32f10x_i2c.o(i.I2C_ITConfig), (18 bytes).
    Removing stm32f10x_i2c.o(i.I2C_Init), (236 bytes).
    Removing stm32f10x_i2c.o(i.I2C_NACKPositionConfig), (28 bytes).
    Removing stm32f10x_i2c.o(i.I2C_OwnAddress2Config), (22 bytes).
    Removing stm32f10x_i2c.o(i.I2C_PECPositionConfig), (28 bytes).
    Removing stm32f10x_i2c.o(i.I2C_ReadRegister), (22 bytes).
    Removing stm32f10x_i2c.o(i.I2C_ReceiveData), (8 bytes).
    Removing stm32f10x_i2c.o(i.I2C_SMBusAlertConfig), (28 bytes).
    Removing stm32f10x_i2c.o(i.I2C_Send7bitAddress), (18 bytes).
    Removing stm32f10x_i2c.o(i.I2C_SendData), (4 bytes).
    Removing stm32f10x_i2c.o(i.I2C_SoftwareResetCmd), (22 bytes).
    Removing stm32f10x_i2c.o(i.I2C_StretchClockCmd), (24 bytes).
    Removing stm32f10x_i2c.o(i.I2C_StructInit), (30 bytes).
    Removing stm32f10x_i2c.o(i.I2C_TransmitPEC), (24 bytes).
    Removing stm32f10x_pwr.o(i.PWR_BackupAccessCmd), (12 bytes).
    Removing stm32f10x_pwr.o(i.PWR_ClearFlag), (20 bytes).
    Removing stm32f10x_pwr.o(i.PWR_DeInit), (22 bytes).
    Removing stm32f10x_pwr.o(i.PWR_EnterSTANDBYMode), (52 bytes).
    Removing stm32f10x_pwr.o(i.PWR_EnterSTOPMode), (64 bytes).
    Removing stm32f10x_pwr.o(i.PWR_GetFlagStatus), (24 bytes).
    Removing stm32f10x_pwr.o(i.PWR_PVDCmd), (12 bytes).
    Removing stm32f10x_pwr.o(i.PWR_PVDLevelConfig), (24 bytes).
    Removing stm32f10x_pwr.o(i.PWR_WakeUpPinCmd), (12 bytes).
    Removing stm32f10x_sdio.o(i.SDIO_CEATAITCmd), (16 bytes).
    Removing stm32f10x_sdio.o(i.SDIO_ClearFlag), (12 bytes).
    Removing stm32f10x_sdio.o(i.SDIO_ClearITPendingBit), (12 bytes).
    Removing stm32f10x_sdio.o(i.SDIO_ClockCmd), (12 bytes).
    Removing stm32f10x_sdio.o(i.SDIO_CmdStructInit), (14 bytes).
    Removing stm32f10x_sdio.o(i.SDIO_CommandCompletionCmd), (12 bytes).
    Removing stm32f10x_sdio.o(i.SDIO_DMACmd), (12 bytes).
    Removing stm32f10x_sdio.o(i.SDIO_DataConfig), (48 bytes).
    Removing stm32f10x_sdio.o(i.SDIO_DataStructInit), (20 bytes).
    Removing stm32f10x_sdio.o(i.SDIO_DeInit), (36 bytes).
    Removing stm32f10x_sdio.o(i.SDIO_GetCommandResponse), (12 bytes).
    Removing stm32f10x_sdio.o(i.SDIO_GetDataCounter), (12 bytes).
    Removing stm32f10x_sdio.o(i.SDIO_GetFIFOCount), (12 bytes).
    Removing stm32f10x_sdio.o(i.SDIO_GetFlagStatus), (24 bytes).
    Removing stm32f10x_sdio.o(i.SDIO_GetITStatus), (24 bytes).
    Removing stm32f10x_sdio.o(i.SDIO_GetPowerState), (16 bytes).
    Removing stm32f10x_sdio.o(i.SDIO_GetResponse), (24 bytes).
    Removing stm32f10x_sdio.o(i.SDIO_ITConfig), (32 bytes).
    Removing stm32f10x_sdio.o(i.SDIO_Init), (48 bytes).
    Removing stm32f10x_sdio.o(i.SDIO_ReadData), (12 bytes).
    Removing stm32f10x_sdio.o(i.SDIO_SendCEATACmd), (12 bytes).
    Removing stm32f10x_sdio.o(i.SDIO_SendCommand), (44 bytes).
    Removing stm32f10x_sdio.o(i.SDIO_SendSDIOSuspendCmd), (12 bytes).
    Removing stm32f10x_sdio.o(i.SDIO_SetPowerState), (28 bytes).
    Removing stm32f10x_sdio.o(i.SDIO_SetSDIOOperation), (12 bytes).
    Removing stm32f10x_sdio.o(i.SDIO_SetSDIOReadWaitMode), (12 bytes).
    Removing stm32f10x_sdio.o(i.SDIO_StartSDIOReadWait), (12 bytes).
    Removing stm32f10x_sdio.o(i.SDIO_StopSDIOReadWait), (12 bytes).
    Removing stm32f10x_sdio.o(i.SDIO_StructInit), (16 bytes).
    Removing stm32f10x_sdio.o(i.SDIO_WriteData), (12 bytes).
    Removing stm32f10x_spi.o(i.I2S_Cmd), (24 bytes).
    Removing stm32f10x_spi.o(i.I2S_Init), (232 bytes).
    Removing stm32f10x_spi.o(i.I2S_StructInit), (20 bytes).
    Removing stm32f10x_spi.o(i.SPI_BiDirectionalLineConfig), (28 bytes).
    Removing stm32f10x_spi.o(i.SPI_CalculateCRC), (24 bytes).
    Removing stm32f10x_spi.o(i.SPI_Cmd), (24 bytes).
    Removing stm32f10x_spi.o(i.SPI_DataSizeConfig), (18 bytes).
    Removing stm32f10x_spi.o(i.SPI_GetCRC), (16 bytes).
    Removing stm32f10x_spi.o(i.SPI_GetCRCPolynomial), (6 bytes).
    Removing stm32f10x_spi.o(i.SPI_I2S_ClearFlag), (6 bytes).
    Removing stm32f10x_spi.o(i.SPI_I2S_ClearITPendingBit), (20 bytes).
    Removing stm32f10x_spi.o(i.SPI_I2S_DMACmd), (18 bytes).
    Removing stm32f10x_spi.o(i.SPI_I2S_DeInit), (88 bytes).
    Removing stm32f10x_spi.o(i.SPI_I2S_GetFlagStatus), (18 bytes).
    Removing stm32f10x_spi.o(i.SPI_I2S_GetITStatus), (52 bytes).
    Removing stm32f10x_spi.o(i.SPI_I2S_ITConfig), (32 bytes).
    Removing stm32f10x_spi.o(i.SPI_I2S_ReceiveData), (6 bytes).
    Removing stm32f10x_spi.o(i.SPI_I2S_SendData), (4 bytes).
    Removing stm32f10x_spi.o(i.SPI_Init), (60 bytes).
    Removing stm32f10x_spi.o(i.SPI_NSSInternalSoftwareConfig), (30 bytes).
    Removing stm32f10x_spi.o(i.SPI_SSOutputCmd), (24 bytes).
    Removing stm32f10x_spi.o(i.SPI_StructInit), (24 bytes).
    Removing stm32f10x_spi.o(i.SPI_TransmitCRC), (10 bytes).
    Removing stm32f10x_tim.o(i.TI1_Config), (128 bytes).
    Removing stm32f10x_tim.o(i.TI2_Config), (152 bytes).
    Removing stm32f10x_tim.o(i.TI3_Config), (144 bytes).
    Removing stm32f10x_tim.o(i.TI4_Config), (152 bytes).
    Removing stm32f10x_tim.o(i.TIM_ARRPreloadConfig), (24 bytes).
    Removing stm32f10x_tim.o(i.TIM_BDTRConfig), (32 bytes).
    Removing stm32f10x_tim.o(i.TIM_BDTRStructInit), (18 bytes).
    Removing stm32f10x_tim.o(i.TIM_CCPreloadControl), (24 bytes).
    Removing stm32f10x_tim.o(i.TIM_CCxCmd), (30 bytes).
    Removing stm32f10x_tim.o(i.TIM_CCxNCmd), (30 bytes).
    Removing stm32f10x_tim.o(i.TIM_ClearFlag), (6 bytes).
    Removing stm32f10x_tim.o(i.TIM_ClearOC1Ref), (18 bytes).
    Removing stm32f10x_tim.o(i.TIM_ClearOC2Ref), (24 bytes).
    Removing stm32f10x_tim.o(i.TIM_ClearOC3Ref), (18 bytes).
    Removing stm32f10x_tim.o(i.TIM_ClearOC4Ref), (24 bytes).
    Removing stm32f10x_tim.o(i.TIM_Cmd), (24 bytes).
    Removing stm32f10x_tim.o(i.TIM_CounterModeConfig), (18 bytes).
    Removing stm32f10x_tim.o(i.TIM_CtrlPWMOutputs), (30 bytes).
    Removing stm32f10x_tim.o(i.TIM_DMACmd), (18 bytes).
    Removing stm32f10x_tim.o(i.TIM_DMAConfig), (10 bytes).
    Removing stm32f10x_tim.o(i.TIM_DeInit), (488 bytes).
    Removing stm32f10x_tim.o(i.TIM_ETRClockMode1Config), (54 bytes).
    Removing stm32f10x_tim.o(i.TIM_ETRClockMode2Config), (32 bytes).
    Removing stm32f10x_tim.o(i.TIM_ETRConfig), (28 bytes).
    Removing stm32f10x_tim.o(i.TIM_EncoderInterfaceConfig), (66 bytes).
    Removing stm32f10x_tim.o(i.TIM_ForcedOC1Config), (18 bytes).
    Removing stm32f10x_tim.o(i.TIM_ForcedOC2Config), (26 bytes).
    Removing stm32f10x_tim.o(i.TIM_ForcedOC3Config), (18 bytes).
    Removing stm32f10x_tim.o(i.TIM_ForcedOC4Config), (26 bytes).
    Removing stm32f10x_tim.o(i.TIM_GenerateEvent), (4 bytes).
    Removing stm32f10x_tim.o(i.TIM_GetCapture1), (6 bytes).
    Removing stm32f10x_tim.o(i.TIM_GetCapture2), (6 bytes).
    Removing stm32f10x_tim.o(i.TIM_GetCapture3), (6 bytes).
    Removing stm32f10x_tim.o(i.TIM_GetCapture4), (8 bytes).
    Removing stm32f10x_tim.o(i.TIM_GetCounter), (6 bytes).
    Removing stm32f10x_tim.o(i.TIM_GetFlagStatus), (18 bytes).
    Removing stm32f10x_tim.o(i.TIM_GetPrescaler), (6 bytes).
    Removing stm32f10x_tim.o(i.TIM_ICInit), (172 bytes).
    Removing stm32f10x_tim.o(i.TIM_ICStructInit), (18 bytes).
    Removing stm32f10x_tim.o(i.TIM_ITConfig), (18 bytes).
    Removing stm32f10x_tim.o(i.TIM_ITRxExternalClockConfig), (24 bytes).
    Removing stm32f10x_tim.o(i.TIM_InternalClockConfig), (12 bytes).
    Removing stm32f10x_tim.o(i.TIM_OC1FastConfig), (18 bytes).
    Removing stm32f10x_tim.o(i.TIM_OC1Init), (152 bytes).
    Removing stm32f10x_tim.o(i.TIM_OC1NPolarityConfig), (18 bytes).
    Removing stm32f10x_tim.o(i.TIM_OC1PolarityConfig), (18 bytes).
    Removing stm32f10x_tim.o(i.TIM_OC1PreloadConfig), (18 bytes).
    Removing stm32f10x_tim.o(i.TIM_OC2FastConfig), (26 bytes).
    Removing stm32f10x_tim.o(i.TIM_OC2Init), (164 bytes).
    Removing stm32f10x_tim.o(i.TIM_OC2NPolarityConfig), (26 bytes).
    Removing stm32f10x_tim.o(i.TIM_OC2PolarityConfig), (26 bytes).
    Removing stm32f10x_tim.o(i.TIM_OC2PreloadConfig), (26 bytes).
    Removing stm32f10x_tim.o(i.TIM_OC3FastConfig), (18 bytes).
    Removing stm32f10x_tim.o(i.TIM_OC3Init), (160 bytes).
    Removing stm32f10x_tim.o(i.TIM_OC3NPolarityConfig), (26 bytes).
    Removing stm32f10x_tim.o(i.TIM_OC3PolarityConfig), (26 bytes).
    Removing stm32f10x_tim.o(i.TIM_OC3PreloadConfig), (18 bytes).
    Removing stm32f10x_tim.o(i.TIM_OC4FastConfig), (26 bytes).
    Removing stm32f10x_tim.o(i.TIM_OC4Init), (124 bytes).
    Removing stm32f10x_tim.o(i.TIM_OC4PolarityConfig), (26 bytes).
    Removing stm32f10x_tim.o(i.TIM_OC4PreloadConfig), (26 bytes).
    Removing stm32f10x_tim.o(i.TIM_OCStructInit), (20 bytes).
    Removing stm32f10x_tim.o(i.TIM_PWMIConfig), (124 bytes).
    Removing stm32f10x_tim.o(i.TIM_PrescalerConfig), (6 bytes).
    Removing stm32f10x_tim.o(i.TIM_SelectCCDMA), (24 bytes).
    Removing stm32f10x_tim.o(i.TIM_SelectCOM), (24 bytes).
    Removing stm32f10x_tim.o(i.TIM_SelectHallSensor), (24 bytes).
    Removing stm32f10x_tim.o(i.TIM_SelectInputTrigger), (18 bytes).
    Removing stm32f10x_tim.o(i.TIM_SelectMasterSlaveMode), (18 bytes).
    Removing stm32f10x_tim.o(i.TIM_SelectOCxM), (82 bytes).
    Removing stm32f10x_tim.o(i.TIM_SelectOnePulseMode), (18 bytes).
    Removing stm32f10x_tim.o(i.TIM_SelectOutputTrigger), (18 bytes).
    Removing stm32f10x_tim.o(i.TIM_SelectSlaveMode), (18 bytes).
    Removing stm32f10x_tim.o(i.TIM_SetAutoreload), (4 bytes).
    Removing stm32f10x_tim.o(i.TIM_SetClockDivision), (18 bytes).
    Removing stm32f10x_tim.o(i.TIM_SetCompare1), (4 bytes).
    Removing stm32f10x_tim.o(i.TIM_SetCompare2), (4 bytes).
    Removing stm32f10x_tim.o(i.TIM_SetCompare3), (4 bytes).
    Removing stm32f10x_tim.o(i.TIM_SetCompare4), (6 bytes).
    Removing stm32f10x_tim.o(i.TIM_SetCounter), (4 bytes).
    Removing stm32f10x_tim.o(i.TIM_SetIC1Prescaler), (18 bytes).
    Removing stm32f10x_tim.o(i.TIM_SetIC2Prescaler), (26 bytes).
    Removing stm32f10x_tim.o(i.TIM_SetIC3Prescaler), (18 bytes).
    Removing stm32f10x_tim.o(i.TIM_SetIC4Prescaler), (26 bytes).
    Removing stm32f10x_tim.o(i.TIM_TIxExternalClockConfig), (62 bytes).
    Removing stm32f10x_tim.o(i.TIM_TimeBaseInit), (164 bytes).
    Removing stm32f10x_tim.o(i.TIM_TimeBaseStructInit), (18 bytes).
    Removing stm32f10x_tim.o(i.TIM_UpdateDisableConfig), (24 bytes).
    Removing stm32f10x_tim.o(i.TIM_UpdateRequestConfig), (24 bytes).
    Removing stm32f10x_usart.o(i.USART_ClearFlag), (18 bytes).
    Removing stm32f10x_usart.o(i.USART_ClearITPendingBit), (30 bytes).
    Removing stm32f10x_usart.o(i.USART_ClockInit), (34 bytes).
    Removing stm32f10x_usart.o(i.USART_ClockStructInit), (12 bytes).
    Removing stm32f10x_usart.o(i.USART_Cmd), (24 bytes).
    Removing stm32f10x_usart.o(i.USART_DMACmd), (18 bytes).
    Removing stm32f10x_usart.o(i.USART_DeInit), (156 bytes).
    Removing stm32f10x_usart.o(i.USART_GetFlagStatus), (26 bytes).
    Removing stm32f10x_usart.o(i.USART_GetITStatus), (84 bytes).
    Removing stm32f10x_usart.o(i.USART_HalfDuplexCmd), (24 bytes).
    Removing stm32f10x_usart.o(i.USART_ITConfig), (74 bytes).
    Removing stm32f10x_usart.o(i.USART_Init), (216 bytes).
    Removing stm32f10x_usart.o(i.USART_IrDACmd), (24 bytes).
    Removing stm32f10x_usart.o(i.USART_IrDAConfig), (18 bytes).
    Removing stm32f10x_usart.o(i.USART_LINBreakDetectLengthConfig), (18 bytes).
    Removing stm32f10x_usart.o(i.USART_LINCmd), (24 bytes).
    Removing stm32f10x_usart.o(i.USART_OneBitMethodCmd), (24 bytes).
    Removing stm32f10x_usart.o(i.USART_OverSampling8Cmd), (22 bytes).
    Removing stm32f10x_usart.o(i.USART_ReceiveData), (10 bytes).
    Removing stm32f10x_usart.o(i.USART_ReceiverWakeUpCmd), (24 bytes).
    Removing stm32f10x_usart.o(i.USART_SendBreak), (10 bytes).
    Removing stm32f10x_usart.o(i.USART_SendData), (8 bytes).
    Removing stm32f10x_usart.o(i.USART_SetAddress), (18 bytes).
    Removing stm32f10x_usart.o(i.USART_SetGuardTime), (16 bytes).
    Removing stm32f10x_usart.o(i.USART_SetPrescaler), (16 bytes).
    Removing stm32f10x_usart.o(i.USART_SmartCardCmd), (24 bytes).
    Removing stm32f10x_usart.o(i.USART_SmartCardNACKCmd), (24 bytes).
    Removing stm32f10x_usart.o(i.USART_StructInit), (24 bytes).
    Removing stm32f10x_usart.o(i.USART_WakeUpConfig), (18 bytes).
    Removing stm32f10x_rcc.o(i.RCC_ADCCLKConfig), (24 bytes).
    Removing stm32f10x_rcc.o(i.RCC_AHBPeriphClockCmd), (32 bytes).
    Removing stm32f10x_rcc.o(i.RCC_APB1PeriphClockCmd), (32 bytes).
    Removing stm32f10x_rcc.o(i.RCC_APB1PeriphResetCmd), (32 bytes).
    Removing stm32f10x_rcc.o(i.RCC_APB2PeriphClockCmd), (32 bytes).
    Removing stm32f10x_rcc.o(i.RCC_APB2PeriphResetCmd), (32 bytes).
    Removing stm32f10x_rcc.o(i.RCC_AdjustHSICalibrationValue), (24 bytes).
    Removing stm32f10x_rcc.o(i.RCC_BackupResetCmd), (12 bytes).
    Removing stm32f10x_rcc.o(i.RCC_ClearFlag), (20 bytes).
    Removing stm32f10x_rcc.o(i.RCC_ClearITPendingBit), (12 bytes).
    Removing stm32f10x_rcc.o(i.RCC_ClockSecuritySystemCmd), (12 bytes).
    Removing stm32f10x_rcc.o(i.RCC_DeInit), (76 bytes).
    Removing stm32f10x_rcc.o(i.RCC_GetClocksFreq), (212 bytes).
    Removing stm32f10x_rcc.o(i.RCC_GetFlagStatus), (60 bytes).
    Removing stm32f10x_rcc.o(i.RCC_GetITStatus), (24 bytes).
    Removing stm32f10x_rcc.o(i.RCC_GetSYSCLKSource), (16 bytes).
    Removing stm32f10x_rcc.o(i.RCC_HCLKConfig), (24 bytes).
    Removing stm32f10x_rcc.o(i.RCC_HSEConfig), (76 bytes).
    Removing stm32f10x_rcc.o(i.RCC_HSICmd), (12 bytes).
    Removing stm32f10x_rcc.o(i.RCC_ITConfig), (32 bytes).
    Removing stm32f10x_rcc.o(i.RCC_LSEConfig), (52 bytes).
    Removing stm32f10x_rcc.o(i.RCC_LSICmd), (12 bytes).
    Removing stm32f10x_rcc.o(i.RCC_MCOConfig), (12 bytes).
    Removing stm32f10x_rcc.o(i.RCC_PCLK1Config), (24 bytes).
    Removing stm32f10x_rcc.o(i.RCC_PCLK2Config), (24 bytes).
    Removing stm32f10x_rcc.o(i.RCC_PLLCmd), (12 bytes).
    Removing stm32f10x_rcc.o(i.RCC_PLLConfig), (28 bytes).
    Removing stm32f10x_rcc.o(i.RCC_RTCCLKCmd), (12 bytes).
    Removing stm32f10x_rcc.o(i.RCC_RTCCLKConfig), (16 bytes).
    Removing stm32f10x_rcc.o(i.RCC_SYSCLKConfig), (24 bytes).
    Removing stm32f10x_rcc.o(i.RCC_USBCLKConfig), (12 bytes).
    Removing stm32f10x_rcc.o(i.RCC_WaitForHSEStartUp), (56 bytes).
    Removing stm32f10x_rcc.o(.data), (20 bytes).
    Removing misc.o(i.NVIC_Init), (112 bytes).
    Removing misc.o(i.NVIC_PriorityGroupConfig), (20 bytes).
    Removing misc.o(i.NVIC_SetVectorTable), (20 bytes).
    Removing misc.o(i.NVIC_SystemLPConfig), (32 bytes).
    Removing misc.o(i.SysTick_CLKSourceConfig), (40 bytes).
    Removing startup_stm32f10x_hd.o(HEAP), (512 bytes).
    Removing core_cm3.o(.emb_text), (32 bytes).
    Removing system_stm32f10x.o(i.SystemCoreClockUpdate), (164 bytes).

366 unused section(s) (total 16092 bytes) removed from the image.

==============================================================================

Image Symbol Table

    Local Symbols

    Symbol Name                              Value     Ov Type        Size  Object(Section)

    ../clib/../cmprslib/zerorunl2.c          0x00000000   Number         0  __dczerorl2.o ABSOLUTE
    ../clib/microlib/init/entry.s            0x00000000   Number         0  entry10a.o ABSOLUTE
    ../clib/microlib/init/entry.s            0x00000000   Number         0  entry11a.o ABSOLUTE
    ../clib/microlib/init/entry.s            0x00000000   Number         0  entry10b.o ABSOLUTE
    ../clib/microlib/init/entry.s            0x00000000   Number         0  entry.o ABSOLUTE
    ../clib/microlib/init/entry.s            0x00000000   Number         0  entry2.o ABSOLUTE
    ../clib/microlib/init/entry.s            0x00000000   Number         0  entry5.o ABSOLUTE
    ../clib/microlib/init/entry.s            0x00000000   Number         0  entry7a.o ABSOLUTE
    ../clib/microlib/init/entry.s            0x00000000   Number         0  entry7b.o ABSOLUTE
    ../clib/microlib/init/entry.s            0x00000000   Number         0  entry8a.o ABSOLUTE
    ../clib/microlib/init/entry.s            0x00000000   Number         0  entry8b.o ABSOLUTE
    ../clib/microlib/init/entry.s            0x00000000   Number         0  entry9a.o ABSOLUTE
    ../clib/microlib/init/entry.s            0x00000000   Number         0  entry9b.o ABSOLUTE
    ../clib/microlib/init/entry.s            0x00000000   Number         0  entry11b.o ABSOLUTE
    ../clib/microlib/string/strcpy.c         0x00000000   Number         0  strcpy.o ABSOLUTE
    App\Display\display.c                    0x00000000   Number         0  display.o ABSOLUTE
    Libraries\CMSIS\core_cm3.c               0x00000000   Number         0  core_cm3.o ABSOLUTE
    Libraries\CMSIS\startup_stm32f10x_hd.s   0x00000000   Number         0  startup_stm32f10x_hd.o ABSOLUTE
    Libraries\CMSIS\system_stm32f10x.c       0x00000000   Number         0  system_stm32f10x.o ABSOLUTE
    Libraries\STM32F10x_StdPeriph_Driver\src\misc.c 0x00000000   Number         0  misc.o ABSOLUTE
    Libraries\STM32F10x_StdPeriph_Driver\src\stm32f10x_exti.c 0x00000000   Number         0  stm32f10x_exti.o ABSOLUTE
    Libraries\STM32F10x_StdPeriph_Driver\src\stm32f10x_gpio.c 0x00000000   Number         0  stm32f10x_gpio.o ABSOLUTE
    Libraries\STM32F10x_StdPeriph_Driver\src\stm32f10x_i2c.c 0x00000000   Number         0  stm32f10x_i2c.o ABSOLUTE
    Libraries\STM32F10x_StdPeriph_Driver\src\stm32f10x_pwr.c 0x00000000   Number         0  stm32f10x_pwr.o ABSOLUTE
    Libraries\STM32F10x_StdPeriph_Driver\src\stm32f10x_rcc.c 0x00000000   Number         0  stm32f10x_rcc.o ABSOLUTE
    Libraries\STM32F10x_StdPeriph_Driver\src\stm32f10x_sdio.c 0x00000000   Number         0  stm32f10x_sdio.o ABSOLUTE
    Libraries\STM32F10x_StdPeriph_Driver\src\stm32f10x_spi.c 0x00000000   Number         0  stm32f10x_spi.o ABSOLUTE
    Libraries\STM32F10x_StdPeriph_Driver\src\stm32f10x_tim.c 0x00000000   Number         0  stm32f10x_tim.o ABSOLUTE
    Libraries\STM32F10x_StdPeriph_Driver\src\stm32f10x_usart.c 0x00000000   Number         0  stm32f10x_usart.o ABSOLUTE
    Libraries\\CMSIS\\core_cm3.c             0x00000000   Number         0  core_cm3.o ABSOLUTE
    Peripheral\OLED\oled.c                   0x00000000   Number         0  oled.o ABSOLUTE
    Peripheral\key\key.c                     0x00000000   Number         0  key.o ABSOLUTE
    Peripheral\led\led.c                     0x00000000   Number         0  led.o ABSOLUTE
    Peripheral\pwm\pwm.c                     0x00000000   Number         0  pwm.o ABSOLUTE
    Peripheral\time\time.c                   0x00000000   Number         0  time.o ABSOLUTE
    Public\SysTick.c                         0x00000000   Number         0  systick.o ABSOLUTE
    Public\sys.c                             0x00000000   Number         0  sys.o ABSOLUTE
    RT-Thread\bsp\board.c                    0x00000000   Number         0  board.o ABSOLUTE
    RT-Thread\libcpu\arm\cortex-m3\context_rvds.S 0x00000000   Number         0  context_rvds.o ABSOLUTE
    RT-Thread\libcpu\arm\cortex-m3\cpuport.c 0x00000000   Number         0  cpuport.o ABSOLUTE
    RT-Thread\src\clock.c                    0x00000000   Number         0  clock.o ABSOLUTE
    RT-Thread\src\components.c               0x00000000   Number         0  components.o ABSOLUTE
    RT-Thread\src\device.c                   0x00000000   Number         0  device.o ABSOLUTE
    RT-Thread\src\idle.c                     0x00000000   Number         0  idle.o ABSOLUTE
    RT-Thread\src\ipc.c                      0x00000000   Number         0  ipc.o ABSOLUTE
    RT-Thread\src\irq.c                      0x00000000   Number         0  irq.o ABSOLUTE
    RT-Thread\src\kservice.c                 0x00000000   Number         0  kservice.o ABSOLUTE
    RT-Thread\src\mem.c                      0x00000000   Number         0  mem.o ABSOLUTE
    RT-Thread\src\memheap.c                  0x00000000   Number         0  memheap.o ABSOLUTE
    RT-Thread\src\mempool.c                  0x00000000   Number         0  mempool.o ABSOLUTE
    RT-Thread\src\object.c                   0x00000000   Number         0  object.o ABSOLUTE
    RT-Thread\src\scheduler.c                0x00000000   Number         0  scheduler.o ABSOLUTE
    RT-Thread\src\signal.c                   0x00000000   Number         0  signal.o ABSOLUTE
    RT-Thread\src\thread.c                   0x00000000   Number         0  thread.o ABSOLUTE
    RT-Thread\src\timer.c                    0x00000000   Number         0  timer.o ABSOLUTE
    User\main.c                              0x00000000   Number         0  main.o ABSOLUTE
    User\stm32f10x_it.c                      0x00000000   Number         0  stm32f10x_it.o ABSOLUTE
    dc.s                                     0x00000000   Number         0  dc.o ABSOLUTE
    handlers.s                               0x00000000   Number         0  handlers.o ABSOLUTE
    init.s                                   0x00000000   Number         0  init.o ABSOLUTE
    RESET                                    0x08000000   Section      304  startup_stm32f10x_hd.o(RESET)
    .ARM.Collect$$$$00000000                 0x08000130   Section        0  entry.o(.ARM.Collect$$$$00000000)
    .ARM.Collect$$$$00000001                 0x08000130   Section        4  entry2.o(.ARM.Collect$$$$00000001)
    .ARM.Collect$$$$00000004                 0x08000134   Section        4  entry5.o(.ARM.Collect$$$$00000004)
    .ARM.Collect$$$$00000008                 0x08000138   Section        0  entry7b.o(.ARM.Collect$$$$00000008)
    .ARM.Collect$$$$0000000A                 0x08000138   Section        0  entry8b.o(.ARM.Collect$$$$0000000A)
    .ARM.Collect$$$$0000000B                 0x08000138   Section        8  entry9a.o(.ARM.Collect$$$$0000000B)
    .ARM.Collect$$$$0000000D                 0x08000140   Section        0  entry10a.o(.ARM.Collect$$$$0000000D)
    .ARM.Collect$$$$0000000F                 0x08000140   Section        0  entry11a.o(.ARM.Collect$$$$0000000F)
    .ARM.Collect$$$$00002712                 0x08000140   Section        4  entry2.o(.ARM.Collect$$$$00002712)
    __lit__00000000                          0x08000140   Data           4  entry2.o(.ARM.Collect$$$$00002712)
    .text                                    0x08000144   Section      244  context_rvds.o(.text)
    .text                                    0x08000238   Section       36  startup_stm32f10x_hd.o(.text)
    .text                                    0x0800025c   Section       36  init.o(.text)
    .text                                    0x08000280   Section        0  __dczerorl2.o(.text)
    i.$Sub$$main                             0x080002d6   Section        0  components.o(i.$Sub$$main)
    i.BusFault_Handler                       0x080002e4   Section        0  stm32f10x_it.o(i.BusFault_Handler)
    i.DebugMon_Handler                       0x080002e8   Section        0  stm32f10x_it.o(i.DebugMon_Handler)
    i.GPIO_ResetBits                         0x080002ea   Section        0  stm32f10x_gpio.o(i.GPIO_ResetBits)
    i.GPIO_SetBits                           0x080002ee   Section        0  stm32f10x_gpio.o(i.GPIO_SetBits)
    i.KEY_Scan                               0x080002f4   Section        0  key.o(i.KEY_Scan)
    i.MemManage_Handler                      0x08000390   Section        0  stm32f10x_it.o(i.MemManage_Handler)
    i.NMI_Handler                            0x08000394   Section        0  stm32f10x_it.o(i.NMI_Handler)
    i.OLED_Clear                             0x08000396   Section        0  oled.o(i.OLED_Clear)
    i.OLED_Set_Pos                           0x080003d6   Section        0  oled.o(i.OLED_Set_Pos)
    i.OLED_ShowChar                          0x08000404   Section        0  oled.o(i.OLED_ShowChar)
    i.OLED_ShowNum                           0x080004ac   Section        0  oled.o(i.OLED_ShowNum)
    i.OLED_ShowString                        0x08000530   Section        0  oled.o(i.OLED_ShowString)
    i.OLED_WR_Byte                           0x08000578   Section        0  oled.o(i.OLED_WR_Byte)
    i.SVC_Handler                            0x080005e8   Section        0  stm32f10x_it.o(i.SVC_Handler)
    i.SetSysClock                            0x080005ea   Section        0  system_stm32f10x.o(i.SetSysClock)
    SetSysClock                              0x080005eb   Thumb Code     8  system_stm32f10x.o(i.SetSysClock)
    i.SetSysClockTo72                        0x080005f4   Section        0  system_stm32f10x.o(i.SetSysClockTo72)
    SetSysClockTo72                          0x080005f5   Thumb Code   214  system_stm32f10x.o(i.SetSysClockTo72)
    i.SysTick_Handler                        0x080006d4   Section        0  board.o(i.SysTick_Handler)
    i.SystemInit                             0x080006e4   Section        0  system_stm32f10x.o(i.SystemInit)
    i.TIM2_IRQHandler                        0x08000744   Section        0  time.o(i.TIM2_IRQHandler)
    i.TIM_ClearITPendingBit                  0x080007c8   Section        0  stm32f10x_tim.o(i.TIM_ClearITPendingBit)
    i.TIM_GetITStatus                        0x080007ce   Section        0  stm32f10x_tim.o(i.TIM_GetITStatus)
    i.UsageFault_Handler                     0x080007f0   Section        0  stm32f10x_it.o(i.UsageFault_Handler)
    i.__rt_ffs                               0x080007f4   Section        0  kservice.o(i.__rt_ffs)
    i.__scatterload_copy                     0x08000840   Section       14  handlers.o(i.__scatterload_copy)
    i.__scatterload_null                     0x0800084e   Section        2  handlers.o(i.__scatterload_null)
    i.__scatterload_zeroinit                 0x08000850   Section       14  handlers.o(i.__scatterload_zeroinit)
    i._has_defunct_thread                    0x08000860   Section        0  idle.o(i._has_defunct_thread)
    _has_defunct_thread                      0x08000861   Thumb Code    16  idle.o(i._has_defunct_thread)
    i._rt_thread_init                        0x08000874   Section        0  thread.o(i._rt_thread_init)
    _rt_thread_init                          0x08000875   Thumb Code   124  thread.o(i._rt_thread_init)
    i._rt_timer_init                         0x080008f8   Section        0  timer.o(i._rt_timer_init)
    _rt_timer_init                           0x080008f9   Thumb Code    66  timer.o(i._rt_timer_init)
    i._rt_timer_remove                       0x0800093a   Section        0  timer.o(i._rt_timer_remove)
    _rt_timer_remove                         0x0800093b   Thumb Code    46  timer.o(i._rt_timer_remove)
    i.delay_ms                               0x08000968   Section        0  systick.o(i.delay_ms)
    i.main                                   0x080009b4   Section        0  main.o(i.main)
    i.main_thread_entry                      0x080009b8   Section        0  components.o(i.main_thread_entry)
    i.oled_pow                               0x080009c6   Section        0  oled.o(i.oled_pow)
    i.plug_holes                             0x080009dc   Section        0  mem.o(i.plug_holes)
    plug_holes                               0x080009dd   Thumb Code   108  mem.o(i.plug_holes)
    i.print_number                           0x08000a54   Section        0  kservice.o(i.print_number)
    print_number                             0x08000a55   Thumb Code   400  kservice.o(i.print_number)
    i.rt_application_init                    0x08000bec   Section        0  components.o(i.rt_application_init)
    i.rt_components_board_init               0x08000c1c   Section        0  components.o(i.rt_components_board_init)
    i.rt_components_init                     0x08000c38   Section        0  components.o(i.rt_components_init)
    i.rt_enter_critical                      0x08000c54   Section        0  scheduler.o(i.rt_enter_critical)
    i.rt_exit_critical                       0x08000c74   Section        0  scheduler.o(i.rt_exit_critical)
    i.rt_free                                0x08000cb0   Section        0  mem.o(i.rt_free)
    i.rt_heap_begin_get                      0x08000d90   Section        0  board.o(i.rt_heap_begin_get)
    i.rt_heap_end_get                        0x08000d98   Section        0  board.o(i.rt_heap_end_get)
    i.rt_hw_board_init                       0x08000da0   Section        0  board.o(i.rt_hw_board_init)
    i.rt_hw_console_output                   0x08000e18   Section        0  kservice.o(i.rt_hw_console_output)
    i.rt_hw_hard_fault_exception             0x08000e1c   Section        0  cpuport.o(i.rt_hw_hard_fault_exception)
    i.rt_hw_stack_init                       0x0800101c   Section        0  cpuport.o(i.rt_hw_stack_init)
    i.rt_interrupt_enter                     0x08001068   Section        0  irq.o(i.rt_interrupt_enter)
    i.rt_interrupt_leave                     0x08001088   Section        0  irq.o(i.rt_interrupt_leave)
    i.rt_ipc_list_resume                     0x080010a8   Section        0  ipc.o(i.rt_ipc_list_resume)
    rt_ipc_list_resume                       0x080010a9   Thumb Code    20  ipc.o(i.rt_ipc_list_resume)
    i.rt_ipc_list_suspend                    0x080010bc   Section        0  ipc.o(i.rt_ipc_list_suspend)
    rt_ipc_list_suspend                      0x080010bd   Thumb Code   108  ipc.o(i.rt_ipc_list_suspend)
    i.rt_ipc_object_init                     0x08001128   Section        0  ipc.o(i.rt_ipc_object_init)
    rt_ipc_object_init                       0x08001129   Thumb Code    16  ipc.o(i.rt_ipc_object_init)
    i.rt_kprintf                             0x08001138   Section        0  kservice.o(i.rt_kprintf)
    i.rt_list_init                           0x08001168   Section        0  ipc.o(i.rt_list_init)
    rt_list_init                             0x08001169   Thumb Code     6  ipc.o(i.rt_list_init)
    i.rt_list_init                           0x0800116e   Section        0  scheduler.o(i.rt_list_init)
    rt_list_init                             0x0800116f   Thumb Code     6  scheduler.o(i.rt_list_init)
    i.rt_list_init                           0x08001174   Section        0  timer.o(i.rt_list_init)
    rt_list_init                             0x08001175   Thumb Code     6  timer.o(i.rt_list_init)
    i.rt_list_insert_after                   0x0800117a   Section        0  object.o(i.rt_list_insert_after)
    rt_list_insert_after                     0x0800117b   Thumb Code    14  object.o(i.rt_list_insert_after)
    i.rt_list_insert_after                   0x08001188   Section        0  thread.o(i.rt_list_insert_after)
    rt_list_insert_after                     0x08001189   Thumb Code    14  thread.o(i.rt_list_insert_after)
    i.rt_list_insert_after                   0x08001196   Section        0  timer.o(i.rt_list_insert_after)
    rt_list_insert_after                     0x08001197   Thumb Code    14  timer.o(i.rt_list_insert_after)
    i.rt_list_insert_before                  0x080011a4   Section        0  ipc.o(i.rt_list_insert_before)
    rt_list_insert_before                    0x080011a5   Thumb Code    14  ipc.o(i.rt_list_insert_before)
    i.rt_list_isempty                        0x080011b2   Section        0  ipc.o(i.rt_list_isempty)
    rt_list_isempty                          0x080011b3   Thumb Code    16  ipc.o(i.rt_list_isempty)
    i.rt_list_isempty                        0x080011c2   Section        0  timer.o(i.rt_list_isempty)
    rt_list_isempty                          0x080011c3   Thumb Code    16  timer.o(i.rt_list_isempty)
    i.rt_list_remove                         0x080011d2   Section        0  object.o(i.rt_list_remove)
    rt_list_remove                           0x080011d3   Thumb Code    18  object.o(i.rt_list_remove)
    i.rt_list_remove                         0x080011e4   Section        0  thread.o(i.rt_list_remove)
    rt_list_remove                           0x080011e5   Thumb Code    18  thread.o(i.rt_list_remove)
    i.rt_malloc                              0x080011f8   Section        0  mem.o(i.rt_malloc)
    i.rt_memset                              0x08001364   Section        0  kservice.o(i.rt_memset)
    i.rt_object_allocate                     0x080013ac   Section        0  object.o(i.rt_object_allocate)
    i.rt_object_delete                       0x08001400   Section        0  object.o(i.rt_object_delete)
    i.rt_object_detach                       0x08001424   Section        0  object.o(i.rt_object_detach)
    i.rt_object_get_information              0x08001444   Section        0  object.o(i.rt_object_get_information)
    i.rt_object_init                         0x0800146c   Section        0  object.o(i.rt_object_init)
    i.rt_object_is_systemobject              0x080014a8   Section        0  object.o(i.rt_object_is_systemobject)
    i.rt_schedule                            0x080014bc   Section        0  scheduler.o(i.rt_schedule)
    i.rt_schedule_insert_thread              0x0800154c   Section        0  scheduler.o(i.rt_schedule_insert_thread)
    i.rt_schedule_remove_thread              0x0800159c   Section        0  scheduler.o(i.rt_schedule_remove_thread)
    i.rt_sem_init                            0x080015f0   Section        0  ipc.o(i.rt_sem_init)
    i.rt_sem_release                         0x08001616   Section        0  ipc.o(i.rt_sem_release)
    i.rt_sem_take                            0x08001650   Section        0  ipc.o(i.rt_sem_take)
    i.rt_show_version                        0x080016c4   Section        0  kservice.o(i.rt_show_version)
    i.rt_soft_timer_check                    0x08001774   Section        0  timer.o(i.rt_soft_timer_check)
    i.rt_strlen                              0x080017f0   Section        0  kservice.o(i.rt_strlen)
    i.rt_strncpy                             0x08001802   Section        0  kservice.o(i.rt_strncpy)
    i.rt_system_heap_init                    0x08001838   Section        0  mem.o(i.rt_system_heap_init)
    i.rt_system_scheduler_init               0x08001930   Section        0  scheduler.o(i.rt_system_scheduler_init)
    i.rt_system_scheduler_start              0x0800197c   Section        0  scheduler.o(i.rt_system_scheduler_start)
    i.rt_system_timer_init                   0x080019ac   Section        0  timer.o(i.rt_system_timer_init)
    i.rt_system_timer_thread_init            0x080019c8   Section        0  timer.o(i.rt_system_timer_thread_init)
    i.rt_thread_create                       0x08001a1c   Section        0  thread.o(i.rt_thread_create)
    i.rt_thread_delay                        0x08001a6c   Section        0  thread.o(i.rt_thread_delay)
    i.rt_thread_exit                         0x08001a78   Section        0  thread.o(i.rt_thread_exit)
    i.rt_thread_idle_entry                   0x08001acc   Section        0  idle.o(i.rt_thread_idle_entry)
    rt_thread_idle_entry                     0x08001acd   Thumb Code     8  idle.o(i.rt_thread_idle_entry)
    i.rt_thread_idle_excute                  0x08001ad4   Section        0  idle.o(i.rt_thread_idle_excute)
    i.rt_thread_idle_init                    0x08001b58   Section        0  idle.o(i.rt_thread_idle_init)
    i.rt_thread_init                         0x08001b94   Section        0  thread.o(i.rt_thread_init)
    i.rt_thread_resume                       0x08001bc8   Section        0  thread.o(i.rt_thread_resume)
    i.rt_thread_self                         0x08001c04   Section        0  thread.o(i.rt_thread_self)
    i.rt_thread_sleep                        0x08001c10   Section        0  thread.o(i.rt_thread_sleep)
    i.rt_thread_startup                      0x08001c54   Section        0  thread.o(i.rt_thread_startup)
    i.rt_thread_suspend                      0x08001c80   Section        0  thread.o(i.rt_thread_suspend)
    i.rt_thread_timeout                      0x08001cc4   Section        0  thread.o(i.rt_thread_timeout)
    i.rt_thread_timer_entry                  0x08001ce4   Section        0  timer.o(i.rt_thread_timer_entry)
    rt_thread_timer_entry                    0x08001ce5   Thumb Code    62  timer.o(i.rt_thread_timer_entry)
    i.rt_thread_yield                        0x08001d28   Section        0  thread.o(i.rt_thread_yield)
    i.rt_tick_get                            0x08001d8c   Section        0  clock.o(i.rt_tick_get)
    i.rt_tick_increase                       0x08001d98   Section        0  clock.o(i.rt_tick_increase)
    i.rt_timer_check                         0x08001dc8   Section        0  timer.o(i.rt_timer_check)
    i.rt_timer_control                       0x08001e44   Section        0  timer.o(i.rt_timer_control)
    i.rt_timer_detach                        0x08001e7c   Section        0  timer.o(i.rt_timer_detach)
    i.rt_timer_init                          0x08001e9c   Section        0  timer.o(i.rt_timer_init)
    i.rt_timer_list_next_timeout             0x08001eca   Section        0  timer.o(i.rt_timer_list_next_timeout)
    rt_timer_list_next_timeout               0x08001ecb   Thumb Code    28  timer.o(i.rt_timer_list_next_timeout)
    i.rt_timer_start                         0x08001ee8   Section        0  timer.o(i.rt_timer_start)
    i.rt_timer_stop                          0x08002014   Section        0  timer.o(i.rt_timer_stop)
    i.rt_vsnprintf                           0x08002044   Section        0  kservice.o(i.rt_vsnprintf)
    i.rti_board_end                          0x0800236c   Section        0  components.o(i.rti_board_end)
    rti_board_end                            0x0800236d   Thumb Code     4  components.o(i.rti_board_end)
    i.rti_board_start                        0x08002370   Section        0  components.o(i.rti_board_start)
    rti_board_start                          0x08002371   Thumb Code     4  components.o(i.rti_board_start)
    i.rti_end                                0x08002374   Section        0  components.o(i.rti_end)
    rti_end                                  0x08002375   Thumb Code     4  components.o(i.rti_end)
    i.rti_start                              0x08002378   Section        0  components.o(i.rti_start)
    rti_start                                0x08002379   Thumb Code     4  components.o(i.rti_start)
    i.rtthread_startup                       0x0800237c   Section        0  components.o(i.rtthread_startup)
    i.showpage                               0x080023a8   Section        0  oled.o(i.showpage)
    i.skip_atoi                              0x080024c8   Section        0  kservice.o(i.skip_atoi)
    skip_atoi                                0x080024c9   Thumb Code    38  kservice.o(i.skip_atoi)
    .constdata                               0x080024ee   Section      290  kservice.o(.constdata)
    small_digits                             0x080025ee   Data          17  kservice.o(.constdata)
    large_digits                             0x080025ff   Data          17  kservice.o(.constdata)
    .constdata                               0x08002610   Section     2072  oled.o(.constdata)
    .rti_fn.0                                0x08002e28   Section        4  components.o(.rti_fn.0)
    __tagsym$$used                           0x08002e28   Number         0  components.o(.rti_fn.0)
    .rti_fn.0.end                            0x08002e2c   Section        4  components.o(.rti_fn.0.end)
    __tagsym$$used                           0x08002e2c   Number         0  components.o(.rti_fn.0.end)
    .rti_fn.1.end                            0x08002e30   Section        4  components.o(.rti_fn.1.end)
    __tagsym$$used                           0x08002e30   Number         0  components.o(.rti_fn.1.end)
    .rti_fn.6.end                            0x08002e34   Section        4  components.o(.rti_fn.6.end)
    __tagsym$$used                           0x08002e34   Number         0  components.o(.rti_fn.6.end)
    .data                                    0x20000000   Section        4  clock.o(.data)
    rt_tick                                  0x20000000   Data           4  clock.o(.data)
    .data                                    0x20000004   Section        1  irq.o(.data)
    .data                                    0x20000008   Section       24  mem.o(.data)
    heap_ptr                                 0x20000008   Data           4  mem.o(.data)
    heap_end                                 0x2000000c   Data           4  mem.o(.data)
    lfree                                    0x20000010   Data           4  mem.o(.data)
    mem_size_aligned                         0x20000014   Data           4  mem.o(.data)
    used_mem                                 0x20000018   Data           4  mem.o(.data)
    max_mem                                  0x2000001c   Data           4  mem.o(.data)
    .data                                    0x20000020   Section       80  object.o(.data)
    rt_object_container                      0x20000020   Data          80  object.o(.data)
    .data                                    0x20000070   Section       24  scheduler.o(.data)
    rt_scheduler_lock_nest                   0x20000070   Data           2  scheduler.o(.data)
    .data                                    0x20000088   Section       20  timer.o(.data)
    rt_timer_list                            0x20000088   Data           8  timer.o(.data)
    rt_soft_timer_list                       0x20000090   Data           8  timer.o(.data)
    random_nr                                0x20000098   Data           4  timer.o(.data)
    .data                                    0x2000009c   Section       16  cpuport.o(.data)
    rt_exception_hook                        0x200000a8   Data           4  cpuport.o(.data)
    .data                                    0x200000ac   Section      450  oled.o(.data)
    .data                                    0x2000026e   Section        1  time.o(.data)
    x_ms                                     0x2000026e   Data           1  time.o(.data)
    .data                                    0x2000026f   Section        2  key.o(.data)
    key                                      0x20000270   Data           1  key.o(.data)
    .data                                    0x20000272   Section        4  systick.o(.data)
    fac_us                                   0x20000272   Data           1  systick.o(.data)
    fac_ms                                   0x20000274   Data           2  systick.o(.data)
    .data                                    0x20000278   Section       20  system_stm32f10x.o(.data)
    .bss                                     0x2000028c   Section     4096  board.o(.bss)
    rt_heap                                  0x2000028c   Data        4096  board.o(.bss)
    .bss                                     0x2000128c   Section      384  idle.o(.bss)
    idle                                     0x2000128c   Data         128  idle.o(.bss)
    rt_thread_stack                          0x2000130c   Data         256  idle.o(.bss)
    .bss                                     0x2000140c   Section      128  kservice.o(.bss)
    rt_log_buf                               0x2000140c   Data         128  kservice.o(.bss)
    .bss                                     0x2000148c   Section       32  mem.o(.bss)
    heap_sem                                 0x2000148c   Data          32  mem.o(.bss)
    .bss                                     0x200014ac   Section      256  scheduler.o(.bss)
    .bss                                     0x200015ac   Section      640  timer.o(.bss)
    timer_thread                             0x200015ac   Data         128  timer.o(.bss)
    timer_thread_stack                       0x2000162c   Data         512  timer.o(.bss)
    .bss                                     0x2000182c   Section      224  oled.o(.bss)
    STACK                                    0x20001910   Section     1024  startup_stm32f10x_hd.o(STACK)

    Global Symbols

    Symbol Name                              Value     Ov Type        Size  Object(Section)

    BuildAttributes$$THM_ISAv4$P$D$K$B$S$PE$A:L22UL41UL21$X:L11$S22US41US21$IEEE1$IW$USESV6$~STKCKD$USESV7$~SHL$OSPACE$EBA8$MICROLIB$REQ8$PRES8$EABIv2 0x00000000   Number         0  anon$$obj.o ABSOLUTE
    __ARM_use_no_argv                        0x00000000   Number         0  main.o ABSOLUTE
    __cpp_initialize__aeabi_                  - Undefined Weak Reference
    __cxa_finalize                            - Undefined Weak Reference
    _clock_init                               - Undefined Weak Reference
    _microlib_exit                            - Undefined Weak Reference
    __Vectors_Size                           0x00000130   Number         0  startup_stm32f10x_hd.o ABSOLUTE
    __Vectors                                0x08000000   Data           4  startup_stm32f10x_hd.o(RESET)
    __Vectors_End                            0x08000130   Data           0  startup_stm32f10x_hd.o(RESET)
    __main                                   0x08000131   Thumb Code     0  entry.o(.ARM.Collect$$$$00000000)
    _main_stk                                0x08000131   Thumb Code     0  entry2.o(.ARM.Collect$$$$00000001)
    _main_scatterload                        0x08000135   Thumb Code     0  entry5.o(.ARM.Collect$$$$00000004)
    __main_after_scatterload                 0x08000139   Thumb Code     0  entry5.o(.ARM.Collect$$$$00000004)
    _main_clock                              0x08000139   Thumb Code     0  entry7b.o(.ARM.Collect$$$$00000008)
    _main_cpp_init                           0x08000139   Thumb Code     0  entry8b.o(.ARM.Collect$$$$0000000A)
    _main_init                               0x08000139   Thumb Code     0  entry9a.o(.ARM.Collect$$$$0000000B)
    __rt_final_cpp                           0x08000141   Thumb Code     0  entry10a.o(.ARM.Collect$$$$0000000D)
    __rt_final_exit                          0x08000141   Thumb Code     0  entry11a.o(.ARM.Collect$$$$0000000F)
    rt_hw_interrupt_disable                  0x08000145   Thumb Code     8  context_rvds.o(.text)
    rt_hw_interrupt_enable                   0x0800014d   Thumb Code     6  context_rvds.o(.text)
    rt_hw_context_switch                     0x08000153   Thumb Code    32  context_rvds.o(.text)
    rt_hw_context_switch_interrupt           0x08000153   Thumb Code     0  context_rvds.o(.text)
    PendSV_Handler                           0x08000173   Thumb Code    60  context_rvds.o(.text)
    rt_hw_context_switch_to                  0x080001af   Thumb Code    58  context_rvds.o(.text)
    rt_hw_interrupt_thread_switch            0x080001e9   Thumb Code     2  context_rvds.o(.text)
    HardFault_Handler                        0x080001eb   Thumb Code    52  context_rvds.o(.text)
    Reset_Handler                            0x08000239   Thumb Code     8  startup_stm32f10x_hd.o(.text)
    ADC1_2_IRQHandler                        0x08000253   Thumb Code     0  startup_stm32f10x_hd.o(.text)
    ADC3_IRQHandler                          0x08000253   Thumb Code     0  startup_stm32f10x_hd.o(.text)
    CAN1_RX1_IRQHandler                      0x08000253   Thumb Code     0  startup_stm32f10x_hd.o(.text)
    CAN1_SCE_IRQHandler                      0x08000253   Thumb Code     0  startup_stm32f10x_hd.o(.text)
    DMA1_Channel1_IRQHandler                 0x08000253   Thumb Code     0  startup_stm32f10x_hd.o(.text)
    DMA1_Channel2_IRQHandler                 0x08000253   Thumb Code     0  startup_stm32f10x_hd.o(.text)
    DMA1_Channel3_IRQHandler                 0x08000253   Thumb Code     0  startup_stm32f10x_hd.o(.text)
    DMA1_Channel4_IRQHandler                 0x08000253   Thumb Code     0  startup_stm32f10x_hd.o(.text)
    DMA1_Channel5_IRQHandler                 0x08000253   Thumb Code     0  startup_stm32f10x_hd.o(.text)
    DMA1_Channel6_IRQHandler                 0x08000253   Thumb Code     0  startup_stm32f10x_hd.o(.text)
    DMA1_Channel7_IRQHandler                 0x08000253   Thumb Code     0  startup_stm32f10x_hd.o(.text)
    DMA2_Channel1_IRQHandler                 0x08000253   Thumb Code     0  startup_stm32f10x_hd.o(.text)
    DMA2_Channel2_IRQHandler                 0x08000253   Thumb Code     0  startup_stm32f10x_hd.o(.text)
    DMA2_Channel3_IRQHandler                 0x08000253   Thumb Code     0  startup_stm32f10x_hd.o(.text)
    DMA2_Channel4_5_IRQHandler               0x08000253   Thumb Code     0  startup_stm32f10x_hd.o(.text)
    EXTI0_IRQHandler                         0x08000253   Thumb Code     0  startup_stm32f10x_hd.o(.text)
    EXTI15_10_IRQHandler                     0x08000253   Thumb Code     0  startup_stm32f10x_hd.o(.text)
    EXTI1_IRQHandler                         0x08000253   Thumb Code     0  startup_stm32f10x_hd.o(.text)
    EXTI2_IRQHandler                         0x08000253   Thumb Code     0  startup_stm32f10x_hd.o(.text)
    EXTI3_IRQHandler                         0x08000253   Thumb Code     0  startup_stm32f10x_hd.o(.text)
    EXTI4_IRQHandler                         0x08000253   Thumb Code     0  startup_stm32f10x_hd.o(.text)
    EXTI9_5_IRQHandler                       0x08000253   Thumb Code     0  startup_stm32f10x_hd.o(.text)
    FLASH_IRQHandler                         0x08000253   Thumb Code     0  startup_stm32f10x_hd.o(.text)
    FSMC_IRQHandler                          0x08000253   Thumb Code     0  startup_stm32f10x_hd.o(.text)
    I2C1_ER_IRQHandler                       0x08000253   Thumb Code     0  startup_stm32f10x_hd.o(.text)
    I2C1_EV_IRQHandler                       0x08000253   Thumb Code     0  startup_stm32f10x_hd.o(.text)
    I2C2_ER_IRQHandler                       0x08000253   Thumb Code     0  startup_stm32f10x_hd.o(.text)
    I2C2_EV_IRQHandler                       0x08000253   Thumb Code     0  startup_stm32f10x_hd.o(.text)
    PVD_IRQHandler                           0x08000253   Thumb Code     0  startup_stm32f10x_hd.o(.text)
    RCC_IRQHandler                           0x08000253   Thumb Code     0  startup_stm32f10x_hd.o(.text)
    RTCAlarm_IRQHandler                      0x08000253   Thumb Code     0  startup_stm32f10x_hd.o(.text)
    RTC_IRQHandler                           0x08000253   Thumb Code     0  startup_stm32f10x_hd.o(.text)
    SDIO_IRQHandler                          0x08000253   Thumb Code     0  startup_stm32f10x_hd.o(.text)
    SPI1_IRQHandler                          0x08000253   Thumb Code     0  startup_stm32f10x_hd.o(.text)
    SPI2_IRQHandler                          0x08000253   Thumb Code     0  startup_stm32f10x_hd.o(.text)
    SPI3_IRQHandler                          0x08000253   Thumb Code     0  startup_stm32f10x_hd.o(.text)
    TAMPER_IRQHandler                        0x08000253   Thumb Code     0  startup_stm32f10x_hd.o(.text)
    TIM1_BRK_IRQHandler                      0x08000253   Thumb Code     0  startup_stm32f10x_hd.o(.text)
    TIM1_CC_IRQHandler                       0x08000253   Thumb Code     0  startup_stm32f10x_hd.o(.text)
    TIM1_TRG_COM_IRQHandler                  0x08000253   Thumb Code     0  startup_stm32f10x_hd.o(.text)
    TIM1_UP_IRQHandler                       0x08000253   Thumb Code     0  startup_stm32f10x_hd.o(.text)
    TIM3_IRQHandler                          0x08000253   Thumb Code     0  startup_stm32f10x_hd.o(.text)
    TIM4_IRQHandler                          0x08000253   Thumb Code     0  startup_stm32f10x_hd.o(.text)
    TIM5_IRQHandler                          0x08000253   Thumb Code     0  startup_stm32f10x_hd.o(.text)
    TIM6_IRQHandler                          0x08000253   Thumb Code     0  startup_stm32f10x_hd.o(.text)
    TIM7_IRQHandler                          0x08000253   Thumb Code     0  startup_stm32f10x_hd.o(.text)
    TIM8_BRK_IRQHandler                      0x08000253   Thumb Code     0  startup_stm32f10x_hd.o(.text)
    TIM8_CC_IRQHandler                       0x08000253   Thumb Code     0  startup_stm32f10x_hd.o(.text)
    TIM8_TRG_COM_IRQHandler                  0x08000253   Thumb Code     0  startup_stm32f10x_hd.o(.text)
    TIM8_UP_IRQHandler                       0x08000253   Thumb Code     0  startup_stm32f10x_hd.o(.text)
    UART4_IRQHandler                         0x08000253   Thumb Code     0  startup_stm32f10x_hd.o(.text)
    UART5_IRQHandler                         0x08000253   Thumb Code     0  startup_stm32f10x_hd.o(.text)
    USART1_IRQHandler                        0x08000253   Thumb Code     0  startup_stm32f10x_hd.o(.text)
    USART2_IRQHandler                        0x08000253   Thumb Code     0  startup_stm32f10x_hd.o(.text)
    USART3_IRQHandler                        0x08000253   Thumb Code     0  startup_stm32f10x_hd.o(.text)
    USBWakeUp_IRQHandler                     0x08000253   Thumb Code     0  startup_stm32f10x_hd.o(.text)
    USB_HP_CAN1_TX_IRQHandler                0x08000253   Thumb Code     0  startup_stm32f10x_hd.o(.text)
    USB_LP_CAN1_RX0_IRQHandler               0x08000253   Thumb Code     0  startup_stm32f10x_hd.o(.text)
    WWDG_IRQHandler                          0x08000253   Thumb Code     0  startup_stm32f10x_hd.o(.text)
    __scatterload                            0x0800025d   Thumb Code    28  init.o(.text)
    __scatterload_rt2                        0x0800025d   Thumb Code     0  init.o(.text)
    __decompress                             0x08000281   Thumb Code     0  __dczerorl2.o(.text)
    __decompress1                            0x08000281   Thumb Code    86  __dczerorl2.o(.text)
    main                                     0x080002d7   Thumb Code    14  components.o(i.$Sub$$main)
    BusFault_Handler                         0x080002e5   Thumb Code     4  stm32f10x_it.o(i.BusFault_Handler)
    DebugMon_Handler                         0x080002e9   Thumb Code     2  stm32f10x_it.o(i.DebugMon_Handler)
    GPIO_ResetBits                           0x080002eb   Thumb Code     4  stm32f10x_gpio.o(i.GPIO_ResetBits)
    GPIO_SetBits                             0x080002ef   Thumb Code     4  stm32f10x_gpio.o(i.GPIO_SetBits)
    KEY_Scan                                 0x080002f5   Thumb Code   148  key.o(i.KEY_Scan)
    MemManage_Handler                        0x08000391   Thumb Code     4  stm32f10x_it.o(i.MemManage_Handler)
    NMI_Handler                              0x08000395   Thumb Code     2  stm32f10x_it.o(i.NMI_Handler)
    OLED_Clear                               0x08000397   Thumb Code    64  oled.o(i.OLED_Clear)
    OLED_Set_Pos                             0x080003d7   Thumb Code    46  oled.o(i.OLED_Set_Pos)
    OLED_ShowChar                            0x08000405   Thumb Code   154  oled.o(i.OLED_ShowChar)
    OLED_ShowNum                             0x080004ad   Thumb Code   132  oled.o(i.OLED_ShowNum)
    OLED_ShowString                          0x08000531   Thumb Code    68  oled.o(i.OLED_ShowString)
    OLED_WR_Byte                             0x08000579   Thumb Code   108  oled.o(i.OLED_WR_Byte)
    SVC_Handler                              0x080005e9   Thumb Code     2  stm32f10x_it.o(i.SVC_Handler)
    SysTick_Handler                          0x080006d5   Thumb Code    16  board.o(i.SysTick_Handler)
    SystemInit                               0x080006e5   Thumb Code    78  system_stm32f10x.o(i.SystemInit)
    TIM2_IRQHandler                          0x08000745   Thumb Code   116  time.o(i.TIM2_IRQHandler)
    TIM_ClearITPendingBit                    0x080007c9   Thumb Code     6  stm32f10x_tim.o(i.TIM_ClearITPendingBit)
    TIM_GetITStatus                          0x080007cf   Thumb Code    34  stm32f10x_tim.o(i.TIM_GetITStatus)
    UsageFault_Handler                       0x080007f1   Thumb Code     4  stm32f10x_it.o(i.UsageFault_Handler)
    __rt_ffs                                 0x080007f5   Thumb Code    70  kservice.o(i.__rt_ffs)
    __scatterload_copy                       0x08000841   Thumb Code    14  handlers.o(i.__scatterload_copy)
    __scatterload_null                       0x0800084f   Thumb Code     2  handlers.o(i.__scatterload_null)
    __scatterload_zeroinit                   0x08000851   Thumb Code    14  handlers.o(i.__scatterload_zeroinit)
    delay_ms                                 0x08000969   Thumb Code    72  systick.o(i.delay_ms)
    $Super$$main                             0x080009b5   Thumb Code     4  main.o(i.main)
    main_thread_entry                        0x080009b9   Thumb Code    14  components.o(i.main_thread_entry)
    oled_pow                                 0x080009c7   Thumb Code    22  oled.o(i.oled_pow)
    rt_application_init                      0x08000bed   Thumb Code    34  components.o(i.rt_application_init)
    rt_components_board_init                 0x08000c1d   Thumb Code    20  components.o(i.rt_components_board_init)
    rt_components_init                       0x08000c39   Thumb Code    20  components.o(i.rt_components_init)
    rt_enter_critical                        0x08000c55   Thumb Code    28  scheduler.o(i.rt_enter_critical)
    rt_exit_critical                         0x08000c75   Thumb Code    54  scheduler.o(i.rt_exit_critical)
    rt_free                                  0x08000cb1   Thumb Code   128  mem.o(i.rt_free)
    rt_heap_begin_get                        0x08000d91   Thumb Code     4  board.o(i.rt_heap_begin_get)
    rt_heap_end_get                          0x08000d99   Thumb Code     4  board.o(i.rt_heap_end_get)
    rt_hw_board_init                         0x08000da1   Thumb Code   106  board.o(i.rt_hw_board_init)
    rt_hw_console_output                     0x08000e19   Thumb Code     2  kservice.o(i.rt_hw_console_output)
    rt_hw_hard_fault_exception               0x08000e1d   Thumb Code   190  cpuport.o(i.rt_hw_hard_fault_exception)
    rt_hw_stack_init                         0x0800101d   Thumb Code    70  cpuport.o(i.rt_hw_stack_init)
    rt_interrupt_enter                       0x08001069   Thumb Code    26  irq.o(i.rt_interrupt_enter)
    rt_interrupt_leave                       0x08001089   Thumb Code    26  irq.o(i.rt_interrupt_leave)
    rt_kprintf                               0x08001139   Thumb Code    44  kservice.o(i.rt_kprintf)
    rt_malloc                                0x080011f9   Thumb Code   336  mem.o(i.rt_malloc)
    rt_memset                                0x08001365   Thumb Code    72  kservice.o(i.rt_memset)
    rt_object_allocate                       0x080013ad   Thumb Code    84  object.o(i.rt_object_allocate)
    rt_object_delete                         0x08001401   Thumb Code    36  object.o(i.rt_object_delete)
    rt_object_detach                         0x08001425   Thumb Code    30  object.o(i.rt_object_detach)
    rt_object_get_information                0x08001445   Thumb Code    36  object.o(i.rt_object_get_information)
    rt_object_init                           0x0800146d   Thumb Code    60  object.o(i.rt_object_init)
    rt_object_is_systemobject                0x080014a9   Thumb Code    18  object.o(i.rt_object_is_systemobject)
    rt_schedule                              0x080014bd   Thumb Code   118  scheduler.o(i.rt_schedule)
    rt_schedule_insert_thread                0x0800154d   Thumb Code    72  scheduler.o(i.rt_schedule_insert_thread)
    rt_schedule_remove_thread                0x0800159d   Thumb Code    76  scheduler.o(i.rt_schedule_remove_thread)
    rt_sem_init                              0x080015f1   Thumb Code    38  ipc.o(i.rt_sem_init)
    rt_sem_release                           0x08001617   Thumb Code    58  ipc.o(i.rt_sem_release)
    rt_sem_take                              0x08001651   Thumb Code   116  ipc.o(i.rt_sem_take)
    rt_show_version                          0x080016c5   Thumb Code    38  kservice.o(i.rt_show_version)
    rt_soft_timer_check                      0x08001775   Thumb Code   120  timer.o(i.rt_soft_timer_check)
    rt_strlen                                0x080017f1   Thumb Code    18  kservice.o(i.rt_strlen)
    rt_strncpy                               0x08001803   Thumb Code    52  kservice.o(i.rt_strncpy)
    rt_system_heap_init                      0x08001839   Thumb Code   160  mem.o(i.rt_system_heap_init)
    rt_system_scheduler_init                 0x08001931   Thumb Code    52  scheduler.o(i.rt_system_scheduler_init)
    rt_system_scheduler_start                0x0800197d   Thumb Code    36  scheduler.o(i.rt_system_scheduler_start)
    rt_system_timer_init                     0x080019ad   Thumb Code    24  timer.o(i.rt_system_timer_init)
    rt_system_timer_thread_init              0x080019c9   Thumb Code    58  timer.o(i.rt_system_timer_thread_init)
    rt_thread_create                         0x08001a1d   Thumb Code    80  thread.o(i.rt_thread_create)
    rt_thread_delay                          0x08001a6d   Thumb Code    12  thread.o(i.rt_thread_delay)
    rt_thread_exit                           0x08001a79   Thumb Code    76  thread.o(i.rt_thread_exit)
    rt_thread_idle_excute                    0x08001ad5   Thumb Code   128  idle.o(i.rt_thread_idle_excute)
    rt_thread_idle_init                      0x08001b59   Thumb Code    38  idle.o(i.rt_thread_idle_init)
    rt_thread_init                           0x08001b95   Thumb Code    52  thread.o(i.rt_thread_init)
    rt_thread_resume                         0x08001bc9   Thumb Code    60  thread.o(i.rt_thread_resume)
    rt_thread_self                           0x08001c05   Thumb Code     6  thread.o(i.rt_thread_self)
    rt_thread_sleep                          0x08001c11   Thumb Code    62  thread.o(i.rt_thread_sleep)
    rt_thread_startup                        0x08001c55   Thumb Code    44  thread.o(i.rt_thread_startup)
    rt_thread_suspend                        0x08001c81   Thumb Code    68  thread.o(i.rt_thread_suspend)
    rt_thread_timeout                        0x08001cc5   Thumb Code    32  thread.o(i.rt_thread_timeout)
    rt_thread_yield                          0x08001d29   Thumb Code    92  thread.o(i.rt_thread_yield)
    rt_tick_get                              0x08001d8d   Thumb Code     6  clock.o(i.rt_tick_get)
    rt_tick_increase                         0x08001d99   Thumb Code    42  clock.o(i.rt_tick_increase)
    rt_timer_check                           0x08001dc9   Thumb Code   118  timer.o(i.rt_timer_check)
    rt_timer_control                         0x08001e45   Thumb Code    56  timer.o(i.rt_timer_control)
    rt_timer_detach                          0x08001e7d   Thumb Code    32  timer.o(i.rt_timer_detach)
    rt_timer_init                            0x08001e9d   Thumb Code    46  timer.o(i.rt_timer_init)
    rt_timer_start                           0x08001ee9   Thumb Code   282  timer.o(i.rt_timer_start)
    rt_timer_stop                            0x08002015   Thumb Code    48  timer.o(i.rt_timer_stop)
    rt_vsnprintf                             0x08002045   Thumb Code   800  kservice.o(i.rt_vsnprintf)
    rtthread_startup                         0x0800237d   Thumb Code    42  components.o(i.rtthread_startup)
    showpage                                 0x080023a9   Thumb Code   284  oled.o(i.showpage)
    __lowest_bit_bitmap                      0x080024ee   Data         256  kservice.o(.constdata)
    F6x8                                     0x08002610   Data         552  oled.o(.constdata)
    F8X16                                    0x08002838   Data        1520  oled.o(.constdata)
    __rt_init_rti_start                      0x08002e28   Data           4  components.o(.rti_fn.0)
    __rt_init_rti_board_start                0x08002e2c   Data           4  components.o(.rti_fn.0.end)
    __rt_init_rti_board_end                  0x08002e30   Data           4  components.o(.rti_fn.1.end)
    __rt_init_rti_end                        0x08002e34   Data           4  components.o(.rti_fn.6.end)
    Region$$Table$$Base                      0x08002e38   Number         0  anon$$obj.o(Region$$Table)
    Region$$Table$$Limit                     0x08002e58   Number         0  anon$$obj.o(Region$$Table)
    rt_interrupt_nest                        0x20000004   Data           1  irq.o(.data)
    rt_current_thread                        0x20000074   Data           4  scheduler.o(.data)
    rt_current_priority                      0x20000078   Data           1  scheduler.o(.data)
    rt_thread_ready_priority_group           0x2000007c   Data           4  scheduler.o(.data)
    rt_thread_defunct                        0x20000080   Data           8  scheduler.o(.data)
    rt_interrupt_from_thread                 0x2000009c   Data           4  cpuport.o(.data)
    rt_interrupt_to_thread                   0x200000a0   Data           4  cpuport.o(.data)
    rt_thread_switch_interrupt_flag          0x200000a4   Data           4  cpuport.o(.data)
    Hzk                                      0x200000ac   Data         448  oled.o(.data)
    OLED_SIZE                                0x2000026c   Data           1  oled.o(.data)
    autoRefresh                              0x2000026d   Data           1  oled.o(.data)
    key_num                                  0x2000026f   Data           1  key.o(.data)
    SystemCoreClock                          0x20000278   Data           4  system_stm32f10x.o(.data)
    AHBPrescTable                            0x2000027c   Data          16  system_stm32f10x.o(.data)
    rt_thread_priority_table                 0x200014ac   Data         256  scheduler.o(.bss)
    pagetable                                0x2000182c   Data         224  oled.o(.bss)
    __initial_sp                             0x20001d10   Data           0  startup_stm32f10x_hd.o(STACK)



==============================================================================

Memory Map of the image

  Image Entry point : 0x08000131

  Load Region LR_IROM1 (Base: 0x08000000, Size: 0x000030e4, Max: 0x00080000, ABSOLUTE, COMPRESSED[0x00002f50])

    Execution Region ER_IROM1 (Exec base: 0x08000000, Load base: 0x08000000, Size: 0x00002e58, Max: 0x00080000, ABSOLUTE)

    Exec Addr    Load Addr    Size         Type   Attr      Idx    E Section Name        Object

    0x08000000   0x08000000   0x00000130   Data   RO         3390    RESET               startup_stm32f10x_hd.o
    0x08000130   0x08000130   0x00000000   Code   RO         3439  * .ARM.Collect$$$$00000000  mc_w.l(entry.o)
    0x08000130   0x08000130   0x00000004   Code   RO         3444    .ARM.Collect$$$$00000001  mc_w.l(entry2.o)
    0x08000134   0x08000134   0x00000004   Code   RO         3447    .ARM.Collect$$$$00000004  mc_w.l(entry5.o)
    0x08000138   0x08000138   0x00000000   Code   RO         3449    .ARM.Collect$$$$00000008  mc_w.l(entry7b.o)
    0x08000138   0x08000138   0x00000000   Code   RO         3451    .ARM.Collect$$$$0000000A  mc_w.l(entry8b.o)
    0x08000138   0x08000138   0x00000008   Code   RO         3452    .ARM.Collect$$$$0000000B  mc_w.l(entry9a.o)
    0x08000140   0x08000140   0x00000000   Code   RO         3454    .ARM.Collect$$$$0000000D  mc_w.l(entry10a.o)
    0x08000140   0x08000140   0x00000000   Code   RO         3456    .ARM.Collect$$$$0000000F  mc_w.l(entry11a.o)
    0x08000140   0x08000140   0x00000004   Code   RO         3445    .ARM.Collect$$$$00002712  mc_w.l(entry2.o)
    0x08000144   0x08000144   0x000000f4   Code   RO         1363    .text               context_rvds.o
    0x08000238   0x08000238   0x00000024   Code   RO         3391    .text               startup_stm32f10x_hd.o
    0x0800025c   0x0800025c   0x00000024   Code   RO         3458    .text               mc_w.l(init.o)
    0x08000280   0x08000280   0x00000056   Code   RO         3468    .text               mc_w.l(__dczerorl2.o)
    0x080002d6   0x080002d6   0x0000000e   Code   RO          404    i.$Sub$$main        components.o
    0x080002e4   0x080002e4   0x00000004   Code   RO          192    i.BusFault_Handler  stm32f10x_it.o
    0x080002e8   0x080002e8   0x00000002   Code   RO          193    i.DebugMon_Handler  stm32f10x_it.o
    0x080002ea   0x080002ea   0x00000004   Code   RO         1729    i.GPIO_ResetBits    stm32f10x_gpio.o
    0x080002ee   0x080002ee   0x00000004   Code   RO         1730    i.GPIO_SetBits      stm32f10x_gpio.o
    0x080002f2   0x080002f2   0x00000002   PAD
    0x080002f4   0x080002f4   0x0000009c   Code   RO         1595    i.KEY_Scan          key.o
    0x08000390   0x08000390   0x00000004   Code   RO          195    i.MemManage_Handler  stm32f10x_it.o
    0x08000394   0x08000394   0x00000002   Code   RO          196    i.NMI_Handler       stm32f10x_it.o
    0x08000396   0x08000396   0x00000040   Code   RO         1434    i.OLED_Clear        oled.o
    0x080003d6   0x080003d6   0x0000002e   Code   RO         1439    i.OLED_Set_Pos      oled.o
    0x08000404   0x08000404   0x000000a8   Code   RO         1441    i.OLED_ShowChar     oled.o
    0x080004ac   0x080004ac   0x00000084   Code   RO         1442    i.OLED_ShowNum      oled.o
    0x08000530   0x08000530   0x00000048   Code   RO         1443    i.OLED_ShowString   oled.o
    0x08000578   0x08000578   0x00000070   Code   RO         1444    i.OLED_WR_Byte      oled.o
    0x080005e8   0x080005e8   0x00000002   Code   RO          198    i.SVC_Handler       stm32f10x_it.o
    0x080005ea   0x080005ea   0x00000008   Code   RO         3405    i.SetSysClock       system_stm32f10x.o
    0x080005f2   0x080005f2   0x00000002   PAD
    0x080005f4   0x080005f4   0x000000e0   Code   RO         3406    i.SetSysClockTo72   system_stm32f10x.o
    0x080006d4   0x080006d4   0x00000010   Code   RO          249    i.SysTick_Handler   board.o
    0x080006e4   0x080006e4   0x00000060   Code   RO         3408    i.SystemInit        system_stm32f10x.o
    0x08000744   0x08000744   0x00000084   Code   RO         1570    i.TIM2_IRQHandler   time.o
    0x080007c8   0x080007c8   0x00000006   Code   RO         2435    i.TIM_ClearITPendingBit  stm32f10x_tim.o
    0x080007ce   0x080007ce   0x00000022   Code   RO         2461    i.TIM_GetITStatus   stm32f10x_tim.o
    0x080007f0   0x080007f0   0x00000004   Code   RO          199    i.UsageFault_Handler  stm32f10x_it.o
    0x080007f4   0x080007f4   0x0000004c   Code   RO          727    i.__rt_ffs          kservice.o
    0x08000840   0x08000840   0x0000000e   Code   RO         3462    i.__scatterload_copy  mc_w.l(handlers.o)
    0x0800084e   0x0800084e   0x00000002   Code   RO         3463    i.__scatterload_null  mc_w.l(handlers.o)
    0x08000850   0x08000850   0x0000000e   Code   RO         3464    i.__scatterload_zeroinit  mc_w.l(handlers.o)
    0x0800085e   0x0800085e   0x00000002   PAD
    0x08000860   0x08000860   0x00000014   Code   RO          478    i._has_defunct_thread  idle.o
    0x08000874   0x08000874   0x00000084   Code   RO         1123    i._rt_thread_init   thread.o
    0x080008f8   0x080008f8   0x00000042   Code   RO         1244    i._rt_timer_init    timer.o
    0x0800093a   0x0800093a   0x0000002e   Code   RO         1245    i._rt_timer_remove  timer.o
    0x08000968   0x08000968   0x0000004c   Code   RO         1634    i.delay_ms          systick.o
    0x080009b4   0x080009b4   0x00000004   Code   RO            1    i.main              main.o
    0x080009b8   0x080009b8   0x0000000e   Code   RO          405    i.main_thread_entry  components.o
    0x080009c6   0x080009c6   0x00000016   Code   RO         1446    i.oled_pow          oled.o
    0x080009dc   0x080009dc   0x00000078   Code   RO          904    i.plug_holes        mem.o
    0x08000a54   0x08000a54   0x00000198   Code   RO          729    i.print_number      kservice.o
    0x08000bec   0x08000bec   0x00000030   Code   RO          406    i.rt_application_init  components.o
    0x08000c1c   0x08000c1c   0x0000001c   Code   RO          407    i.rt_components_board_init  components.o
    0x08000c38   0x08000c38   0x0000001c   Code   RO          408    i.rt_components_init  components.o
    0x08000c54   0x08000c54   0x00000020   Code   RO         1042    i.rt_enter_critical  scheduler.o
    0x08000c74   0x08000c74   0x0000003c   Code   RO         1043    i.rt_exit_critical  scheduler.o
    0x08000cb0   0x08000cb0   0x000000e0   Code   RO          906    i.rt_free           mem.o
    0x08000d90   0x08000d90   0x00000008   Code   RO          250    i.rt_heap_begin_get  board.o
    0x08000d98   0x08000d98   0x00000008   Code   RO          251    i.rt_heap_end_get   board.o
    0x08000da0   0x08000da0   0x00000078   Code   RO          252    i.rt_hw_board_init  board.o
    0x08000e18   0x08000e18   0x00000002   Code   RO          732    i.rt_hw_console_output  kservice.o
    0x08000e1a   0x08000e1a   0x00000002   PAD
    0x08000e1c   0x08000e1c   0x00000200   Code   RO         1371    i.rt_hw_hard_fault_exception  cpuport.o
    0x0800101c   0x0800101c   0x0000004c   Code   RO         1372    i.rt_hw_stack_init  cpuport.o
    0x08001068   0x08001068   0x00000020   Code   RO          700    i.rt_interrupt_enter  irq.o
    0x08001088   0x08001088   0x00000020   Code   RO          702    i.rt_interrupt_leave  irq.o
    0x080010a8   0x080010a8   0x00000014   Code   RO          525    i.rt_ipc_list_resume  ipc.o
    0x080010bc   0x080010bc   0x0000006c   Code   RO          527    i.rt_ipc_list_suspend  ipc.o
    0x08001128   0x08001128   0x00000010   Code   RO          528    i.rt_ipc_object_init  ipc.o
    0x08001138   0x08001138   0x00000030   Code   RO          733    i.rt_kprintf        kservice.o
    0x08001168   0x08001168   0x00000006   Code   RO          529    i.rt_list_init      ipc.o
    0x0800116e   0x0800116e   0x00000006   Code   RO         1044    i.rt_list_init      scheduler.o
    0x08001174   0x08001174   0x00000006   Code   RO         1246    i.rt_list_init      timer.o
    0x0800117a   0x0800117a   0x0000000e   Code   RO          966    i.rt_list_insert_after  object.o
    0x08001188   0x08001188   0x0000000e   Code   RO         1124    i.rt_list_insert_after  thread.o
    0x08001196   0x08001196   0x0000000e   Code   RO         1247    i.rt_list_insert_after  timer.o
    0x080011a4   0x080011a4   0x0000000e   Code   RO          530    i.rt_list_insert_before  ipc.o
    0x080011b2   0x080011b2   0x00000010   Code   RO          531    i.rt_list_isempty   ipc.o
    0x080011c2   0x080011c2   0x00000010   Code   RO         1248    i.rt_list_isempty   timer.o
    0x080011d2   0x080011d2   0x00000012   Code   RO          967    i.rt_list_remove    object.o
    0x080011e4   0x080011e4   0x00000012   Code   RO         1125    i.rt_list_remove    thread.o
    0x080011f6   0x080011f6   0x00000002   PAD
    0x080011f8   0x080011f8   0x0000016c   Code   RO          907    i.rt_malloc         mem.o
    0x08001364   0x08001364   0x00000048   Code   RO          739    i.rt_memset         kservice.o
    0x080013ac   0x080013ac   0x00000054   Code   RO          968    i.rt_object_allocate  object.o
    0x08001400   0x08001400   0x00000024   Code   RO          969    i.rt_object_delete  object.o
    0x08001424   0x08001424   0x0000001e   Code   RO          970    i.rt_object_detach  object.o
    0x08001442   0x08001442   0x00000002   PAD
    0x08001444   0x08001444   0x00000028   Code   RO          972    i.rt_object_get_information  object.o
    0x0800146c   0x0800146c   0x0000003c   Code   RO          974    i.rt_object_init    object.o
    0x080014a8   0x080014a8   0x00000012   Code   RO          975    i.rt_object_is_systemobject  object.o
    0x080014ba   0x080014ba   0x00000002   PAD
    0x080014bc   0x080014bc   0x00000090   Code   RO         1045    i.rt_schedule       scheduler.o
    0x0800154c   0x0800154c   0x00000050   Code   RO         1046    i.rt_schedule_insert_thread  scheduler.o
    0x0800159c   0x0800159c   0x00000054   Code   RO         1047    i.rt_schedule_remove_thread  scheduler.o
    0x080015f0   0x080015f0   0x00000026   Code   RO          544    i.rt_sem_init       ipc.o
    0x08001616   0x08001616   0x0000003a   Code   RO          545    i.rt_sem_release    ipc.o
    0x08001650   0x08001650   0x00000074   Code   RO          546    i.rt_sem_take       ipc.o
    0x080016c4   0x080016c4   0x000000b0   Code   RO          741    i.rt_show_version   kservice.o
    0x08001774   0x08001774   0x0000007c   Code   RO         1249    i.rt_soft_timer_check  timer.o
    0x080017f0   0x080017f0   0x00000012   Code   RO          747    i.rt_strlen         kservice.o
    0x08001802   0x08001802   0x00000034   Code   RO          749    i.rt_strncpy        kservice.o
    0x08001836   0x08001836   0x00000002   PAD
    0x08001838   0x08001838   0x000000f8   Code   RO          910    i.rt_system_heap_init  mem.o
    0x08001930   0x08001930   0x0000004c   Code   RO         1048    i.rt_system_scheduler_init  scheduler.o
    0x0800197c   0x0800197c   0x00000030   Code   RO         1049    i.rt_system_scheduler_start  scheduler.o
    0x080019ac   0x080019ac   0x0000001c   Code   RO         1250    i.rt_system_timer_init  timer.o
    0x080019c8   0x080019c8   0x00000054   Code   RO         1251    i.rt_system_timer_thread_init  timer.o
    0x08001a1c   0x08001a1c   0x00000050   Code   RO         1127    i.rt_thread_create  thread.o
    0x08001a6c   0x08001a6c   0x0000000c   Code   RO         1128    i.rt_thread_delay   thread.o
    0x08001a78   0x08001a78   0x00000054   Code   RO         1131    i.rt_thread_exit    thread.o
    0x08001acc   0x08001acc   0x00000008   Code   RO          479    i.rt_thread_idle_entry  idle.o
    0x08001ad4   0x08001ad4   0x00000084   Code   RO          480    i.rt_thread_idle_excute  idle.o
    0x08001b58   0x08001b58   0x0000003c   Code   RO          482    i.rt_thread_idle_init  idle.o
    0x08001b94   0x08001b94   0x00000034   Code   RO         1133    i.rt_thread_init    thread.o
    0x08001bc8   0x08001bc8   0x0000003c   Code   RO         1135    i.rt_thread_resume  thread.o
    0x08001c04   0x08001c04   0x0000000c   Code   RO         1136    i.rt_thread_self    thread.o
    0x08001c10   0x08001c10   0x00000044   Code   RO         1137    i.rt_thread_sleep   thread.o
    0x08001c54   0x08001c54   0x0000002c   Code   RO         1138    i.rt_thread_startup  thread.o
    0x08001c80   0x08001c80   0x00000044   Code   RO         1139    i.rt_thread_suspend  thread.o
    0x08001cc4   0x08001cc4   0x00000020   Code   RO         1140    i.rt_thread_timeout  thread.o
    0x08001ce4   0x08001ce4   0x00000044   Code   RO         1252    i.rt_thread_timer_entry  timer.o
    0x08001d28   0x08001d28   0x00000064   Code   RO         1141    i.rt_thread_yield   thread.o
    0x08001d8c   0x08001d8c   0x0000000c   Code   RO          368    i.rt_tick_get       clock.o
    0x08001d98   0x08001d98   0x00000030   Code   RO          369    i.rt_tick_increase  clock.o
    0x08001dc8   0x08001dc8   0x0000007c   Code   RO         1253    i.rt_timer_check    timer.o
    0x08001e44   0x08001e44   0x00000038   Code   RO         1254    i.rt_timer_control  timer.o
    0x08001e7c   0x08001e7c   0x00000020   Code   RO         1257    i.rt_timer_detach   timer.o
    0x08001e9c   0x08001e9c   0x0000002e   Code   RO         1258    i.rt_timer_init     timer.o
    0x08001eca   0x08001eca   0x0000001c   Code   RO         1259    i.rt_timer_list_next_timeout  timer.o
    0x08001ee6   0x08001ee6   0x00000002   PAD
    0x08001ee8   0x08001ee8   0x0000012c   Code   RO         1261    i.rt_timer_start    timer.o
    0x08002014   0x08002014   0x00000030   Code   RO         1262    i.rt_timer_stop     timer.o
    0x08002044   0x08002044   0x00000328   Code   RO          752    i.rt_vsnprintf      kservice.o
    0x0800236c   0x0800236c   0x00000004   Code   RO          409    i.rti_board_end     components.o
    0x08002370   0x08002370   0x00000004   Code   RO          410    i.rti_board_start   components.o
    0x08002374   0x08002374   0x00000004   Code   RO          411    i.rti_end           components.o
    0x08002378   0x08002378   0x00000004   Code   RO          412    i.rti_start         components.o
    0x0800237c   0x0800237c   0x0000002a   Code   RO          413    i.rtthread_startup  components.o
    0x080023a6   0x080023a6   0x00000002   PAD
    0x080023a8   0x080023a8   0x00000120   Code   RO         1447    i.showpage          oled.o
    0x080024c8   0x080024c8   0x00000026   Code   RO          754    i.skip_atoi         kservice.o
    0x080024ee   0x080024ee   0x00000122   Data   RO          756    .constdata          kservice.o
    0x08002610   0x08002610   0x00000818   Data   RO         1450    .constdata          oled.o
    0x08002e28   0x08002e28   0x00000004   Data   RO          414    .rti_fn.0           components.o
    0x08002e2c   0x08002e2c   0x00000004   Data   RO          415    .rti_fn.0.end       components.o
    0x08002e30   0x08002e30   0x00000004   Data   RO          416    .rti_fn.1.end       components.o
    0x08002e34   0x08002e34   0x00000004   Data   RO          417    .rti_fn.6.end       components.o
    0x08002e38   0x08002e38   0x00000020   Data   RO         3460    Region$$Table       anon$$obj.o


    Execution Region RW_IRAM1 (Exec base: 0x20000000, Load base: 0x08002e58, Size: 0x00001d10, Max: 0x00010000, ABSOLUTE, COMPRESSED[0x000000f8])

    Exec Addr    Load Addr    Size         Type   Attr      Idx    E Section Name        Object

    0x20000000   COMPRESSED   0x00000004   Data   RW          371    .data               clock.o
    0x20000004   COMPRESSED   0x00000001   Data   RW          703    .data               irq.o
    0x20000005   COMPRESSED   0x00000003   PAD
    0x20000008   COMPRESSED   0x00000018   Data   RW          912    .data               mem.o
    0x20000020   COMPRESSED   0x00000050   Data   RW          977    .data               object.o
    0x20000070   COMPRESSED   0x00000018   Data   RW         1051    .data               scheduler.o
    0x20000088   COMPRESSED   0x00000014   Data   RW         1264    .data               timer.o
    0x2000009c   COMPRESSED   0x00000010   Data   RW         1373    .data               cpuport.o
    0x200000ac   COMPRESSED   0x000001c2   Data   RW         1451    .data               oled.o
    0x2000026e   COMPRESSED   0x00000001   Data   RW         1572    .data               time.o
    0x2000026f   COMPRESSED   0x00000002   Data   RW         1596    .data               key.o
    0x20000271   COMPRESSED   0x00000001   PAD
    0x20000272   COMPRESSED   0x00000004   Data   RW         1636    .data               systick.o
    0x20000276   COMPRESSED   0x00000002   PAD
    0x20000278   COMPRESSED   0x00000014   Data   RW         3409    .data               system_stm32f10x.o
    0x2000028c        -       0x00001000   Zero   RW          253    .bss                board.o
    0x2000128c        -       0x00000180   Zero   RW          483    .bss                idle.o
    0x2000140c        -       0x00000080   Zero   RW          755    .bss                kservice.o
    0x2000148c        -       0x00000020   Zero   RW          911    .bss                mem.o
    0x200014ac        -       0x00000100   Zero   RW         1050    .bss                scheduler.o
    0x200015ac        -       0x00000280   Zero   RW         1263    .bss                timer.o
    0x2000182c        -       0x000000e0   Zero   RW         1449    .bss                oled.o
    0x2000190c   COMPRESSED   0x00000004   PAD
    0x20001910        -       0x00000400   Zero   RW         3388    STACK               startup_stm32f10x_hd.o


==============================================================================

Image component sizes


      Code (inc. data)   RO Data    RW Data    ZI Data      Debug   Object Name

       152         22          0          0       4096     220970   board.o
        60         12          0          4          0       1201   clock.o
       190         30         16          0          0       5820   components.o
       244         26          0          0          0        820   context_rvds.o
       588        328          0         16          0       3314   cpuport.o
       220         30          0          0        384       5542   idle.o
       392          0          0          0          0       8229   ipc.o
        64         12          0          1          0       1590   irq.o
       156          8          0          2          0        933   key.o
      1698        164        290          0        128       9283   kservice.o
         4          0          0          0          0      39479   main.o
       956        224          0         24         32       3892   mem.o
       300          4          0         80          0       8176   object.o
       904         26       2072        450        224       8079   oled.o
       530         88          0         24        256       8410   scheduler.o
        36          8        304          0       1024        824   startup_stm32f10x_hd.o
         8          0          0          0          0       2224   stm32f10x_gpio.o
        18          0          0          0          0       2647   stm32f10x_it.o
        40          0          0          0          0       1938   stm32f10x_tim.o
       328         28          0         20          0       2329   system_stm32f10x.o
        76          4          0          4          0        755   systick.o
       776         36          0          0          0      11759   thread.o
       132         16          0          1          0        750   time.o
      1086         64          0         20        640      13118   timer.o

    ----------------------------------------------------------------------
      8976       1130       2714        652       6788     362082   Object Totals
         0          0         32          0          0          0   (incl. Generated)
        18          0          0          6          4          0   (incl. Padding)

    ----------------------------------------------------------------------

      Code (inc. data)   RO Data    RW Data    ZI Data      Debug   Library Member Name

        86          0          0          0          0          0   __dczerorl2.o
         0          0          0          0          0          0   entry.o
         0          0          0          0          0          0   entry10a.o
         0          0          0          0          0          0   entry11a.o
         8          4          0          0          0          0   entry2.o
         4          0          0          0          0          0   entry5.o
         0          0          0          0          0          0   entry7b.o
         0          0          0          0          0          0   entry8b.o
         8          4          0          0          0          0   entry9a.o
        30          0          0          0          0          0   handlers.o
        36          8          0          0          0         68   init.o

    ----------------------------------------------------------------------
       174         16          0          0          0         68   Library Totals
         2          0          0          0          0          0   (incl. Padding)

    ----------------------------------------------------------------------

      Code (inc. data)   RO Data    RW Data    ZI Data      Debug   Library Name

       172         16          0          0          0         68   mc_w.l

    ----------------------------------------------------------------------
       174         16          0          0          0         68   Library Totals

    ----------------------------------------------------------------------

==============================================================================


      Code (inc. data)   RO Data    RW Data    ZI Data      Debug   

      9150       1146       2714        652       6788     356454   Grand Totals
      9150       1146       2714        248       6788     356454   ELF Image Totals (compressed)
      9150       1146       2714        248          0          0   ROM Totals

==============================================================================

    Total RO  Size (Code + RO Data)                11864 (  11.59kB)
    Total RW  Size (RW Data + ZI Data)              7440 (   7.27kB)
    Total ROM Size (Code + RO Data + RW Data)      12112 (  11.83kB)

==============================================================================

