<html>
<body>
<pre>
<h1>礦ision Build Log</h1>
<h2>Tool Versions:</h2>
IDE-Version: μVision V5.28.0.0
Copyright (C) 2019 ARM Ltd and ARM Germany GmbH. All rights reserved.
License Information: fjq Microsoft, Microsoft, LIC=BUUPC-7R4IF-CWE2K-Z6I6E-YPS1K-PMZB7
 
Tool Versions:
Toolchain:       MDK-ARM Plus  Version: 5.28.0.0
Toolchain Path:  C:\Keil_v5\ARM\ARMCC\Bin
C Compiler:      Armcc.exe V5.06 update 6 (build 750)
Assembler:       Armasm.exe V5.06 update 6 (build 750)
Linker/Locator:  ArmLink.exe V5.06 update 6 (build 750)
Library Manager: ArmAr.exe V5.06 update 6 (build 750)
Hex Converter:   FromElf.exe V5.06 update 6 (build 750)
CPU DLL:         SARMCM3.DLL V5.28.0.0
Dialog DLL:      DCM.DLL V1.17.3.0
Target DLL:      UL2CM3.DLL V1.162.16.0
Dialog DLL:      TCM.DLL V1.36.2.0
 
<h2>Project:</h2>
C:\Users\Administrator\Desktop\电赛\electronics_design_competition\project-电赛准备-移植RTT\diansai.uvprojx
Project File Date:  07/30/2019

<h2>Output:</h2>
*** Using Compiler 'V5.06 update 6 (build 750)', folder: 'C:\Keil_v5\ARM\ARMCC\Bin'
Build target 'Target 1'
compiling uart_handle.c...
App\Uart_handle\uart_handle.h(8): warning:  #1-D: last line of file ends without a newline
  #endif
App\Uart_handle\uart_handle.c(25): warning:  #1-D: last line of file ends without a newline
  }
App\Uart_handle\uart_handle.c: 2 warnings, 0 errors
compiling display.c...
App\Display\display.h(9): warning:  #1-D: last line of file ends without a newline
  #endif
.\User\board.h(21): warning:  #1-D: last line of file ends without a newline
  #endif
.\App\Uart_handle\uart_handle.h(8): warning:  #1-D: last line of file ends without a newline
  #endif
.\App\Uart_handle\key_handle.h(18): warning:  #1-D: last line of file ends without a newline
  #endif
.\User\include.h(5): warning:  #1-D: last line of file ends without a newline
  #include "task_readAT24c02.h"
.\App\Task_tesk\task_readAT24c02.h(10): warning:  #1-D: last line of file ends without a newline
  #endif
App\Display\display.c(137): warning:  #1-D: last line of file ends without a newline
  }
App\Display\display.c: 7 warnings, 0 errors
compiling board.c...
.\User\board.h(21): warning:  #1-D: last line of file ends without a newline
  #endif
.\App\Uart_handle\key_handle.h(18): warning:  #1-D: last line of file ends without a newline
  #endif
RT-Thread\bsp\board.c: 2 warnings, 0 errors
compiling main.c...
User\board.h(21): warning:  #1-D: last line of file ends without a newline
  #endif
.\App\Display\display.h(9): warning:  #1-D: last line of file ends without a newline
  #endif
.\App\Uart_handle\uart_handle.h(8): warning:  #1-D: last line of file ends without a newline
  #endif
.\App\Uart_handle\key_handle.h(18): warning:  #1-D: last line of file ends without a newline
  #endif
User\include.h(5): warning:  #1-D: last line of file ends without a newline
  #include "task_readAT24c02.h"
.\App\Task_tesk\task_readAT24c02.h(10): warning:  #1-D: last line of file ends without a newline
  #endif
User\main.c(182): warning:  #1-D: last line of file ends without a newline
  }
User\main.c: 7 warnings, 0 errors
compiling key_handle.c...
.\App\Uart_handle\key_handle.h(18): warning:  #1-D: last line of file ends without a newline
  #endif
.\User\board.h(21): warning:  #1-D: last line of file ends without a newline
  #endif
.\App\Display\display.h(9): warning:  #1-D: last line of file ends without a newline
  #endif
.\App\Uart_handle\uart_handle.h(8): warning:  #1-D: last line of file ends without a newline
  #endif
.\User\include.h(5): warning:  #1-D: last line of file ends without a newline
  #include "task_readAT24c02.h"
.\App\Task_tesk\task_readAT24c02.h(10): warning:  #1-D: last line of file ends without a newline
  #endif
App\Key_handle\key_handle.c(151): warning:  #1-D: last line of file ends without a newline
  }
App\Key_handle\key_handle.c: 7 warnings, 0 errors
compiling bsp_usart.c...
compiling task_readAt24c02.c...
App\Task_tesk\task_readAT24c02.h(10): warning:  #1-D: last line of file ends without a newline
  #endif
.\App\Uart_handle\key_handle.h(18): warning:  #1-D: last line of file ends without a newline
  #endif
App\Task_tesk\task_readAt24c02.c(51): warning:  #1-D: last line of file ends without a newline
  }
App\Task_tesk\task_readAt24c02.c: 3 warnings, 0 errors
compiling bsp_key.c...
compiling bsp_oled.c...
Peripheral\OLED\bsp_oled.c(397): warning:  #167-D: argument of type "char *" is incompatible with parameter of type "u8 *"
  				OLED_ShowString(0, (8/row_num)*i, page[i].srt);
Peripheral\OLED\bsp_oled.c(408): warning:  #167-D: argument of type "char *" is incompatible with parameter of type "u8 *"
  				OLED_ShowString(0, (8/row_num)*i, page[2*i].srt);
Peripheral\OLED\bsp_oled.c(410): warning:  #167-D: argument of type "char *" is incompatible with parameter of type "u8 *"
  				OLED_ShowString(64, (8/row_num)*i, page[2*i+1].srt);
Peripheral\OLED\bsp_oled.c: 3 warnings, 0 errors
compiling bsp_24cxx.c...
compiling bsp_time.c...
Peripheral\time\bsp_time.c(58): warning:  #223-D: function "KEY_Scan" declared implicitly
  			key_num = KEY_Scan(0);
Peripheral\time\bsp_time.c: 1 warning, 0 errors
compiling sys.c...
compiling SysTick.c...
compiling bsp_iic.c...
.\User\board.h(21): warning:  #1-D: last line of file ends without a newline
  #endif
Public\iic\bsp_iic.c: 1 warning, 0 errors
compiling bsp_pwm.c...
linking...
Program Size: Code=16664 RO-data=2716 RW-data=716 ZI-data=8020  
FromELF: creating hex file...
".\Objects\diansai.axf" - 0 Error(s), 33 Warning(s).

<h2>Software Packages used:</h2>

Package Vendor: Keil
                http://www.keil.com/pack/Keil.STM32F1xx_DFP.1.0.5.pack
                Keil.STM32F1xx_DFP.1.0.5
                STMicroelectronics STM32F1 Series Device Support, Drivers and Examples

<h2>Collection of Component include folders:</h2>
  .\RTE\_Target_1
  C:\Keil_v5\ARM\PACK\Keil\STM32F1xx_DFP\1.0.5\Device\Include

<h2>Collection of Component Files used:</h2>
Build Time Elapsed:  00:00:04
</pre>
</body>
</html>
