<html>
<body>
<pre>
<h1>礦ision Build Log</h1>
<h2>Tool Versions:</h2>
IDE-Version: μVision V5.28.0.0
Copyright (C) 2019 ARM Ltd and ARM Germany GmbH. All rights reserved.
License Information: fjq Microsoft, Microsoft, LIC=BUUPC-7R4IF-CWE2K-Z6I6E-YPS1K-PMZB7
 
Tool Versions:
Toolchain:       MDK-ARM Plus  Version: 5.28.0.0
Toolchain Path:  C:\Keil_v5\ARM\ARMCC\Bin
C Compiler:      Armcc.exe V5.06 update 6 (build 750)
Assembler:       Armasm.exe V5.06 update 6 (build 750)
Linker/Locator:  ArmLink.exe V5.06 update 6 (build 750)
Library Manager: ArmAr.exe V5.06 update 6 (build 750)
Hex Converter:   FromElf.exe V5.06 update 6 (build 750)
CPU DLL:         SARMCM3.DLL V5.28.0.0
Dialog DLL:      DCM.DLL V1.17.3.0
Target DLL:      Segger\JL2CM3.dll V2.99.36.0
Dialog DLL:      TCM.DLL V1.36.2.0
 
<h2>Project:</h2>
C:\Users\Administrator\Desktop\电赛\electronics_design_competition\project-电赛准备-移植RTT\diansai.uvprojx
Project File Date:  07/26/2019

<h2>Output:</h2>
*** Using Compiler 'V5.06 update 6 (build 750)', folder: 'C:\Keil_v5\ARM\ARMCC\Bin'
Build target 'Target 1'
compiling main.c...
User\board.h(18): warning:  #1-D: last line of file ends without a newline
  #endif
.\App\Display\display.h(10): warning:  #1-D: last line of file ends without a newline
  #endif
.\App\Uart_handle\uart_handle.h(8): warning:  #1-D: last line of file ends without a newline
  #endif
User\include.h(4): warning:  #1-D: last line of file ends without a newline
  #include "key_handle.h"
.\App\Uart_handle\key_handle.h(15): warning:  #1-D: last line of file ends without a newline
  #endif
User\main.c(137): warning:  #1-D: last line of file ends without a newline
  }
User\main.c: 6 warnings, 0 errors
linking...
Program Size: Code=14360 RO-data=2716 RW-data=704 ZI-data=7984  
FromELF: creating hex file...
".\Objects\diansai.axf" - 0 Error(s), 6 Warning(s).

<h2>Software Packages used:</h2>

Package Vendor: Keil
                http://www.keil.com/pack/Keil.STM32F1xx_DFP.1.0.5.pack
                Keil.STM32F1xx_DFP.1.0.5
                STMicroelectronics STM32F1 Series Device Support, Drivers and Examples

<h2>Collection of Component include folders:</h2>
  .\RTE\_Target_1
  C:\Keil_v5\ARM\PACK\Keil\STM32F1xx_DFP\1.0.5\Device\Include

<h2>Collection of Component Files used:</h2>
Build Time Elapsed:  00:00:01
</pre>
</body>
</html>
