Component: ARM Compiler 5.06 update 6 (build 750) Tool: armlink [4d35ed]

==============================================================================

Section Cross References

    main.o(i.main) refers to kservice.o(i.rt_kprintf) for rt_kprintf
    main.o(i.main) refers to main.o(i.my_ipc_create) for my_ipc_create
    main.o(i.main) refers to main.o(i.my_timer_create) for my_timer_create
    main.o(i.main) refers to main.o(i.my_thread_create) for my_thread_create
    main.o(i.main) refers to main.o(i.my_thread_startup) for my_thread_startup
    main.o(i.my_ipc_create) refers to ipc.o(i.rt_sem_create) for rt_sem_create
    main.o(i.my_ipc_create) refers to kservice.o(i.rt_kprintf) for rt_kprintf
    main.o(i.my_ipc_create) refers to ipc.o(i.rt_mb_create) for rt_mb_create
    main.o(i.my_ipc_create) refers to uart_handle.o(.data) for sem_uart
    main.o(i.my_ipc_create) refers to bsp_key.o(.data) for mb_key
    main.o(i.my_ipc_create) refers to display.o(.data) for mb_display
    main.o(i.my_thread_create) refers to thread.o(i.rt_thread_create) for rt_thread_create
    main.o(i.my_thread_create) refers to kservice.o(i.rt_kprintf) for rt_kprintf
    main.o(i.my_thread_create) refers to uart_handle.o(i.uarthandle_thread_entry) for uarthandle_thread_entry
    main.o(i.my_thread_create) refers to uart_handle.o(.data) for uarthandle_thread
    main.o(i.my_thread_create) refers to key_handle.o(i.keyhandle_thread_entry) for keyhandle_thread_entry
    main.o(i.my_thread_create) refers to key_handle.o(.data) for keyhandle_thread
    main.o(i.my_thread_create) refers to display.o(i.display_thread_entry) for display_thread_entry
    main.o(i.my_thread_create) refers to display.o(.data) for display_thread
    main.o(i.my_thread_startup) refers to thread.o(i.rt_thread_startup) for rt_thread_startup
    main.o(i.my_thread_startup) refers to kservice.o(i.rt_kprintf) for rt_kprintf
    main.o(i.my_thread_startup) refers to uart_handle.o(.data) for uarthandle_thread
    main.o(i.my_timer_create) refers to timer.o(i.rt_timer_create) for rt_timer_create
    main.o(i.my_timer_create) refers to timer.o(i.rt_timer_start) for rt_timer_start
    main.o(i.my_timer_create) refers to kservice.o(i.rt_kprintf) for rt_kprintf
    main.o(i.my_timer_create) refers to bsp_key.o(i.keyscan_callback) for keyscan_callback
    main.o(i.my_timer_create) refers to bsp_key.o(.data) for timer_keyscan
    board.o(i.SysTick_Handler) refers to irq.o(i.rt_interrupt_enter) for rt_interrupt_enter
    board.o(i.SysTick_Handler) refers to clock.o(i.rt_tick_increase) for rt_tick_increase
    board.o(i.SysTick_Handler) refers to irq.o(i.rt_interrupt_leave) for rt_interrupt_leave
    board.o(i.rt_heap_begin_get) refers to board.o(.bss) for rt_heap
    board.o(i.rt_heap_end_get) refers to board.o(.bss) for rt_heap
    board.o(i.rt_hw_board_init) refers to systick.o(i.SysTick_Init) for SysTick_Init
    board.o(i.rt_hw_board_init) refers to bsp_key.o(i.KEY_Init) for KEY_Init
    board.o(i.rt_hw_board_init) refers to bsp_oled.o(i.OLED_Init) for OLED_Init
    board.o(i.rt_hw_board_init) refers to bsp_oled.o(i.OLED_Clear) for OLED_Clear
    board.o(i.rt_hw_board_init) refers to bsp_oled.o(i.OLED_ShowString) for OLED_ShowString
    board.o(i.rt_hw_board_init) refers to bsp_usart.o(i.USARTx_DMA_Config) for USARTx_DMA_Config
    board.o(i.rt_hw_board_init) refers to bsp_usart.o(i.USART_Config) for USART_Config
    board.o(i.rt_hw_board_init) refers to key_handle.o(i.statetable_init) for statetable_init
    board.o(i.rt_hw_board_init) refers to components.o(i.rt_components_board_init) for rt_components_board_init
    board.o(i.rt_hw_board_init) refers to board.o(i.rt_heap_end_get) for rt_heap_end_get
    board.o(i.rt_hw_board_init) refers to board.o(i.rt_heap_begin_get) for rt_heap_begin_get
    board.o(i.rt_hw_board_init) refers to mem.o(i.rt_system_heap_init) for rt_system_heap_init
    board.o(i.rt_hw_board_init) refers to system_stm32f10x.o(.data) for SystemCoreClock
    board.o(i.rt_hw_console_output) refers to scheduler.o(i.rt_enter_critical) for rt_enter_critical
    board.o(i.rt_hw_console_output) refers to stm32f10x_usart.o(i.USART_SendData) for USART_SendData
    board.o(i.rt_hw_console_output) refers to stm32f10x_usart.o(i.USART_GetFlagStatus) for USART_GetFlagStatus
    board.o(i.rt_hw_console_output) refers to scheduler.o(i.rt_exit_critical) for rt_exit_critical
    display.o(i.display_thread_entry) refers to ipc.o(i.rt_mb_recv) for rt_mb_recv
    display.o(i.display_thread_entry) refers to display.o(i.task1_xxx_Display_init) for task1_xxx_Display_init
    display.o(i.display_thread_entry) refers to kservice.o(i.rt_kprintf) for rt_kprintf
    display.o(i.display_thread_entry) refers to display.o(i.main_Display_init) for main_Display_init
    display.o(i.display_thread_entry) refers to display.o(.data) for mb_display
    display.o(i.display_thread_entry) refers to bsp_key.o(.data) for key_num
[...]
    Removing stm32f10x_rcc.o(i.RCC_PCLK2Config), (24 bytes).
    Removing stm32f10x_rcc.o(i.RCC_PLLCmd), (12 bytes).
    Removing stm32f10x_rcc.o(i.RCC_PLLConfig), (28 bytes).
    Removing stm32f10x_rcc.o(i.RCC_RTCCLKCmd), (12 bytes).
    Removing stm32f10x_rcc.o(i.RCC_RTCCLKConfig), (16 bytes).
    Removing stm32f10x_rcc.o(i.RCC_SYSCLKConfig), (24 bytes).
    Removing stm32f10x_rcc.o(i.RCC_USBCLKConfig), (12 bytes).
    Removing stm32f10x_rcc.o(i.RCC_WaitForHSEStartUp), (56 bytes).
    Removing misc.o(i.NVIC_SetVectorTable), (20 bytes).
    Removing misc.o(i.NVIC_SystemLPConfig), (32 bytes).
    Removing stm32f10x_dma.o(i.DMA_ClearITPendingBit), (28 bytes).
    Removing stm32f10x_dma.o(i.DMA_DeInit), (332 bytes).
    Removing stm32f10x_dma.o(i.DMA_GetCurrDataCounter), (8 bytes).
    Removing stm32f10x_dma.o(i.DMA_GetFlagStatus), (44 bytes).
    Removing stm32f10x_dma.o(i.DMA_GetITStatus), (44 bytes).
    Removing stm32f10x_dma.o(i.DMA_SetCurrDataCounter), (4 bytes).
    Removing stm32f10x_dma.o(i.DMA_StructInit), (26 bytes).
    Removing startup_stm32f10x_hd.o(HEAP), (512 bytes).
    Removing core_cm3.o(.emb_text), (32 bytes).
    Removing system_stm32f10x.o(i.SystemCoreClockUpdate), (164 bytes).

349 unused section(s) (total 13960 bytes) removed from the image.

==============================================================================

Image Symbol Table

    Local Symbols

    Symbol Name                              Value     Ov Type        Size  Object(Section)

    ../clib/../cmprslib/zerorunl2.c          0x00000000   Number         0  __dczerorl2.o ABSOLUTE
    ../clib/microlib/init/entry.s            0x00000000   Number         0  entry9a.o ABSOLUTE
    ../clib/microlib/init/entry.s            0x00000000   Number         0  entry8b.o ABSOLUTE
    ../clib/microlib/init/entry.s            0x00000000   Number         0  entry8a.o ABSOLUTE
    ../clib/microlib/init/entry.s            0x00000000   Number         0  entry2.o ABSOLUTE
    ../clib/microlib/init/entry.s            0x00000000   Number         0  entry7b.o ABSOLUTE
    ../clib/microlib/init/entry.s            0x00000000   Number         0  entry7a.o ABSOLUTE
    ../clib/microlib/init/entry.s            0x00000000   Number         0  entry9b.o ABSOLUTE
    ../clib/microlib/init/entry.s            0x00000000   Number         0  entry5.o ABSOLUTE
    ../clib/microlib/init/entry.s            0x00000000   Number         0  entry10a.o ABSOLUTE
    ../clib/microlib/init/entry.s            0x00000000   Number         0  entry.o ABSOLUTE
    ../clib/microlib/init/entry.s            0x00000000   Number         0  entry10b.o ABSOLUTE
    ../clib/microlib/init/entry.s            0x00000000   Number         0  entry11a.o ABSOLUTE
    ../clib/microlib/init/entry.s            0x00000000   Number         0  entry11b.o ABSOLUTE
    ../clib/microlib/string/memset.c         0x00000000   Number         0  memseta.o ABSOLUTE
    ../clib/microlib/string/strcpy.c         0x00000000   Number         0  strcpy.o ABSOLUTE
    App\Display\display.c                    0x00000000   Number         0  display.o ABSOLUTE
    App\Key_handle\key_handle.c              0x00000000   Number         0  key_handle.o ABSOLUTE
    App\Uart_handle\uart_handle.c            0x00000000   Number         0  uart_handle.o ABSOLUTE
    Libraries\CMSIS\core_cm3.c               0x00000000   Number         0  core_cm3.o ABSOLUTE
    Libraries\CMSIS\startup_stm32f10x_hd.s   0x00000000   Number         0  startup_stm32f10x_hd.o ABSOLUTE
    Libraries\CMSIS\system_stm32f10x.c       0x00000000   Number         0  system_stm32f10x.o ABSOLUTE
    Libraries\STM32F10x_StdPeriph_Driver\src\misc.c 0x00000000   Number         0  misc.o ABSOLUTE
    Libraries\STM32F10x_StdPeriph_Driver\src\stm32f10x_dma.c 0x00000000   Number         0  stm32f10x_dma.o ABSOLUTE
    Libraries\STM32F10x_StdPeriph_Driver\src\stm32f10x_exti.c 0x00000000   Number         0  stm32f10x_exti.o ABSOLUTE
    Libraries\STM32F10x_StdPeriph_Driver\src\stm32f10x_gpio.c 0x00000000   Number         0  stm32f10x_gpio.o ABSOLUTE
    Libraries\STM32F10x_StdPeriph_Driver\src\stm32f10x_i2c.c 0x00000000   Number         0  stm32f10x_i2c.o ABSOLUTE
    Libraries\STM32F10x_StdPeriph_Driver\src\stm32f10x_pwr.c 0x00000000   Number         0  stm32f10x_pwr.o ABSOLUTE
    Libraries\STM32F10x_StdPeriph_Driver\src\stm32f10x_rcc.c 0x00000000   Number         0  stm32f10x_rcc.o ABSOLUTE
    Libraries\STM32F10x_StdPeriph_Driver\src\stm32f10x_sdio.c 0x00000000   Number         0  stm32f10x_sdio.o ABSOLUTE
    Libraries\STM32F10x_StdPeriph_Driver\src\stm32f10x_spi.c 0x00000000   Number         0  stm32f10x_spi.o ABSOLUTE
    Libraries\STM32F10x_StdPeriph_Driver\src\stm32f10x_tim.c 0x00000000   Number         0  stm32f10x_tim.o ABSOLUTE
    Libraries\STM32F10x_StdPeriph_Driver\src\stm32f10x_usart.c 0x00000000   Number         0  stm32f10x_usart.o ABSOLUTE
    Libraries\\CMSIS\\core_cm3.c             0x00000000   Number         0  core_cm3.o ABSOLUTE
    Peripheral\OLED\bsp_oled.c               0x00000000   Number         0  bsp_oled.o ABSOLUTE
    Peripheral\key\bsp_key.c                 0x00000000   Number         0  bsp_key.o ABSOLUTE
    Peripheral\led\bsp_led.c                 0x00000000   Number         0  bsp_led.o ABSOLUTE
    Peripheral\pwm\bsp_pwm.c                 0x00000000   Number         0  bsp_pwm.o ABSOLUTE
    Peripheral\time\bsp_time.c               0x00000000   Number         0  bsp_time.o ABSOLUTE
    Peripheral\uart\bsp_usart.c              0x00000000   Number         0  bsp_usart.o ABSOLUTE
    Public\SysTick.c                         0x00000000   Number         0  systick.o ABSOLUTE
    Public\sys.c                             0x00000000   Number         0  sys.o ABSOLUTE
    RT-Thread\bsp\board.c                    0x00000000   Number         0  board.o ABSOLUTE
    RT-Thread\libcpu\arm\cortex-m3\context_rvds.S 0x00000000   Number         0  context_rvds.o ABSOLUTE
    RT-Thread\libcpu\arm\cortex-m3\cpuport.c 0x00000000   Number         0  cpuport.o ABSOLUTE
    RT-Thread\src\clock.c                    0x00000000   Number         0  clock.o ABSOLUTE
    RT-Thread\src\components.c               0x00000000   Number         0  components.o ABSOLUTE
    RT-Thread\src\device.c                   0x00000000   Number         0  device.o ABSOLUTE
    RT-Thread\src\idle.c                     0x00000000   Number         0  idle.o ABSOLUTE
    RT-Thread\src\ipc.c                      0x00000000   Number         0  ipc.o ABSOLUTE
    RT-Thread\src\irq.c                      0x00000000   Number         0  irq.o ABSOLUTE
    RT-Thread\src\kservice.c                 0x00000000   Number         0  kservice.o ABSOLUTE
    RT-Thread\src\mem.c                      0x00000000   Number         0  mem.o ABSOLUTE
    RT-Thread\src\memheap.c                  0x00000000   Number         0  memheap.o ABSOLUTE
    RT-Thread\src\mempool.c                  0x00000000   Number         0  mempool.o ABSOLUTE
    RT-Thread\src\object.c                   0x00000000   Number         0  object.o ABSOLUTE
    RT-Thread\src\scheduler.c                0x00000000   Number         0  scheduler.o ABSOLUTE
    RT-Thread\src\signal.c                   0x00000000   Number         0  signal.o ABSOLUTE
    RT-Thread\src\thread.c                   0x00000000   Number         0  thread.o ABSOLUTE
    RT-Thread\src\timer.c                    0x00000000   Number         0  timer.o ABSOLUTE
    User\main.c                              0x00000000   Number         0  main.o ABSOLUTE
    User\stm32f10x_it.c                      0x00000000   Number         0  stm32f10x_it.o ABSOLUTE
    dc.s                                     0x00000000   Number         0  dc.o ABSOLUTE
    handlers.s                               0x00000000   Number         0  handlers.o ABSOLUTE
    init.s                                   0x00000000   Number         0  init.o ABSOLUTE
    RESET                                    0x08000000   Section      304  startup_stm32f10x_hd.o(RESET)
    .ARM.Collect$$$$00000000                 0x08000130   Section        0  entry.o(.ARM.Collect$$$$00000000)
    .ARM.Collect$$$$00000001                 0x08000130   Section        4  entry2.o(.ARM.Collect$$$$00000001)
    .ARM.Collect$$$$00000004                 0x08000134   Section        4  entry5.o(.ARM.Collect$$$$00000004)
    .ARM.Collect$$$$00000008                 0x08000138   Section        0  entry7b.o(.ARM.Collect$$$$00000008)
    .ARM.Collect$$$$0000000A                 0x08000138   Section        0  entry8b.o(.ARM.Collect$$$$0000000A)
    .ARM.Collect$$$$0000000B                 0x08000138   Section        8  entry9a.o(.ARM.Collect$$$$0000000B)
    .ARM.Collect$$$$0000000D                 0x08000140   Section        0  entry10a.o(.ARM.Collect$$$$0000000D)
    .ARM.Collect$$$$0000000F                 0x08000140   Section        0  entry11a.o(.ARM.Collect$$$$0000000F)
    .ARM.Collect$$$$00002712                 0x08000140   Section        4  entry2.o(.ARM.Collect$$$$00002712)
    __lit__00000000                          0x08000140   Data           4  entry2.o(.ARM.Collect$$$$00002712)
    .text                                    0x08000144   Section      244  context_rvds.o(.text)
    .text                                    0x08000238   Section       36  startup_stm32f10x_hd.o(.text)
    .text                                    0x0800025c   Section        0  memseta.o(.text)
    .text                                    0x08000280   Section        0  strcpy.o(.text)
    .text                                    0x08000294   Section       36  init.o(.text)
    .text                                    0x080002b8   Section        0  __dczerorl2.o(.text)
    i.$Sub$$main                             0x0800030e   Section        0  components.o(i.$Sub$$main)
    i.BusFault_Handler                       0x0800031c   Section        0  stm32f10x_it.o(i.BusFault_Handler)
    i.DMA_ClearFlag                          0x08000320   Section        0  stm32f10x_dma.o(i.DMA_ClearFlag)
    i.DMA_Cmd                                0x0800033c   Section        0  stm32f10x_dma.o(i.DMA_Cmd)
    i.DMA_ITConfig                           0x08000354   Section        0  stm32f10x_dma.o(i.DMA_ITConfig)
    i.DMA_Init                               0x08000366   Section        0  stm32f10x_dma.o(i.DMA_Init)
    i.DebugMon_Handler                       0x080003a2   Section        0  stm32f10x_it.o(i.DebugMon_Handler)
    i.GPIO_Init                              0x080003a4   Section        0  stm32f10x_gpio.o(i.GPIO_Init)
    i.GPIO_ResetBits                         0x080004ba   Section        0  stm32f10x_gpio.o(i.GPIO_ResetBits)
    i.GPIO_SetBits                           0x080004be   Section        0  stm32f10x_gpio.o(i.GPIO_SetBits)
    i.KEY_Init                               0x080004c4   Section        0  bsp_key.o(i.KEY_Init)
    i.KEY_Scan                               0x080004f0   Section        0  bsp_key.o(i.KEY_Scan)
    i.MemManage_Handler                      0x0800058c   Section        0  stm32f10x_it.o(i.MemManage_Handler)
    i.NMI_Handler                            0x08000590   Section        0  stm32f10x_it.o(i.NMI_Handler)
    i.NVIC_Configuration                     0x08000592   Section        0  bsp_usart.o(i.NVIC_Configuration)
    NVIC_Configuration                       0x08000593   Thumb Code    38  bsp_usart.o(i.NVIC_Configuration)
    i.NVIC_Init                              0x080005b8   Section        0  misc.o(i.NVIC_Init)
    i.NVIC_PriorityGroupConfig               0x08000628   Section        0  misc.o(i.NVIC_PriorityGroupConfig)
    i.OLED_Clear                             0x0800063c   Section        0  bsp_oled.o(i.OLED_Clear)
    i.OLED_Init                              0x0800067c   Section        0  bsp_oled.o(i.OLED_Init)
    i.OLED_Set_Pos                           0x08000814   Section        0  bsp_oled.o(i.OLED_Set_Pos)
    i.OLED_ShowChar                          0x08000844   Section        0  bsp_oled.o(i.OLED_ShowChar)
    i.OLED_ShowNum                           0x080008ec   Section        0  bsp_oled.o(i.OLED_ShowNum)
    i.OLED_ShowString                        0x08000970   Section        0  bsp_oled.o(i.OLED_ShowString)
    i.OLED_WR_Byte                           0x080009b8   Section        0  bsp_oled.o(i.OLED_WR_Byte)
    i.RCC_AHBPeriphClockCmd                  0x08000a28   Section        0  stm32f10x_rcc.o(i.RCC_AHBPeriphClockCmd)
    i.RCC_APB2PeriphClockCmd                 0x08000a48   Section        0  stm32f10x_rcc.o(i.RCC_APB2PeriphClockCmd)
    i.RCC_GetClocksFreq                      0x08000a68   Section        0  stm32f10x_rcc.o(i.RCC_GetClocksFreq)
    i.SVC_Handler                            0x08000b3c   Section        0  stm32f10x_it.o(i.SVC_Handler)
    i.SetSysClock                            0x08000b3e   Section        0  system_stm32f10x.o(i.SetSysClock)
    SetSysClock                              0x08000b3f   Thumb Code     8  system_stm32f10x.o(i.SetSysClock)
    i.SetSysClockTo72                        0x08000b48   Section        0  system_stm32f10x.o(i.SetSysClockTo72)
    SetSysClockTo72                          0x08000b49   Thumb Code   214  system_stm32f10x.o(i.SetSysClockTo72)
    i.SysTick_CLKSourceConfig                0x08000c28   Section        0  misc.o(i.SysTick_CLKSourceConfig)
    i.SysTick_Handler                        0x08000c50   Section        0  board.o(i.SysTick_Handler)
    i.SysTick_Init                           0x08000c60   Section        0  systick.o(i.SysTick_Init)
    i.SystemInit                             0x08000c9c   Section        0  system_stm32f10x.o(i.SystemInit)
    i.TIM2_IRQHandler                        0x08000cfc   Section        0  bsp_time.o(i.TIM2_IRQHandler)
    i.TIM_ClearITPendingBit                  0x08000d80   Section        0  stm32f10x_tim.o(i.TIM_ClearITPendingBit)
    i.TIM_GetITStatus                        0x08000d86   Section        0  stm32f10x_tim.o(i.TIM_GetITStatus)
    i.USART1_IRQHandler                      0x08000da8   Section        0  bsp_usart.o(i.USART1_IRQHandler)
    i.USART_Cmd                              0x08000dd0   Section        0  stm32f10x_usart.o(i.USART_Cmd)
    i.USART_Config                           0x08000de8   Section        0  bsp_usart.o(i.USART_Config)
    i.USART_DMACmd                           0x08000e84   Section        0  stm32f10x_usart.o(i.USART_DMACmd)
    i.USART_GetFlagStatus                    0x08000e96   Section        0  stm32f10x_usart.o(i.USART_GetFlagStatus)
    i.USART_GetITStatus                      0x08000eb0   Section        0  stm32f10x_usart.o(i.USART_GetITStatus)
    i.USART_ITConfig                         0x08000f04   Section        0  stm32f10x_usart.o(i.USART_ITConfig)
    i.USART_Init                             0x08000f50   Section        0  stm32f10x_usart.o(i.USART_Init)
    i.USART_ReceiveData                      0x08001028   Section        0  stm32f10x_usart.o(i.USART_ReceiveData)
    i.USART_SendData                         0x08001032   Section        0  stm32f10x_usart.o(i.USART_SendData)
    i.USARTx_DMA_Config                      0x0800103c   Section        0  bsp_usart.o(i.USARTx_DMA_Config)
    i.Uart_DMA_Rx_Data                       0x080010a8   Section        0  bsp_usart.o(i.Uart_DMA_Rx_Data)
    i.UsageFault_Handler                     0x080010e0   Section        0  stm32f10x_it.o(i.UsageFault_Handler)
    i.__rt_ffs                               0x080010e4   Section        0  kservice.o(i.__rt_ffs)
    i.__scatterload_copy                     0x08001130   Section       14  handlers.o(i.__scatterload_copy)
    i.__scatterload_null                     0x0800113e   Section        2  handlers.o(i.__scatterload_null)
    i.__scatterload_zeroinit                 0x08001140   Section       14  handlers.o(i.__scatterload_zeroinit)
    i._has_defunct_thread                    0x08001150   Section        0  idle.o(i._has_defunct_thread)
    _has_defunct_thread                      0x08001151   Thumb Code    16  idle.o(i._has_defunct_thread)
    i._rt_thread_init                        0x08001164   Section        0  thread.o(i._rt_thread_init)
    _rt_thread_init                          0x08001165   Thumb Code   124  thread.o(i._rt_thread_init)
    i._rt_timer_init                         0x080011e8   Section        0  timer.o(i._rt_timer_init)
    _rt_timer_init                           0x080011e9   Thumb Code    66  timer.o(i._rt_timer_init)
    i._rt_timer_remove                       0x0800122a   Section        0  timer.o(i._rt_timer_remove)
    _rt_timer_remove                         0x0800122b   Thumb Code    46  timer.o(i._rt_timer_remove)
    i.clearpage                              0x08001258   Section        0  bsp_oled.o(i.clearpage)
    i.delay_ms                               0x08001288   Section        0  systick.o(i.delay_ms)
    i.display_thread_entry                   0x080012d4   Section        0  display.o(i.display_thread_entry)
    i.keyhandle_thread_entry                 0x080013b4   Section        0  key_handle.o(i.keyhandle_thread_entry)
    i.keyscan_callback                       0x0800141c   Section        0  bsp_key.o(i.keyscan_callback)
    i.main                                   0x0800146c   Section        0  main.o(i.main)
    i.main_Display_init                      0x080014ac   Section        0  display.o(i.main_Display_init)
    i.main_thread_entry                      0x08001544   Section        0  components.o(i.main_thread_entry)
    i.my_ipc_create                          0x08001554   Section        0  main.o(i.my_ipc_create)
    i.my_thread_create                       0x08001624   Section        0  main.o(i.my_thread_create)
    i.my_thread_startup                      0x08001728   Section        0  main.o(i.my_thread_startup)
    i.my_timer_create                        0x08001764   Section        0  main.o(i.my_timer_create)
    i.oled_pow                               0x080017c8   Section        0  bsp_oled.o(i.oled_pow)
    i.plug_holes                             0x080017e0   Section        0  mem.o(i.plug_holes)
    plug_holes                               0x080017e1   Thumb Code   108  mem.o(i.plug_holes)
    i.print_number                           0x08001858   Section        0  kservice.o(i.print_number)
    print_number                             0x08001859   Thumb Code   400  kservice.o(i.print_number)
    i.rt_application_init                    0x080019f0   Section        0  components.o(i.rt_application_init)
    i.rt_components_board_init               0x08001a1c   Section        0  components.o(i.rt_components_board_init)
    i.rt_components_init                     0x08001a38   Section        0  components.o(i.rt_components_init)
    i.rt_enter_critical                      0x08001a54   Section        0  scheduler.o(i.rt_enter_critical)
    i.rt_exit_critical                       0x08001a74   Section        0  scheduler.o(i.rt_exit_critical)
    i.rt_free                                0x08001ab0   Section        0  mem.o(i.rt_free)
    i.rt_heap_begin_get                      0x08001b90   Section        0  board.o(i.rt_heap_begin_get)
    i.rt_heap_end_get                        0x08001b98   Section        0  board.o(i.rt_heap_end_get)
    i.rt_hw_board_init                       0x08001ba0   Section        0  board.o(i.rt_hw_board_init)
    i.rt_hw_console_output                   0x08001c4c   Section        0  board.o(i.rt_hw_console_output)
    i.rt_hw_hard_fault_exception             0x08001c9c   Section        0  cpuport.o(i.rt_hw_hard_fault_exception)
    i.rt_hw_stack_init                       0x08001e9c   Section        0  cpuport.o(i.rt_hw_stack_init)
    i.rt_interrupt_enter                     0x08001ee8   Section        0  irq.o(i.rt_interrupt_enter)
    i.rt_interrupt_leave                     0x08001f08   Section        0  irq.o(i.rt_interrupt_leave)
    i.rt_ipc_list_resume                     0x08001f28   Section        0  ipc.o(i.rt_ipc_list_resume)
    rt_ipc_list_resume                       0x08001f29   Thumb Code    20  ipc.o(i.rt_ipc_list_resume)
    i.rt_ipc_list_suspend                    0x08001f3c   Section        0  ipc.o(i.rt_ipc_list_suspend)
    rt_ipc_list_suspend                      0x08001f3d   Thumb Code   108  ipc.o(i.rt_ipc_list_suspend)
    i.rt_ipc_object_init                     0x08001fa8   Section        0  ipc.o(i.rt_ipc_object_init)
    rt_ipc_object_init                       0x08001fa9   Thumb Code    16  ipc.o(i.rt_ipc_object_init)
    i.rt_kprintf                             0x08001fb8   Section        0  kservice.o(i.rt_kprintf)
    i.rt_list_init                           0x08001fe8   Section        0  ipc.o(i.rt_list_init)
    rt_list_init                             0x08001fe9   Thumb Code     6  ipc.o(i.rt_list_init)
    i.rt_list_init                           0x08001fee   Section        0  scheduler.o(i.rt_list_init)
    rt_list_init                             0x08001fef   Thumb Code     6  scheduler.o(i.rt_list_init)
    i.rt_list_init                           0x08001ff4   Section        0  timer.o(i.rt_list_init)
    rt_list_init                             0x08001ff5   Thumb Code     6  timer.o(i.rt_list_init)
    i.rt_list_insert_after                   0x08001ffa   Section        0  object.o(i.rt_list_insert_after)
    rt_list_insert_after                     0x08001ffb   Thumb Code    14  object.o(i.rt_list_insert_after)
    i.rt_list_insert_after                   0x08002008   Section        0  thread.o(i.rt_list_insert_after)
    rt_list_insert_after                     0x08002009   Thumb Code    14  thread.o(i.rt_list_insert_after)
    i.rt_list_insert_after                   0x08002016   Section        0  timer.o(i.rt_list_insert_after)
    rt_list_insert_after                     0x08002017   Thumb Code    14  timer.o(i.rt_list_insert_after)
    i.rt_list_insert_before                  0x08002024   Section        0  ipc.o(i.rt_list_insert_before)
    rt_list_insert_before                    0x08002025   Thumb Code    14  ipc.o(i.rt_list_insert_before)
    i.rt_list_isempty                        0x08002032   Section        0  ipc.o(i.rt_list_isempty)
    rt_list_isempty                          0x08002033   Thumb Code    16  ipc.o(i.rt_list_isempty)
    i.rt_list_isempty                        0x08002042   Section        0  timer.o(i.rt_list_isempty)
    rt_list_isempty                          0x08002043   Thumb Code    16  timer.o(i.rt_list_isempty)
    i.rt_list_remove                         0x08002052   Section        0  object.o(i.rt_list_remove)
    rt_list_remove                           0x08002053   Thumb Code    18  object.o(i.rt_list_remove)
    i.rt_list_remove                         0x08002064   Section        0  thread.o(i.rt_list_remove)
    rt_list_remove                           0x08002065   Thumb Code    18  thread.o(i.rt_list_remove)
    i.rt_malloc                              0x08002078   Section        0  mem.o(i.rt_malloc)
    i.rt_mb_create                           0x080021e4   Section        0  ipc.o(i.rt_mb_create)
    i.rt_mb_recv                             0x08002236   Section        0  ipc.o(i.rt_mb_recv)
    i.rt_mb_send                             0x0800232a   Section        0  ipc.o(i.rt_mb_send)
    i.rt_mb_send_wait                        0x0800233c   Section        0  ipc.o(i.rt_mb_send_wait)
    i.rt_memset                              0x08002432   Section        0  kservice.o(i.rt_memset)
    i.rt_object_allocate                     0x0800247a   Section        0  object.o(i.rt_object_allocate)
    i.rt_object_delete                       0x080024ce   Section        0  object.o(i.rt_object_delete)
    i.rt_object_detach                       0x080024f2   Section        0  object.o(i.rt_object_detach)
    i.rt_object_get_information              0x08002510   Section        0  object.o(i.rt_object_get_information)
    i.rt_object_init                         0x08002538   Section        0  object.o(i.rt_object_init)
    i.rt_object_is_systemobject              0x08002574   Section        0  object.o(i.rt_object_is_systemobject)
    i.rt_schedule                            0x08002588   Section        0  scheduler.o(i.rt_schedule)
    i.rt_schedule_insert_thread              0x08002618   Section        0  scheduler.o(i.rt_schedule_insert_thread)
    i.rt_schedule_remove_thread              0x08002668   Section        0  scheduler.o(i.rt_schedule_remove_thread)
    i.rt_sem_create                          0x080026bc   Section        0  ipc.o(i.rt_sem_create)
    i.rt_sem_init                            0x080026e6   Section        0  ipc.o(i.rt_sem_init)
    i.rt_sem_release                         0x0800270c   Section        0  ipc.o(i.rt_sem_release)
    i.rt_sem_take                            0x08002746   Section        0  ipc.o(i.rt_sem_take)
    i.rt_show_version                        0x080027bc   Section        0  kservice.o(i.rt_show_version)
    i.rt_soft_timer_check                    0x0800286c   Section        0  timer.o(i.rt_soft_timer_check)
    i.rt_strlen                              0x080028e8   Section        0  kservice.o(i.rt_strlen)
    i.rt_strncpy                             0x080028fa   Section        0  kservice.o(i.rt_strncpy)
    i.rt_system_heap_init                    0x08002930   Section        0  mem.o(i.rt_system_heap_init)
    i.rt_system_scheduler_init               0x08002a28   Section        0  scheduler.o(i.rt_system_scheduler_init)
    i.rt_system_scheduler_start              0x08002a74   Section        0  scheduler.o(i.rt_system_scheduler_start)
    i.rt_system_timer_init                   0x08002aa4   Section        0  timer.o(i.rt_system_timer_init)
    i.rt_system_timer_thread_init            0x08002ac0   Section        0  timer.o(i.rt_system_timer_thread_init)
    i.rt_thread_create                       0x08002b14   Section        0  thread.o(i.rt_thread_create)
    i.rt_thread_delay                        0x08002b64   Section        0  thread.o(i.rt_thread_delay)
    i.rt_thread_exit                         0x08002b70   Section        0  thread.o(i.rt_thread_exit)
    i.rt_thread_idle_entry                   0x08002bc4   Section        0  idle.o(i.rt_thread_idle_entry)
    rt_thread_idle_entry                     0x08002bc5   Thumb Code     8  idle.o(i.rt_thread_idle_entry)
    i.rt_thread_idle_excute                  0x08002bcc   Section        0  idle.o(i.rt_thread_idle_excute)
    i.rt_thread_idle_init                    0x08002c50   Section        0  idle.o(i.rt_thread_idle_init)
    i.rt_thread_init                         0x08002c8c   Section        0  thread.o(i.rt_thread_init)
    i.rt_thread_mdelay                       0x08002cc0   Section        0  thread.o(i.rt_thread_mdelay)
    i.rt_thread_resume                       0x08002cd4   Section        0  thread.o(i.rt_thread_resume)
    i.rt_thread_self                         0x08002d10   Section        0  thread.o(i.rt_thread_self)
    i.rt_thread_sleep                        0x08002d1c   Section        0  thread.o(i.rt_thread_sleep)
    i.rt_thread_startup                      0x08002d60   Section        0  thread.o(i.rt_thread_startup)
    i.rt_thread_suspend                      0x08002d8c   Section        0  thread.o(i.rt_thread_suspend)
    i.rt_thread_timeout                      0x08002dd0   Section        0  thread.o(i.rt_thread_timeout)
    i.rt_thread_timer_entry                  0x08002df0   Section        0  timer.o(i.rt_thread_timer_entry)
    rt_thread_timer_entry                    0x08002df1   Thumb Code    62  timer.o(i.rt_thread_timer_entry)
    i.rt_thread_yield                        0x08002e34   Section        0  thread.o(i.rt_thread_yield)
    i.rt_tick_from_millisecond               0x08002e98   Section        0  clock.o(i.rt_tick_from_millisecond)
    i.rt_tick_get                            0x08002eb8   Section        0  clock.o(i.rt_tick_get)
    i.rt_tick_increase                       0x08002ec4   Section        0  clock.o(i.rt_tick_increase)
    i.rt_timer_check                         0x08002ef4   Section        0  timer.o(i.rt_timer_check)
    i.rt_timer_control                       0x08002f70   Section        0  timer.o(i.rt_timer_control)
    i.rt_timer_create                        0x08002fa8   Section        0  timer.o(i.rt_timer_create)
    i.rt_timer_detach                        0x08002fde   Section        0  timer.o(i.rt_timer_detach)
    i.rt_timer_init                          0x08002ffe   Section        0  timer.o(i.rt_timer_init)
    i.rt_timer_list_next_timeout             0x0800302c   Section        0  timer.o(i.rt_timer_list_next_timeout)
    rt_timer_list_next_timeout               0x0800302d   Thumb Code    28  timer.o(i.rt_timer_list_next_timeout)
    i.rt_timer_start                         0x08003048   Section        0  timer.o(i.rt_timer_start)
    i.rt_timer_stop                          0x08003174   Section        0  timer.o(i.rt_timer_stop)
    i.rt_vsnprintf                           0x080031a4   Section        0  kservice.o(i.rt_vsnprintf)
    i.rti_board_end                          0x080034cc   Section        0  components.o(i.rti_board_end)
    rti_board_end                            0x080034cd   Thumb Code     4  components.o(i.rti_board_end)
    i.rti_board_start                        0x080034d0   Section        0  components.o(i.rti_board_start)
    rti_board_start                          0x080034d1   Thumb Code     4  components.o(i.rti_board_start)
    i.rti_end                                0x080034d4   Section        0  components.o(i.rti_end)
    rti_end                                  0x080034d5   Thumb Code     4  components.o(i.rti_end)
    i.rti_start                              0x080034d8   Section        0  components.o(i.rti_start)
    rti_start                                0x080034d9   Thumb Code     4  components.o(i.rti_start)
    i.rtthread_startup                       0x080034dc   Section        0  components.o(i.rtthread_startup)
    i.showpage                               0x08003508   Section        0  bsp_oled.o(i.showpage)
    i.skip_atoi                              0x08003628   Section        0  kservice.o(i.skip_atoi)
    skip_atoi                                0x08003629   Thumb Code    38  kservice.o(i.skip_atoi)
    i.state_transfer                         0x08003650   Section        0  key_handle.o(i.state_transfer)
    i.statetable_init                        0x0800378c   Section        0  key_handle.o(i.statetable_init)
    i.task1_xxx_Display_init                 0x0800383c   Section        0  display.o(i.task1_xxx_Display_init)
    i.uarthandle_thread_entry                0x080038d4   Section        0  uart_handle.o(i.uarthandle_thread_entry)
    i.updatepage                             0x08003914   Section        0  bsp_oled.o(i.updatepage)
    .constdata                               0x08003948   Section      290  kservice.o(.constdata)
    small_digits                             0x08003a48   Data          17  kservice.o(.constdata)
    large_digits                             0x08003a59   Data          17  kservice.o(.constdata)
    .constdata                               0x08003a6a   Section     2072  bsp_oled.o(.constdata)
    .rti_fn.0                                0x08004284   Section        4  components.o(.rti_fn.0)
    __tagsym$$used                           0x08004284   Number         0  components.o(.rti_fn.0)
    .rti_fn.0.end                            0x08004288   Section        4  components.o(.rti_fn.0.end)
    __tagsym$$used                           0x08004288   Number         0  components.o(.rti_fn.0.end)
    .rti_fn.1.end                            0x0800428c   Section        4  components.o(.rti_fn.1.end)
    __tagsym$$used                           0x0800428c   Number         0  components.o(.rti_fn.1.end)
    .rti_fn.6.end                            0x08004290   Section        4  components.o(.rti_fn.6.end)
    __tagsym$$used                           0x08004290   Number         0  components.o(.rti_fn.6.end)
    .data                                    0x20000000   Section        8  display.o(.data)
    .data                                    0x20000008   Section        8  uart_handle.o(.data)
    .data                                    0x20000010   Section        5  key_handle.o(.data)
    .data                                    0x20000018   Section        4  clock.o(.data)
    rt_tick                                  0x20000018   Data           4  clock.o(.data)
    .data                                    0x2000001c   Section        1  irq.o(.data)
    .data                                    0x20000020   Section       24  mem.o(.data)
    heap_ptr                                 0x20000020   Data           4  mem.o(.data)
    heap_end                                 0x20000024   Data           4  mem.o(.data)
    lfree                                    0x20000028   Data           4  mem.o(.data)
    mem_size_aligned                         0x2000002c   Data           4  mem.o(.data)
    used_mem                                 0x20000030   Data           4  mem.o(.data)
    max_mem                                  0x20000034   Data           4  mem.o(.data)
    .data                                    0x20000038   Section       80  object.o(.data)
    rt_object_container                      0x20000038   Data          80  object.o(.data)
    .data                                    0x20000088   Section       24  scheduler.o(.data)
    rt_scheduler_lock_nest                   0x20000088   Data           2  scheduler.o(.data)
    .data                                    0x200000a0   Section       20  timer.o(.data)
    rt_timer_list                            0x200000a0   Data           8  timer.o(.data)
    rt_soft_timer_list                       0x200000a8   Data           8  timer.o(.data)
    random_nr                                0x200000b0   Data           4  timer.o(.data)
    .data                                    0x200000b4   Section       16  cpuport.o(.data)
    rt_exception_hook                        0x200000c0   Data           4  cpuport.o(.data)
    .data                                    0x200000c4   Section       13  bsp_key.o(.data)
    key                                      0x200000d0   Data           1  bsp_key.o(.data)
    .data                                    0x200000d1   Section      450  bsp_oled.o(.data)
    .data                                    0x20000293   Section        1  bsp_time.o(.data)
    x_ms                                     0x20000293   Data           1  bsp_time.o(.data)
    .data                                    0x20000294   Section        4  systick.o(.data)
    fac_us                                   0x20000294   Data           1  systick.o(.data)
    fac_ms                                   0x20000296   Data           2  systick.o(.data)
    .data                                    0x20000298   Section       20  stm32f10x_rcc.o(.data)
    APBAHBPrescTable                         0x20000298   Data          16  stm32f10x_rcc.o(.data)
    ADCPrescTable                            0x200002a8   Data           4  stm32f10x_rcc.o(.data)
    .data                                    0x200002ac   Section       20  system_stm32f10x.o(.data)
    .bss                                     0x200002c0   Section     4096  board.o(.bss)
    rt_heap                                  0x200002c0   Data        4096  board.o(.bss)
    .bss                                     0x200012c0   Section      200  key_handle.o(.bss)
    .bss                                     0x20001388   Section      384  idle.o(.bss)
    idle                                     0x20001388   Data         128  idle.o(.bss)
    rt_thread_stack                          0x20001408   Data         256  idle.o(.bss)
    .bss                                     0x20001508   Section      128  kservice.o(.bss)
    rt_log_buf                               0x20001508   Data         128  kservice.o(.bss)
    .bss                                     0x20001588   Section       32  mem.o(.bss)
    heap_sem                                 0x20001588   Data          32  mem.o(.bss)
    .bss                                     0x200015a8   Section      256  scheduler.o(.bss)
    .bss                                     0x200016a8   Section      640  timer.o(.bss)
    timer_thread                             0x200016a8   Data         128  timer.o(.bss)
    timer_thread_stack                       0x20001728   Data         512  timer.o(.bss)
    .bss                                     0x20001928   Section     1000  bsp_usart.o(.bss)
    .bss                                     0x20001d10   Section      224  bsp_oled.o(.bss)
    STACK                                    0x20001df0   Section     1024  startup_stm32f10x_hd.o(STACK)

    Global Symbols

    Symbol Name                              Value     Ov Type        Size  Object(Section)

    BuildAttributes$$THM_ISAv4$P$D$K$B$S$PE$A:L22UL41UL21$X:L11$S22US41US21$IEEE1$IW$USESV6$~STKCKD$USESV7$~SHL$OSPACE$EBA8$MICROLIB$REQ8$PRES8$EABIv2 0x00000000   Number         0  anon$$obj.o ABSOLUTE
    __ARM_use_no_argv                        0x00000000   Number         0  main.o ABSOLUTE
    __cpp_initialize__aeabi_                  - Undefined Weak Reference
    __cxa_finalize                            - Undefined Weak Reference
    _clock_init                               - Undefined Weak Reference
    _microlib_exit                            - Undefined Weak Reference
    __Vectors_Size                           0x00000130   Number         0  startup_stm32f10x_hd.o ABSOLUTE
    __Vectors                                0x08000000   Data           4  startup_stm32f10x_hd.o(RESET)
    __Vectors_End                            0x08000130   Data           0  startup_stm32f10x_hd.o(RESET)
    __main                                   0x08000131   Thumb Code     0  entry.o(.ARM.Collect$$$$00000000)
    _main_stk                                0x08000131   Thumb Code     0  entry2.o(.ARM.Collect$$$$00000001)
    _main_scatterload                        0x08000135   Thumb Code     0  entry5.o(.ARM.Collect$$$$00000004)
    __main_after_scatterload                 0x08000139   Thumb Code     0  entry5.o(.ARM.Collect$$$$00000004)
    _main_clock                              0x08000139   Thumb Code     0  entry7b.o(.ARM.Collect$$$$00000008)
    _main_cpp_init                           0x08000139   Thumb Code     0  entry8b.o(.ARM.Collect$$$$0000000A)
    _main_init                               0x08000139   Thumb Code     0  entry9a.o(.ARM.Collect$$$$0000000B)
    __rt_final_cpp                           0x08000141   Thumb Code     0  entry10a.o(.ARM.Collect$$$$0000000D)
    __rt_final_exit                          0x08000141   Thumb Code     0  entry11a.o(.ARM.Collect$$$$0000000F)
    rt_hw_interrupt_disable                  0x08000145   Thumb Code     8  context_rvds.o(.text)
    rt_hw_interrupt_enable                   0x0800014d   Thumb Code     6  context_rvds.o(.text)
    rt_hw_context_switch                     0x08000153   Thumb Code    32  context_rvds.o(.text)
    rt_hw_context_switch_interrupt           0x08000153   Thumb Code     0  context_rvds.o(.text)
    PendSV_Handler                           0x08000173   Thumb Code    60  context_rvds.o(.text)
    rt_hw_context_switch_to                  0x080001af   Thumb Code    58  context_rvds.o(.text)
    rt_hw_interrupt_thread_switch            0x080001e9   Thumb Code     2  context_rvds.o(.text)
    HardFault_Handler                        0x080001eb   Thumb Code    52  context_rvds.o(.text)
    Reset_Handler                            0x08000239   Thumb Code     8  startup_stm32f10x_hd.o(.text)
    ADC1_2_IRQHandler                        0x08000253   Thumb Code     0  startup_stm32f10x_hd.o(.text)
    ADC3_IRQHandler                          0x08000253   Thumb Code     0  startup_stm32f10x_hd.o(.text)
    CAN1_RX1_IRQHandler                      0x08000253   Thumb Code     0  startup_stm32f10x_hd.o(.text)
    CAN1_SCE_IRQHandler                      0x08000253   Thumb Code     0  startup_stm32f10x_hd.o(.text)
    DMA1_Channel1_IRQHandler                 0x08000253   Thumb Code     0  startup_stm32f10x_hd.o(.text)
    DMA1_Channel2_IRQHandler                 0x08000253   Thumb Code     0  startup_stm32f10x_hd.o(.text)
    DMA1_Channel3_IRQHandler                 0x08000253   Thumb Code     0  startup_stm32f10x_hd.o(.text)
    DMA1_Channel4_IRQHandler                 0x08000253   Thumb Code     0  startup_stm32f10x_hd.o(.text)
    DMA1_Channel5_IRQHandler                 0x08000253   Thumb Code     0  startup_stm32f10x_hd.o(.text)
    DMA1_Channel6_IRQHandler                 0x08000253   Thumb Code     0  startup_stm32f10x_hd.o(.text)
    DMA1_Channel7_IRQHandler                 0x08000253   Thumb Code     0  startup_stm32f10x_hd.o(.text)
    DMA2_Channel1_IRQHandler                 0x08000253   Thumb Code     0  startup_stm32f10x_hd.o(.text)
    DMA2_Channel2_IRQHandler                 0x08000253   Thumb Code     0  startup_stm32f10x_hd.o(.text)
    DMA2_Channel3_IRQHandler                 0x08000253   Thumb Code     0  startup_stm32f10x_hd.o(.text)
    DMA2_Channel4_5_IRQHandler               0x08000253   Thumb Code     0  startup_stm32f10x_hd.o(.text)
    EXTI0_IRQHandler                         0x08000253   Thumb Code     0  startup_stm32f10x_hd.o(.text)
    EXTI15_10_IRQHandler                     0x08000253   Thumb Code     0  startup_stm32f10x_hd.o(.text)
    EXTI1_IRQHandler                         0x08000253   Thumb Code     0  startup_stm32f10x_hd.o(.text)
    EXTI2_IRQHandler                         0x08000253   Thumb Code     0  startup_stm32f10x_hd.o(.text)
    EXTI3_IRQHandler                         0x08000253   Thumb Code     0  startup_stm32f10x_hd.o(.text)
    EXTI4_IRQHandler                         0x08000253   Thumb Code     0  startup_stm32f10x_hd.o(.text)
    EXTI9_5_IRQHandler                       0x08000253   Thumb Code     0  startup_stm32f10x_hd.o(.text)
    FLASH_IRQHandler                         0x08000253   Thumb Code     0  startup_stm32f10x_hd.o(.text)
    FSMC_IRQHandler                          0x08000253   Thumb Code     0  startup_stm32f10x_hd.o(.text)
    I2C1_ER_IRQHandler                       0x08000253   Thumb Code     0  startup_stm32f10x_hd.o(.text)
    I2C1_EV_IRQHandler                       0x08000253   Thumb Code     0  startup_stm32f10x_hd.o(.text)
    I2C2_ER_IRQHandler                       0x08000253   Thumb Code     0  startup_stm32f10x_hd.o(.text)
    I2C2_EV_IRQHandler                       0x08000253   Thumb Code     0  startup_stm32f10x_hd.o(.text)
    PVD_IRQHandler                           0x08000253   Thumb Code     0  startup_stm32f10x_hd.o(.text)
    RCC_IRQHandler                           0x08000253   Thumb Code     0  startup_stm32f10x_hd.o(.text)
    RTCAlarm_IRQHandler                      0x08000253   Thumb Code     0  startup_stm32f10x_hd.o(.text)
    RTC_IRQHandler                           0x08000253   Thumb Code     0  startup_stm32f10x_hd.o(.text)
    SDIO_IRQHandler                          0x08000253   Thumb Code     0  startup_stm32f10x_hd.o(.text)
    SPI1_IRQHandler                          0x08000253   Thumb Code     0  startup_stm32f10x_hd.o(.text)
    SPI2_IRQHandler                          0x08000253   Thumb Code     0  startup_stm32f10x_hd.o(.text)
    SPI3_IRQHandler                          0x08000253   Thumb Code     0  startup_stm32f10x_hd.o(.text)
    TAMPER_IRQHandler                        0x08000253   Thumb Code     0  startup_stm32f10x_hd.o(.text)
    TIM1_BRK_IRQHandler                      0x08000253   Thumb Code     0  startup_stm32f10x_hd.o(.text)
    TIM1_CC_IRQHandler                       0x08000253   Thumb Code     0  startup_stm32f10x_hd.o(.text)
    TIM1_TRG_COM_IRQHandler                  0x08000253   Thumb Code     0  startup_stm32f10x_hd.o(.text)
    TIM1_UP_IRQHandler                       0x08000253   Thumb Code     0  startup_stm32f10x_hd.o(.text)
    TIM3_IRQHandler                          0x08000253   Thumb Code     0  startup_stm32f10x_hd.o(.text)
    TIM4_IRQHandler                          0x08000253   Thumb Code     0  startup_stm32f10x_hd.o(.text)
    TIM5_IRQHandler                          0x08000253   Thumb Code     0  startup_stm32f10x_hd.o(.text)
    TIM6_IRQHandler                          0x08000253   Thumb Code     0  startup_stm32f10x_hd.o(.text)
    TIM7_IRQHandler                          0x08000253   Thumb Code     0  startup_stm32f10x_hd.o(.text)
    TIM8_BRK_IRQHandler                      0x08000253   Thumb Code     0  startup_stm32f10x_hd.o(.text)
    TIM8_CC_IRQHandler                       0x08000253   Thumb Code     0  startup_stm32f10x_hd.o(.text)
    TIM8_TRG_COM_IRQHandler                  0x08000253   Thumb Code     0  startup_stm32f10x_hd.o(.text)
    TIM8_UP_IRQHandler                       0x08000253   Thumb Code     0  startup_stm32f10x_hd.o(.text)
    UART4_IRQHandler                         0x08000253   Thumb Code     0  startup_stm32f10x_hd.o(.text)
    UART5_IRQHandler                         0x08000253   Thumb Code     0  startup_stm32f10x_hd.o(.text)
    USART2_IRQHandler                        0x08000253   Thumb Code     0  startup_stm32f10x_hd.o(.text)
    USART3_IRQHandler                        0x08000253   Thumb Code     0  startup_stm32f10x_hd.o(.text)
    USBWakeUp_IRQHandler                     0x08000253   Thumb Code     0  startup_stm32f10x_hd.o(.text)
    USB_HP_CAN1_TX_IRQHandler                0x08000253   Thumb Code     0  startup_stm32f10x_hd.o(.text)
    USB_LP_CAN1_RX0_IRQHandler               0x08000253   Thumb Code     0  startup_stm32f10x_hd.o(.text)
    WWDG_IRQHandler                          0x08000253   Thumb Code     0  startup_stm32f10x_hd.o(.text)
    __aeabi_memset                           0x0800025d   Thumb Code    14  memseta.o(.text)
    __aeabi_memset4                          0x0800025d   Thumb Code     0  memseta.o(.text)
    __aeabi_memset8                          0x0800025d   Thumb Code     0  memseta.o(.text)
    __aeabi_memclr                           0x0800026b   Thumb Code     4  memseta.o(.text)
    __aeabi_memclr4                          0x0800026b   Thumb Code     0  memseta.o(.text)
    __aeabi_memclr8                          0x0800026b   Thumb Code     0  memseta.o(.text)
    _memset$wrapper                          0x0800026f   Thumb Code    18  memseta.o(.text)
    strcpy                                   0x08000281   Thumb Code    18  strcpy.o(.text)
    __scatterload                            0x08000295   Thumb Code    28  init.o(.text)
    __scatterload_rt2                        0x08000295   Thumb Code     0  init.o(.text)
    __decompress                             0x080002b9   Thumb Code     0  __dczerorl2.o(.text)
    __decompress1                            0x080002b9   Thumb Code    86  __dczerorl2.o(.text)
    main                                     0x0800030f   Thumb Code    14  components.o(i.$Sub$$main)
    BusFault_Handler                         0x0800031d   Thumb Code     4  stm32f10x_it.o(i.BusFault_Handler)
    DMA_ClearFlag                            0x08000321   Thumb Code    18  stm32f10x_dma.o(i.DMA_ClearFlag)
    DMA_Cmd                                  0x0800033d   Thumb Code    24  stm32f10x_dma.o(i.DMA_Cmd)
    DMA_ITConfig                             0x08000355   Thumb Code    18  stm32f10x_dma.o(i.DMA_ITConfig)
    DMA_Init                                 0x08000367   Thumb Code    60  stm32f10x_dma.o(i.DMA_Init)
    DebugMon_Handler                         0x080003a3   Thumb Code     2  stm32f10x_it.o(i.DebugMon_Handler)
    GPIO_Init                                0x080003a5   Thumb Code   278  stm32f10x_gpio.o(i.GPIO_Init)
    GPIO_ResetBits                           0x080004bb   Thumb Code     4  stm32f10x_gpio.o(i.GPIO_ResetBits)
    GPIO_SetBits                             0x080004bf   Thumb Code     4  stm32f10x_gpio.o(i.GPIO_SetBits)
    KEY_Init                                 0x080004c5   Thumb Code    38  bsp_key.o(i.KEY_Init)
    KEY_Scan                                 0x080004f1   Thumb Code   148  bsp_key.o(i.KEY_Scan)
    MemManage_Handler                        0x0800058d   Thumb Code     4  stm32f10x_it.o(i.MemManage_Handler)
    NMI_Handler                              0x08000591   Thumb Code     2  stm32f10x_it.o(i.NMI_Handler)
    NVIC_Init                                0x080005b9   Thumb Code   100  misc.o(i.NVIC_Init)
    NVIC_PriorityGroupConfig                 0x08000629   Thumb Code    10  misc.o(i.NVIC_PriorityGroupConfig)
    OLED_Clear                               0x0800063d   Thumb Code    64  bsp_oled.o(i.OLED_Clear)
    OLED_Init                                0x0800067d   Thumb Code   396  bsp_oled.o(i.OLED_Init)
    OLED_Set_Pos                             0x08000815   Thumb Code    46  bsp_oled.o(i.OLED_Set_Pos)
    OLED_ShowChar                            0x08000845   Thumb Code   154  bsp_oled.o(i.OLED_ShowChar)
    OLED_ShowNum                             0x080008ed   Thumb Code   132  bsp_oled.o(i.OLED_ShowNum)
    OLED_ShowString                          0x08000971   Thumb Code    68  bsp_oled.o(i.OLED_ShowString)
    OLED_WR_Byte                             0x080009b9   Thumb Code   108  bsp_oled.o(i.OLED_WR_Byte)
    RCC_AHBPeriphClockCmd                    0x08000a29   Thumb Code    26  stm32f10x_rcc.o(i.RCC_AHBPeriphClockCmd)
    RCC_APB2PeriphClockCmd                   0x08000a49   Thumb Code    26  stm32f10x_rcc.o(i.RCC_APB2PeriphClockCmd)
    RCC_GetClocksFreq                        0x08000a69   Thumb Code   192  stm32f10x_rcc.o(i.RCC_GetClocksFreq)
    SVC_Handler                              0x08000b3d   Thumb Code     2  stm32f10x_it.o(i.SVC_Handler)
    SysTick_CLKSourceConfig                  0x08000c29   Thumb Code    40  misc.o(i.SysTick_CLKSourceConfig)
    SysTick_Handler                          0x08000c51   Thumb Code    16  board.o(i.SysTick_Handler)
    SysTick_Init                             0x08000c61   Thumb Code    52  systick.o(i.SysTick_Init)
    SystemInit                               0x08000c9d   Thumb Code    78  system_stm32f10x.o(i.SystemInit)
    TIM2_IRQHandler                          0x08000cfd   Thumb Code   116  bsp_time.o(i.TIM2_IRQHandler)
    TIM_ClearITPendingBit                    0x08000d81   Thumb Code     6  stm32f10x_tim.o(i.TIM_ClearITPendingBit)
    TIM_GetITStatus                          0x08000d87   Thumb Code    34  stm32f10x_tim.o(i.TIM_GetITStatus)
    USART1_IRQHandler                        0x08000da9   Thumb Code    34  bsp_usart.o(i.USART1_IRQHandler)
    USART_Cmd                                0x08000dd1   Thumb Code    24  stm32f10x_usart.o(i.USART_Cmd)
    USART_Config                             0x08000de9   Thumb Code   146  bsp_usart.o(i.USART_Config)
    USART_DMACmd                             0x08000e85   Thumb Code    18  stm32f10x_usart.o(i.USART_DMACmd)
    USART_GetFlagStatus                      0x08000e97   Thumb Code    26  stm32f10x_usart.o(i.USART_GetFlagStatus)
    USART_GetITStatus                        0x08000eb1   Thumb Code    84  stm32f10x_usart.o(i.USART_GetITStatus)
    USART_ITConfig                           0x08000f05   Thumb Code    74  stm32f10x_usart.o(i.USART_ITConfig)
    USART_Init                               0x08000f51   Thumb Code   210  stm32f10x_usart.o(i.USART_Init)
    USART_ReceiveData                        0x08001029   Thumb Code    10  stm32f10x_usart.o(i.USART_ReceiveData)
    USART_SendData                           0x08001033   Thumb Code     8  stm32f10x_usart.o(i.USART_SendData)
    USARTx_DMA_Config                        0x0800103d   Thumb Code    96  bsp_usart.o(i.USARTx_DMA_Config)
    Uart_DMA_Rx_Data                         0x080010a9   Thumb Code    46  bsp_usart.o(i.Uart_DMA_Rx_Data)
    UsageFault_Handler                       0x080010e1   Thumb Code     4  stm32f10x_it.o(i.UsageFault_Handler)
    __rt_ffs                                 0x080010e5   Thumb Code    70  kservice.o(i.__rt_ffs)
    __scatterload_copy                       0x08001131   Thumb Code    14  handlers.o(i.__scatterload_copy)
    __scatterload_null                       0x0800113f   Thumb Code     2  handlers.o(i.__scatterload_null)
    __scatterload_zeroinit                   0x08001141   Thumb Code    14  handlers.o(i.__scatterload_zeroinit)
    clearpage                                0x08001259   Thumb Code    44  bsp_oled.o(i.clearpage)
    delay_ms                                 0x08001289   Thumb Code    72  systick.o(i.delay_ms)
    display_thread_entry                     0x080012d5   Thumb Code   134  display.o(i.display_thread_entry)
    keyhandle_thread_entry                   0x080013b5   Thumb Code    54  key_handle.o(i.keyhandle_thread_entry)
    keyscan_callback                         0x0800141d   Thumb Code    52  bsp_key.o(i.keyscan_callback)
    $Super$$main                             0x0800146d   Thumb Code    28  main.o(i.main)
    main_Display_init                        0x080014ad   Thumb Code   116  display.o(i.main_Display_init)
    main_thread_entry                        0x08001545   Thumb Code    14  components.o(i.main_thread_entry)
    my_ipc_create                            0x08001555   Thumb Code    84  main.o(i.my_ipc_create)
    my_thread_create                         0x08001625   Thumb Code   118  main.o(i.my_thread_create)
    my_thread_startup                        0x08001729   Thumb Code    32  main.o(i.my_thread_startup)
    my_timer_create                          0x08001765   Thumb Code    46  main.o(i.my_timer_create)
    oled_pow                                 0x080017c9   Thumb Code    22  bsp_oled.o(i.oled_pow)
    rt_application_init                      0x080019f1   Thumb Code    32  components.o(i.rt_application_init)
    rt_components_board_init                 0x08001a1d   Thumb Code    20  components.o(i.rt_components_board_init)
    rt_components_init                       0x08001a39   Thumb Code    20  components.o(i.rt_components_init)
    rt_enter_critical                        0x08001a55   Thumb Code    28  scheduler.o(i.rt_enter_critical)
    rt_exit_critical                         0x08001a75   Thumb Code    54  scheduler.o(i.rt_exit_critical)
    rt_free                                  0x08001ab1   Thumb Code   128  mem.o(i.rt_free)
    rt_heap_begin_get                        0x08001b91   Thumb Code     4  board.o(i.rt_heap_begin_get)
    rt_heap_end_get                          0x08001b99   Thumb Code     4  board.o(i.rt_heap_end_get)
    rt_hw_board_init                         0x08001ba1   Thumb Code   146  board.o(i.rt_hw_board_init)
    rt_hw_console_output                     0x08001c4d   Thumb Code    74  board.o(i.rt_hw_console_output)
    rt_hw_hard_fault_exception               0x08001c9d   Thumb Code   190  cpuport.o(i.rt_hw_hard_fault_exception)
    rt_hw_stack_init                         0x08001e9d   Thumb Code    70  cpuport.o(i.rt_hw_stack_init)
    rt_interrupt_enter                       0x08001ee9   Thumb Code    26  irq.o(i.rt_interrupt_enter)
    rt_interrupt_leave                       0x08001f09   Thumb Code    26  irq.o(i.rt_interrupt_leave)
    rt_kprintf                               0x08001fb9   Thumb Code    44  kservice.o(i.rt_kprintf)
    rt_malloc                                0x08002079   Thumb Code   336  mem.o(i.rt_malloc)
    rt_mb_create                             0x080021e5   Thumb Code    82  ipc.o(i.rt_mb_create)
    rt_mb_recv                               0x08002237   Thumb Code   244  ipc.o(i.rt_mb_recv)
    rt_mb_send                               0x0800232b   Thumb Code    18  ipc.o(i.rt_mb_send)
    rt_mb_send_wait                          0x0800233d   Thumb Code   246  ipc.o(i.rt_mb_send_wait)
    rt_memset                                0x08002433   Thumb Code    72  kservice.o(i.rt_memset)
    rt_object_allocate                       0x0800247b   Thumb Code    84  object.o(i.rt_object_allocate)
    rt_object_delete                         0x080024cf   Thumb Code    36  object.o(i.rt_object_delete)
    rt_object_detach                         0x080024f3   Thumb Code    30  object.o(i.rt_object_detach)
    rt_object_get_information                0x08002511   Thumb Code    36  object.o(i.rt_object_get_information)
    rt_object_init                           0x08002539   Thumb Code    60  object.o(i.rt_object_init)
    rt_object_is_systemobject                0x08002575   Thumb Code    18  object.o(i.rt_object_is_systemobject)
    rt_schedule                              0x08002589   Thumb Code   118  scheduler.o(i.rt_schedule)
    rt_schedule_insert_thread                0x08002619   Thumb Code    72  scheduler.o(i.rt_schedule_insert_thread)
    rt_schedule_remove_thread                0x08002669   Thumb Code    76  scheduler.o(i.rt_schedule_remove_thread)
    rt_sem_create                            0x080026bd   Thumb Code    42  ipc.o(i.rt_sem_create)
    rt_sem_init                              0x080026e7   Thumb Code    38  ipc.o(i.rt_sem_init)
    rt_sem_release                           0x0800270d   Thumb Code    58  ipc.o(i.rt_sem_release)
    rt_sem_take                              0x08002747   Thumb Code   116  ipc.o(i.rt_sem_take)
    rt_show_version                          0x080027bd   Thumb Code    38  kservice.o(i.rt_show_version)
    rt_soft_timer_check                      0x0800286d   Thumb Code   120  timer.o(i.rt_soft_timer_check)
    rt_strlen                                0x080028e9   Thumb Code    18  kservice.o(i.rt_strlen)
    rt_strncpy                               0x080028fb   Thumb Code    52  kservice.o(i.rt_strncpy)
    rt_system_heap_init                      0x08002931   Thumb Code   160  mem.o(i.rt_system_heap_init)
    rt_system_scheduler_init                 0x08002a29   Thumb Code    52  scheduler.o(i.rt_system_scheduler_init)
    rt_system_scheduler_start                0x08002a75   Thumb Code    36  scheduler.o(i.rt_system_scheduler_start)
    rt_system_timer_init                     0x08002aa5   Thumb Code    24  timer.o(i.rt_system_timer_init)
    rt_system_timer_thread_init              0x08002ac1   Thumb Code    58  timer.o(i.rt_system_timer_thread_init)
    rt_thread_create                         0x08002b15   Thumb Code    80  thread.o(i.rt_thread_create)
    rt_thread_delay                          0x08002b65   Thumb Code    12  thread.o(i.rt_thread_delay)
    rt_thread_exit                           0x08002b71   Thumb Code    76  thread.o(i.rt_thread_exit)
    rt_thread_idle_excute                    0x08002bcd   Thumb Code   128  idle.o(i.rt_thread_idle_excute)
    rt_thread_idle_init                      0x08002c51   Thumb Code    38  idle.o(i.rt_thread_idle_init)
    rt_thread_init                           0x08002c8d   Thumb Code    52  thread.o(i.rt_thread_init)
    rt_thread_mdelay                         0x08002cc1   Thumb Code    20  thread.o(i.rt_thread_mdelay)
    rt_thread_resume                         0x08002cd5   Thumb Code    60  thread.o(i.rt_thread_resume)
    rt_thread_self                           0x08002d11   Thumb Code     6  thread.o(i.rt_thread_self)
    rt_thread_sleep                          0x08002d1d   Thumb Code    62  thread.o(i.rt_thread_sleep)
    rt_thread_startup                        0x08002d61   Thumb Code    44  thread.o(i.rt_thread_startup)
    rt_thread_suspend                        0x08002d8d   Thumb Code    68  thread.o(i.rt_thread_suspend)
    rt_thread_timeout                        0x08002dd1   Thumb Code    32  thread.o(i.rt_thread_timeout)
    rt_thread_yield                          0x08002e35   Thumb Code    92  thread.o(i.rt_thread_yield)
    rt_tick_from_millisecond                 0x08002e99   Thumb Code    32  clock.o(i.rt_tick_from_millisecond)
    rt_tick_get                              0x08002eb9   Thumb Code     6  clock.o(i.rt_tick_get)
    rt_tick_increase                         0x08002ec5   Thumb Code    42  clock.o(i.rt_tick_increase)
    rt_timer_check                           0x08002ef5   Thumb Code   118  timer.o(i.rt_timer_check)
    rt_timer_control                         0x08002f71   Thumb Code    56  timer.o(i.rt_timer_control)
    rt_timer_create                          0x08002fa9   Thumb Code    54  timer.o(i.rt_timer_create)
    rt_timer_detach                          0x08002fdf   Thumb Code    32  timer.o(i.rt_timer_detach)
    rt_timer_init                            0x08002fff   Thumb Code    46  timer.o(i.rt_timer_init)
    rt_timer_start                           0x08003049   Thumb Code   282  timer.o(i.rt_timer_start)
    rt_timer_stop                            0x08003175   Thumb Code    48  timer.o(i.rt_timer_stop)
    rt_vsnprintf                             0x080031a5   Thumb Code   800  kservice.o(i.rt_vsnprintf)
    rtthread_startup                         0x080034dd   Thumb Code    42  components.o(i.rtthread_startup)
    showpage                                 0x08003509   Thumb Code   284  bsp_oled.o(i.showpage)
    state_transfer                           0x08003651   Thumb Code   272  key_handle.o(i.state_transfer)
    statetable_init                          0x0800378d   Thumb Code   170  key_handle.o(i.statetable_init)
    task1_xxx_Display_init                   0x0800383d   Thumb Code   116  display.o(i.task1_xxx_Display_init)
    uarthandle_thread_entry                  0x080038d5   Thumb Code    40  uart_handle.o(i.uarthandle_thread_entry)
    updatepage                               0x08003915   Thumb Code    52  bsp_oled.o(i.updatepage)
    __lowest_bit_bitmap                      0x08003948   Data         256  kservice.o(.constdata)
    F6x8                                     0x08003a6a   Data         552  bsp_oled.o(.constdata)
    F8X16                                    0x08003c92   Data        1520  bsp_oled.o(.constdata)
    __rt_init_rti_start                      0x08004284   Data           4  components.o(.rti_fn.0)
    __rt_init_rti_board_start                0x08004288   Data           4  components.o(.rti_fn.0.end)
    __rt_init_rti_board_end                  0x0800428c   Data           4  components.o(.rti_fn.1.end)
    __rt_init_rti_end                        0x08004290   Data           4  components.o(.rti_fn.6.end)
    Region$$Table$$Base                      0x08004294   Number         0  anon$$obj.o(Region$$Table)
    Region$$Table$$Limit                     0x080042b4   Number         0  anon$$obj.o(Region$$Table)
    mb_display                               0x20000000   Data           4  display.o(.data)
    display_thread                           0x20000004   Data           4  display.o(.data)
    sem_uart                                 0x20000008   Data           4  uart_handle.o(.data)
    uarthandle_thread                        0x2000000c   Data           4  uart_handle.o(.data)
    keyhandle_thread                         0x20000010   Data           4  key_handle.o(.data)
    current_state                            0x20000014   Data           1  key_handle.o(.data)
    rt_interrupt_nest                        0x2000001c   Data           1  irq.o(.data)
    rt_current_thread                        0x2000008c   Data           4  scheduler.o(.data)
    rt_current_priority                      0x20000090   Data           1  scheduler.o(.data)
    rt_thread_ready_priority_group           0x20000094   Data           4  scheduler.o(.data)
    rt_thread_defunct                        0x20000098   Data           8  scheduler.o(.data)
    rt_interrupt_from_thread                 0x200000b4   Data           4  cpuport.o(.data)
    rt_interrupt_to_thread                   0x200000b8   Data           4  cpuport.o(.data)
    rt_thread_switch_interrupt_flag          0x200000bc   Data           4  cpuport.o(.data)
    key_num                                  0x200000c4   Data           4  bsp_key.o(.data)
    timer_keyscan                            0x200000c8   Data           4  bsp_key.o(.data)
    mb_key                                   0x200000cc   Data           4  bsp_key.o(.data)
    Hzk                                      0x200000d1   Data         448  bsp_oled.o(.data)
    OLED_SIZE                                0x20000291   Data           1  bsp_oled.o(.data)
    autoRefresh                              0x20000292   Data           1  bsp_oled.o(.data)
    SystemCoreClock                          0x200002ac   Data           4  system_stm32f10x.o(.data)
    AHBPrescTable                            0x200002b0   Data          16  system_stm32f10x.o(.data)
    state_transition                         0x200012c0   Data         200  key_handle.o(.bss)
    rt_thread_priority_table                 0x200015a8   Data         256  scheduler.o(.bss)
    Usart_Rx_Buf                             0x20001928   Data        1000  bsp_usart.o(.bss)
    pagetable                                0x20001d10   Data         224  bsp_oled.o(.bss)
    __initial_sp                             0x200021f0   Data           0  startup_stm32f10x_hd.o(STACK)



==============================================================================

Memory Map of the image

  Image Entry point : 0x08000131

  Load Region LR_IROM1 (Base: 0x08000000, Size: 0x00004574, Max: 0x00080000, ABSOLUTE, COMPRESSED[0x000043b4])

    Execution Region ER_IROM1 (Exec base: 0x08000000, Load base: 0x08000000, Size: 0x000042b4, Max: 0x00080000, ABSOLUTE)

    Exec Addr    Load Addr    Size         Type   Attr      Idx    E Section Name        Object

    0x08000000   0x08000000   0x00000130   Data   RO         3663    RESET               startup_stm32f10x_hd.o
    0x08000130   0x08000130   0x00000000   Code   RO         3712  * .ARM.Collect$$$$00000000  mc_w.l(entry.o)
    0x08000130   0x08000130   0x00000004   Code   RO         3719    .ARM.Collect$$$$00000001  mc_w.l(entry2.o)
    0x08000134   0x08000134   0x00000004   Code   RO         3722    .ARM.Collect$$$$00000004  mc_w.l(entry5.o)
    0x08000138   0x08000138   0x00000000   Code   RO         3724    .ARM.Collect$$$$00000008  mc_w.l(entry7b.o)
    0x08000138   0x08000138   0x00000000   Code   RO         3726    .ARM.Collect$$$$0000000A  mc_w.l(entry8b.o)
    0x08000138   0x08000138   0x00000008   Code   RO         3727    .ARM.Collect$$$$0000000B  mc_w.l(entry9a.o)
    0x08000140   0x08000140   0x00000000   Code   RO         3729    .ARM.Collect$$$$0000000D  mc_w.l(entry10a.o)
    0x08000140   0x08000140   0x00000000   Code   RO         3731    .ARM.Collect$$$$0000000F  mc_w.l(entry11a.o)
    0x08000140   0x08000140   0x00000004   Code   RO         3720    .ARM.Collect$$$$00002712  mc_w.l(entry2.o)
    0x08000144   0x08000144   0x000000f4   Code   RO         1470    .text               context_rvds.o
    0x08000238   0x08000238   0x00000024   Code   RO         3664    .text               startup_stm32f10x_hd.o
    0x0800025c   0x0800025c   0x00000024   Code   RO         3715    .text               mc_w.l(memseta.o)
    0x08000280   0x08000280   0x00000012   Code   RO         3717    .text               mc_w.l(strcpy.o)
    0x08000292   0x08000292   0x00000002   PAD
    0x08000294   0x08000294   0x00000024   Code   RO         3733    .text               mc_w.l(init.o)
    0x080002b8   0x080002b8   0x00000056   Code   RO         3743    .text               mc_w.l(__dczerorl2.o)
    0x0800030e   0x0800030e   0x0000000e   Code   RO          511    i.$Sub$$main        components.o
    0x0800031c   0x0800031c   0x00000004   Code   RO          234    i.BusFault_Handler  stm32f10x_it.o
    0x08000320   0x08000320   0x0000001c   Code   RO         3589    i.DMA_ClearFlag     stm32f10x_dma.o
    0x0800033c   0x0800033c   0x00000018   Code   RO         3591    i.DMA_Cmd           stm32f10x_dma.o
    0x08000354   0x08000354   0x00000012   Code   RO         3596    i.DMA_ITConfig      stm32f10x_dma.o
    0x08000366   0x08000366   0x0000003c   Code   RO         3597    i.DMA_Init          stm32f10x_dma.o
    0x080003a2   0x080003a2   0x00000002   Code   RO          235    i.DebugMon_Handler  stm32f10x_it.o
    0x080003a4   0x080003a4   0x00000116   Code   RO         1923    i.GPIO_Init         stm32f10x_gpio.o
    0x080004ba   0x080004ba   0x00000004   Code   RO         1930    i.GPIO_ResetBits    stm32f10x_gpio.o
    0x080004be   0x080004be   0x00000004   Code   RO         1931    i.GPIO_SetBits      stm32f10x_gpio.o
    0x080004c2   0x080004c2   0x00000002   PAD
    0x080004c4   0x080004c4   0x0000002c   Code   RO         1602    i.KEY_Init          bsp_key.o
    0x080004f0   0x080004f0   0x0000009c   Code   RO         1603    i.KEY_Scan          bsp_key.o
    0x0800058c   0x0800058c   0x00000004   Code   RO          237    i.MemManage_Handler  stm32f10x_it.o
    0x08000590   0x08000590   0x00000002   Code   RO          238    i.NMI_Handler       stm32f10x_it.o
    0x08000592   0x08000592   0x00000026   Code   RO         1514    i.NVIC_Configuration  bsp_usart.o
    0x080005b8   0x080005b8   0x00000070   Code   RO         3553    i.NVIC_Init         misc.o
    0x08000628   0x08000628   0x00000014   Code   RO         3554    i.NVIC_PriorityGroupConfig  misc.o
    0x0800063c   0x0800063c   0x00000040   Code   RO         1659    i.OLED_Clear        bsp_oled.o
    0x0800067c   0x0800067c   0x00000198   Code   RO         1663    i.OLED_Init         bsp_oled.o
    0x08000814   0x08000814   0x0000002e   Code   RO         1664    i.OLED_Set_Pos      bsp_oled.o
    0x08000842   0x08000842   0x00000002   PAD
    0x08000844   0x08000844   0x000000a8   Code   RO         1666    i.OLED_ShowChar     bsp_oled.o
    0x080008ec   0x080008ec   0x00000084   Code   RO         1667    i.OLED_ShowNum      bsp_oled.o
    0x08000970   0x08000970   0x00000048   Code   RO         1668    i.OLED_ShowString   bsp_oled.o
    0x080009b8   0x080009b8   0x00000070   Code   RO         1669    i.OLED_WR_Byte      bsp_oled.o
    0x08000a28   0x08000a28   0x00000020   Code   RO         3354    i.RCC_AHBPeriphClockCmd  stm32f10x_rcc.o
    0x08000a48   0x08000a48   0x00000020   Code   RO         3357    i.RCC_APB2PeriphClockCmd  stm32f10x_rcc.o
    0x08000a68   0x08000a68   0x000000d4   Code   RO         3365    i.RCC_GetClocksFreq  stm32f10x_rcc.o
    0x08000b3c   0x08000b3c   0x00000002   Code   RO          240    i.SVC_Handler       stm32f10x_it.o
    0x08000b3e   0x08000b3e   0x00000008   Code   RO         3678    i.SetSysClock       system_stm32f10x.o
    0x08000b46   0x08000b46   0x00000002   PAD
    0x08000b48   0x08000b48   0x000000e0   Code   RO         3679    i.SetSysClockTo72   system_stm32f10x.o
    0x08000c28   0x08000c28   0x00000028   Code   RO         3557    i.SysTick_CLKSourceConfig  misc.o
    0x08000c50   0x08000c50   0x00000010   Code   RO          291    i.SysTick_Handler   board.o
    0x08000c60   0x08000c60   0x0000003c   Code   RO         1834    i.SysTick_Init      systick.o
    0x08000c9c   0x08000c9c   0x00000060   Code   RO         3681    i.SystemInit        system_stm32f10x.o
    0x08000cfc   0x08000cfc   0x00000084   Code   RO         1795    i.TIM2_IRQHandler   bsp_time.o
    0x08000d80   0x08000d80   0x00000006   Code   RO         2636    i.TIM_ClearITPendingBit  stm32f10x_tim.o
    0x08000d86   0x08000d86   0x00000022   Code   RO         2662    i.TIM_GetITStatus   stm32f10x_tim.o
    0x08000da8   0x08000da8   0x00000028   Code   RO         1515    i.USART1_IRQHandler  bsp_usart.o
    0x08000dd0   0x08000dd0   0x00000018   Code   RO         3177    i.USART_Cmd         stm32f10x_usart.o
    0x08000de8   0x08000de8   0x0000009c   Code   RO         1516    i.USART_Config      bsp_usart.o
    0x08000e84   0x08000e84   0x00000012   Code   RO         3178    i.USART_DMACmd      stm32f10x_usart.o
    0x08000e96   0x08000e96   0x0000001a   Code   RO         3180    i.USART_GetFlagStatus  stm32f10x_usart.o
    0x08000eb0   0x08000eb0   0x00000054   Code   RO         3181    i.USART_GetITStatus  stm32f10x_usart.o
    0x08000f04   0x08000f04   0x0000004a   Code   RO         3183    i.USART_ITConfig    stm32f10x_usart.o
    0x08000f4e   0x08000f4e   0x00000002   PAD
    0x08000f50   0x08000f50   0x000000d8   Code   RO         3184    i.USART_Init        stm32f10x_usart.o
    0x08001028   0x08001028   0x0000000a   Code   RO         3191    i.USART_ReceiveData  stm32f10x_usart.o
    0x08001032   0x08001032   0x00000008   Code   RO         3194    i.USART_SendData    stm32f10x_usart.o
    0x0800103a   0x0800103a   0x00000002   PAD
    0x0800103c   0x0800103c   0x0000006c   Code   RO         1517    i.USARTx_DMA_Config  bsp_usart.o
    0x080010a8   0x080010a8   0x00000038   Code   RO         1518    i.Uart_DMA_Rx_Data  bsp_usart.o
    0x080010e0   0x080010e0   0x00000004   Code   RO          241    i.UsageFault_Handler  stm32f10x_it.o
    0x080010e4   0x080010e4   0x0000004c   Code   RO          834    i.__rt_ffs          kservice.o
    0x08001130   0x08001130   0x0000000e   Code   RO         3737    i.__scatterload_copy  mc_w.l(handlers.o)
    0x0800113e   0x0800113e   0x00000002   Code   RO         3738    i.__scatterload_null  mc_w.l(handlers.o)
    0x08001140   0x08001140   0x0000000e   Code   RO         3739    i.__scatterload_zeroinit  mc_w.l(handlers.o)
    0x0800114e   0x0800114e   0x00000002   PAD
    0x08001150   0x08001150   0x00000014   Code   RO          585    i._has_defunct_thread  idle.o
    0x08001164   0x08001164   0x00000084   Code   RO         1230    i._rt_thread_init   thread.o
    0x080011e8   0x080011e8   0x00000042   Code   RO         1351    i._rt_timer_init    timer.o
    0x0800122a   0x0800122a   0x0000002e   Code   RO         1352    i._rt_timer_remove  timer.o
    0x08001258   0x08001258   0x00000030   Code   RO         1670    i.clearpage         bsp_oled.o
    0x08001288   0x08001288   0x0000004c   Code   RO         1835    i.delay_ms          systick.o
    0x080012d4   0x080012d4   0x000000e0   Code   RO          377    i.display_thread_entry  display.o
    0x080013b4   0x080013b4   0x00000068   Code   RO          442    i.keyhandle_thread_entry  key_handle.o
    0x0800141c   0x0800141c   0x00000050   Code   RO         1604    i.keyscan_callback  bsp_key.o
    0x0800146c   0x0800146c   0x00000040   Code   RO            1    i.main              main.o
    0x080014ac   0x080014ac   0x00000098   Code   RO          379    i.main_Display_init  display.o
    0x08001544   0x08001544   0x0000000e   Code   RO          512    i.main_thread_entry  components.o
    0x08001552   0x08001552   0x00000002   PAD
    0x08001554   0x08001554   0x000000d0   Code   RO            2    i.my_ipc_create     main.o
    0x08001624   0x08001624   0x00000104   Code   RO            3    i.my_thread_create  main.o
    0x08001728   0x08001728   0x0000003c   Code   RO            4    i.my_thread_startup  main.o
    0x08001764   0x08001764   0x00000064   Code   RO            5    i.my_timer_create   main.o
    0x080017c8   0x080017c8   0x00000016   Code   RO         1671    i.oled_pow          bsp_oled.o
    0x080017de   0x080017de   0x00000002   PAD
    0x080017e0   0x080017e0   0x00000078   Code   RO         1011    i.plug_holes        mem.o
    0x08001858   0x08001858   0x00000198   Code   RO          836    i.print_number      kservice.o
    0x080019f0   0x080019f0   0x0000002c   Code   RO          513    i.rt_application_init  components.o
    0x08001a1c   0x08001a1c   0x0000001c   Code   RO          514    i.rt_components_board_init  components.o
    0x08001a38   0x08001a38   0x0000001c   Code   RO          515    i.rt_components_init  components.o
    0x08001a54   0x08001a54   0x00000020   Code   RO         1149    i.rt_enter_critical  scheduler.o
    0x08001a74   0x08001a74   0x0000003c   Code   RO         1150    i.rt_exit_critical  scheduler.o
    0x08001ab0   0x08001ab0   0x000000e0   Code   RO         1013    i.rt_free           mem.o
    0x08001b90   0x08001b90   0x00000008   Code   RO          292    i.rt_heap_begin_get  board.o
    0x08001b98   0x08001b98   0x00000008   Code   RO          293    i.rt_heap_end_get   board.o
    0x08001ba0   0x08001ba0   0x000000ac   Code   RO          294    i.rt_hw_board_init  board.o
    0x08001c4c   0x08001c4c   0x00000050   Code   RO          295    i.rt_hw_console_output  board.o
    0x08001c9c   0x08001c9c   0x00000200   Code   RO         1478    i.rt_hw_hard_fault_exception  cpuport.o
    0x08001e9c   0x08001e9c   0x0000004c   Code   RO         1479    i.rt_hw_stack_init  cpuport.o
    0x08001ee8   0x08001ee8   0x00000020   Code   RO          807    i.rt_interrupt_enter  irq.o
    0x08001f08   0x08001f08   0x00000020   Code   RO          809    i.rt_interrupt_leave  irq.o
    0x08001f28   0x08001f28   0x00000014   Code   RO          632    i.rt_ipc_list_resume  ipc.o
    0x08001f3c   0x08001f3c   0x0000006c   Code   RO          634    i.rt_ipc_list_suspend  ipc.o
    0x08001fa8   0x08001fa8   0x00000010   Code   RO          635    i.rt_ipc_object_init  ipc.o
    0x08001fb8   0x08001fb8   0x00000030   Code   RO          840    i.rt_kprintf        kservice.o
    0x08001fe8   0x08001fe8   0x00000006   Code   RO          636    i.rt_list_init      ipc.o
    0x08001fee   0x08001fee   0x00000006   Code   RO         1151    i.rt_list_init      scheduler.o
    0x08001ff4   0x08001ff4   0x00000006   Code   RO         1353    i.rt_list_init      timer.o
    0x08001ffa   0x08001ffa   0x0000000e   Code   RO         1073    i.rt_list_insert_after  object.o
    0x08002008   0x08002008   0x0000000e   Code   RO         1231    i.rt_list_insert_after  thread.o
    0x08002016   0x08002016   0x0000000e   Code   RO         1354    i.rt_list_insert_after  timer.o
    0x08002024   0x08002024   0x0000000e   Code   RO          637    i.rt_list_insert_before  ipc.o
    0x08002032   0x08002032   0x00000010   Code   RO          638    i.rt_list_isempty   ipc.o
    0x08002042   0x08002042   0x00000010   Code   RO         1355    i.rt_list_isempty   timer.o
    0x08002052   0x08002052   0x00000012   Code   RO         1074    i.rt_list_remove    object.o
    0x08002064   0x08002064   0x00000012   Code   RO         1232    i.rt_list_remove    thread.o
    0x08002076   0x08002076   0x00000002   PAD
    0x08002078   0x08002078   0x0000016c   Code   RO         1014    i.rt_malloc         mem.o
    0x080021e4   0x080021e4   0x00000052   Code   RO          640    i.rt_mb_create      ipc.o
    0x08002236   0x08002236   0x000000f4   Code   RO          644    i.rt_mb_recv        ipc.o
    0x0800232a   0x0800232a   0x00000012   Code   RO          645    i.rt_mb_send        ipc.o
    0x0800233c   0x0800233c   0x000000f6   Code   RO          646    i.rt_mb_send_wait   ipc.o
    0x08002432   0x08002432   0x00000048   Code   RO          846    i.rt_memset         kservice.o
    0x0800247a   0x0800247a   0x00000054   Code   RO         1075    i.rt_object_allocate  object.o
    0x080024ce   0x080024ce   0x00000024   Code   RO         1076    i.rt_object_delete  object.o
    0x080024f2   0x080024f2   0x0000001e   Code   RO         1077    i.rt_object_detach  object.o
    0x08002510   0x08002510   0x00000028   Code   RO         1079    i.rt_object_get_information  object.o
    0x08002538   0x08002538   0x0000003c   Code   RO         1081    i.rt_object_init    object.o
    0x08002574   0x08002574   0x00000012   Code   RO         1082    i.rt_object_is_systemobject  object.o
    0x08002586   0x08002586   0x00000002   PAD
    0x08002588   0x08002588   0x00000090   Code   RO         1152    i.rt_schedule       scheduler.o
    0x08002618   0x08002618   0x00000050   Code   RO         1153    i.rt_schedule_insert_thread  scheduler.o
    0x08002668   0x08002668   0x00000054   Code   RO         1154    i.rt_schedule_remove_thread  scheduler.o
    0x080026bc   0x080026bc   0x0000002a   Code   RO          648    i.rt_sem_create     ipc.o
    0x080026e6   0x080026e6   0x00000026   Code   RO          651    i.rt_sem_init       ipc.o
    0x0800270c   0x0800270c   0x0000003a   Code   RO          652    i.rt_sem_release    ipc.o
    0x08002746   0x08002746   0x00000074   Code   RO          653    i.rt_sem_take       ipc.o
    0x080027ba   0x080027ba   0x00000002   PAD
    0x080027bc   0x080027bc   0x000000b0   Code   RO          848    i.rt_show_version   kservice.o
    0x0800286c   0x0800286c   0x0000007c   Code   RO         1356    i.rt_soft_timer_check  timer.o
    0x080028e8   0x080028e8   0x00000012   Code   RO          854    i.rt_strlen         kservice.o
    0x080028fa   0x080028fa   0x00000034   Code   RO          856    i.rt_strncpy        kservice.o
    0x0800292e   0x0800292e   0x00000002   PAD
    0x08002930   0x08002930   0x000000f8   Code   RO         1017    i.rt_system_heap_init  mem.o
    0x08002a28   0x08002a28   0x0000004c   Code   RO         1155    i.rt_system_scheduler_init  scheduler.o
    0x08002a74   0x08002a74   0x00000030   Code   RO         1156    i.rt_system_scheduler_start  scheduler.o
    0x08002aa4   0x08002aa4   0x0000001c   Code   RO         1357    i.rt_system_timer_init  timer.o
    0x08002ac0   0x08002ac0   0x00000054   Code   RO         1358    i.rt_system_timer_thread_init  timer.o
    0x08002b14   0x08002b14   0x00000050   Code   RO         1234    i.rt_thread_create  thread.o
    0x08002b64   0x08002b64   0x0000000c   Code   RO         1235    i.rt_thread_delay   thread.o
    0x08002b70   0x08002b70   0x00000054   Code   RO         1238    i.rt_thread_exit    thread.o
    0x08002bc4   0x08002bc4   0x00000008   Code   RO          586    i.rt_thread_idle_entry  idle.o
    0x08002bcc   0x08002bcc   0x00000084   Code   RO          587    i.rt_thread_idle_excute  idle.o
    0x08002c50   0x08002c50   0x0000003c   Code   RO          589    i.rt_thread_idle_init  idle.o
    0x08002c8c   0x08002c8c   0x00000034   Code   RO         1240    i.rt_thread_init    thread.o
    0x08002cc0   0x08002cc0   0x00000014   Code   RO         1241    i.rt_thread_mdelay  thread.o
    0x08002cd4   0x08002cd4   0x0000003c   Code   RO         1242    i.rt_thread_resume  thread.o
    0x08002d10   0x08002d10   0x0000000c   Code   RO         1243    i.rt_thread_self    thread.o
    0x08002d1c   0x08002d1c   0x00000044   Code   RO         1244    i.rt_thread_sleep   thread.o
    0x08002d60   0x08002d60   0x0000002c   Code   RO         1245    i.rt_thread_startup  thread.o
    0x08002d8c   0x08002d8c   0x00000044   Code   RO         1246    i.rt_thread_suspend  thread.o
    0x08002dd0   0x08002dd0   0x00000020   Code   RO         1247    i.rt_thread_timeout  thread.o
    0x08002df0   0x08002df0   0x00000044   Code   RO         1359    i.rt_thread_timer_entry  timer.o
    0x08002e34   0x08002e34   0x00000064   Code   RO         1248    i.rt_thread_yield   thread.o
    0x08002e98   0x08002e98   0x00000020   Code   RO          474    i.rt_tick_from_millisecond  clock.o
    0x08002eb8   0x08002eb8   0x0000000c   Code   RO          475    i.rt_tick_get       clock.o
    0x08002ec4   0x08002ec4   0x00000030   Code   RO          476    i.rt_tick_increase  clock.o
    0x08002ef4   0x08002ef4   0x0000007c   Code   RO         1360    i.rt_timer_check    timer.o
    0x08002f70   0x08002f70   0x00000038   Code   RO         1361    i.rt_timer_control  timer.o
    0x08002fa8   0x08002fa8   0x00000036   Code   RO         1362    i.rt_timer_create   timer.o
    0x08002fde   0x08002fde   0x00000020   Code   RO         1364    i.rt_timer_detach   timer.o
    0x08002ffe   0x08002ffe   0x0000002e   Code   RO         1365    i.rt_timer_init     timer.o
    0x0800302c   0x0800302c   0x0000001c   Code   RO         1366    i.rt_timer_list_next_timeout  timer.o
    0x08003048   0x08003048   0x0000012c   Code   RO         1368    i.rt_timer_start    timer.o
    0x08003174   0x08003174   0x00000030   Code   RO         1369    i.rt_timer_stop     timer.o
    0x080031a4   0x080031a4   0x00000328   Code   RO          859    i.rt_vsnprintf      kservice.o
    0x080034cc   0x080034cc   0x00000004   Code   RO          516    i.rti_board_end     components.o
    0x080034d0   0x080034d0   0x00000004   Code   RO          517    i.rti_board_start   components.o
    0x080034d4   0x080034d4   0x00000004   Code   RO          518    i.rti_end           components.o
    0x080034d8   0x080034d8   0x00000004   Code   RO          519    i.rti_start         components.o
    0x080034dc   0x080034dc   0x0000002a   Code   RO          520    i.rtthread_startup  components.o
    0x08003506   0x08003506   0x00000002   PAD
    0x08003508   0x08003508   0x00000120   Code   RO         1672    i.showpage          bsp_oled.o
    0x08003628   0x08003628   0x00000026   Code   RO          861    i.skip_atoi         kservice.o
    0x0800364e   0x0800364e   0x00000002   PAD
    0x08003650   0x08003650   0x0000013c   Code   RO          443    i.state_transfer    key_handle.o
    0x0800378c   0x0800378c   0x000000b0   Code   RO          444    i.statetable_init   key_handle.o
    0x0800383c   0x0800383c   0x00000098   Code   RO          381    i.task1_xxx_Display_init  display.o
    0x080038d4   0x080038d4   0x00000040   Code   RO          424    i.uarthandle_thread_entry  uart_handle.o
    0x08003914   0x08003914   0x00000034   Code   RO         1673    i.updatepage        bsp_oled.o
    0x08003948   0x08003948   0x00000122   Data   RO          863    .constdata          kservice.o
    0x08003a6a   0x08003a6a   0x00000818   Data   RO         1675    .constdata          bsp_oled.o
    0x08004282   0x08004282   0x00000002   PAD
    0x08004284   0x08004284   0x00000004   Data   RO          521    .rti_fn.0           components.o
    0x08004288   0x08004288   0x00000004   Data   RO          522    .rti_fn.0.end       components.o
    0x0800428c   0x0800428c   0x00000004   Data   RO          523    .rti_fn.1.end       components.o
    0x08004290   0x08004290   0x00000004   Data   RO          524    .rti_fn.6.end       components.o
    0x08004294   0x08004294   0x00000020   Data   RO         3735    Region$$Table       anon$$obj.o


    Execution Region RW_IRAM1 (Exec base: 0x20000000, Load base: 0x080042b4, Size: 0x000021f0, Max: 0x00010000, ABSOLUTE, COMPRESSED[0x00000100])

    Exec Addr    Load Addr    Size         Type   Attr      Idx    E Section Name        Object

    0x20000000   COMPRESSED   0x00000008   Data   RW          382    .data               display.o
    0x20000008   COMPRESSED   0x00000008   Data   RW          425    .data               uart_handle.o
    0x20000010   COMPRESSED   0x00000005   Data   RW          446    .data               key_handle.o
    0x20000015   COMPRESSED   0x00000003   PAD
    0x20000018   COMPRESSED   0x00000004   Data   RW          478    .data               clock.o
    0x2000001c   COMPRESSED   0x00000001   Data   RW          810    .data               irq.o
    0x2000001d   COMPRESSED   0x00000003   PAD
    0x20000020   COMPRESSED   0x00000018   Data   RW         1019    .data               mem.o
    0x20000038   COMPRESSED   0x00000050   Data   RW         1084    .data               object.o
    0x20000088   COMPRESSED   0x00000018   Data   RW         1158    .data               scheduler.o
    0x200000a0   COMPRESSED   0x00000014   Data   RW         1371    .data               timer.o
    0x200000b4   COMPRESSED   0x00000010   Data   RW         1480    .data               cpuport.o
    0x200000c4   COMPRESSED   0x0000000d   Data   RW         1605    .data               bsp_key.o
    0x200000d1   COMPRESSED   0x000001c2   Data   RW         1676    .data               bsp_oled.o
    0x20000293   COMPRESSED   0x00000001   Data   RW         1797    .data               bsp_time.o
    0x20000294   COMPRESSED   0x00000004   Data   RW         1837    .data               systick.o
    0x20000298   COMPRESSED   0x00000014   Data   RW         3385    .data               stm32f10x_rcc.o
    0x200002ac   COMPRESSED   0x00000014   Data   RW         3682    .data               system_stm32f10x.o
    0x200002c0        -       0x00001000   Zero   RW          296    .bss                board.o
    0x200012c0        -       0x000000c8   Zero   RW          445    .bss                key_handle.o
    0x20001388        -       0x00000180   Zero   RW          590    .bss                idle.o
    0x20001508        -       0x00000080   Zero   RW          862    .bss                kservice.o
    0x20001588        -       0x00000020   Zero   RW         1018    .bss                mem.o
    0x200015a8        -       0x00000100   Zero   RW         1157    .bss                scheduler.o
    0x200016a8        -       0x00000280   Zero   RW         1370    .bss                timer.o
    0x20001928        -       0x000003e8   Zero   RW         1525    .bss                bsp_usart.o
    0x20001d10        -       0x000000e0   Zero   RW         1674    .bss                bsp_oled.o
    0x20001df0        -       0x00000400   Zero   RW         3661    STACK               startup_stm32f10x_hd.o


==============================================================================

Image component sizes


      Code (inc. data)   RO Data    RW Data    ZI Data      Debug   Object Name

       284         40          0          0       4096     223565   board.o
       280         42          0         13          0       2220   bsp_key.o
      1412         42       2072        450        224      10476   bsp_oled.o
       132         16          0          1          0        794   bsp_time.o
       398         38          0          0       1000       3604   bsp_usart.o
        92         12          0          4          0       1828   clock.o
       186         28         16          0          0       5984   components.o
       244         26          0          0          0        836   context_rvds.o
       588        328          0         16          0       3374   cpuport.o
       528        170          0          8          0       2036   display.o
       220         30          0          0        384       5650   idle.o
      1024          0          0          0          0      12392   ipc.o
        64         12          0          1          0       1654   irq.o
       596        108          0          5        200       3430   key_handle.o
      1696        164        290          0        128       8928   kservice.o
       692        384          0          0          0      66600   main.o
       956        224          0         24         32       3988   mem.o
       172         22          0          0          0       2361   misc.o
       300          4          0         80          0       8344   object.o
       530         88          0         24        256       8586   scheduler.o
        36          8        304          0       1024        840   startup_stm32f10x_hd.o
       130         10          0          0          0       4240   stm32f10x_dma.o
       286          0          0          0          0       3328   stm32f10x_gpio.o
        18          0          0          0          0       2735   stm32f10x_it.o
       276         32          0         20          0       4785   stm32f10x_rcc.o
        40          0          0          0          0       1982   stm32f10x_tim.o
       460          6          0          0          0       7412   stm32f10x_usart.o
       328         28          0         20          0       2409   system_stm32f10x.o
       136         12          0          4          0       1318   systick.o
       796         36          0          0          0      12578   thread.o
      1140         64          0         20        640      14268   timer.o
        64         24          0          8          0        907   uart_handle.o

    ----------------------------------------------------------------------
     14130       1998       2716        704       7984     433452   Object Totals
         0          0         32          0          0          0   (incl. Generated)
        26          0          2          6          0          0   (incl. Padding)

    ----------------------------------------------------------------------

      Code (inc. data)   RO Data    RW Data    ZI Data      Debug   Library Member Name

        86          0          0          0          0          0   __dczerorl2.o
         0          0          0          0          0          0   entry.o
         0          0          0          0          0          0   entry10a.o
         0          0          0          0          0          0   entry11a.o
         8          4          0          0          0          0   entry2.o
         4          0          0          0          0          0   entry5.o
         0          0          0          0          0          0   entry7b.o
         0          0          0          0          0          0   entry8b.o
         8          4          0          0          0          0   entry9a.o
        30          0          0          0          0          0   handlers.o
        36          8          0          0          0         68   init.o
        36          0          0          0          0        108   memseta.o
        18          0          0          0          0         68   strcpy.o

    ----------------------------------------------------------------------
       230         16          0          0          0        244   Library Totals
         4          0          0          0          0          0   (incl. Padding)

    ----------------------------------------------------------------------

      Code (inc. data)   RO Data    RW Data    ZI Data      Debug   Library Name

       226         16          0          0          0        244   mc_w.l

    ----------------------------------------------------------------------
       230         16          0          0          0        244   Library Totals

    ----------------------------------------------------------------------

==============================================================================


      Code (inc. data)   RO Data    RW Data    ZI Data      Debug   

     14360       2014       2716        704       7984     425400   Grand Totals
     14360       2014       2716        256       7984     425400   ELF Image Totals (compressed)
     14360       2014       2716        256          0          0   ROM Totals

==============================================================================

    Total RO  Size (Code + RO Data)                17076 (  16.68kB)
    Total RW  Size (RW Data + ZI Data)              8688 (   8.48kB)
    Total ROM Size (Code + RO Data + RW Data)      17332 (  16.93kB)

==============================================================================

