Component: ARM Compiler 5.06 update 6 (build 750) Tool: armlink [4d35ed]

==============================================================================

Section Cross References

    main.o(i.main) refers to main.o(i.my_ipc_create) for my_ipc_create
    main.o(i.main) refers to main.o(i.my_timer_create) for my_timer_create
    main.o(i.main) refers to main.o(i.my_thread_create) for my_thread_create
    main.o(i.main) refers to main.o(i.my_thread_startup) for my_thread_startup
    main.o(i.my_ipc_create) refers to ipc.o(i.rt_sem_create) for rt_sem_create
    main.o(i.my_ipc_create) refers to kservice.o(i.rt_kprintf) for rt_kprintf
    main.o(i.my_ipc_create) refers to ipc.o(i.rt_mb_create) for rt_mb_create
    main.o(i.my_ipc_create) refers to uart_handle.o(.data) for sem_debug_uart
    main.o(i.my_ipc_create) refers to bsp_key.o(.data) for mb_key
    main.o(i.my_ipc_create) refers to display.o(.data) for mb_display
    main.o(i.my_ipc_create) refers to task_readat24c02.o(.data) for mb_ctrlAt24
    main.o(i.my_thread_create) refers to thread.o(i.rt_thread_create) for rt_thread_create
    main.o(i.my_thread_create) refers to kservice.o(i.rt_kprintf) for rt_kprintf
    main.o(i.my_thread_create) refers to uart_handle.o(i.debug_uarthandle_thread_entry) for debug_uarthandle_thread_entry
    main.o(i.my_thread_create) refers to uart_handle.o(.data) for debug_uarthandle_thread
    main.o(i.my_thread_create) refers to uart_handle.o(i.camera_uarthandle_thread_entry) for camera_uarthandle_thread_entry
    main.o(i.my_thread_create) refers to key_handle.o(i.keyhandle_thread_entry) for keyhandle_thread_entry
    main.o(i.my_thread_create) refers to key_handle.o(.data) for keyhandle_thread
    main.o(i.my_thread_create) refers to task_readat24c02.o(i.taskreadAT24_thread_entry) for taskreadAT24_thread_entry
    main.o(i.my_thread_create) refers to task_readat24c02.o(.data) for taskreadAT24_thread
    main.o(i.my_thread_create) refers to display.o(i.display_thread_entry) for display_thread_entry
    main.o(i.my_thread_create) refers to display.o(.data) for display_thread
    main.o(i.my_thread_startup) refers to thread.o(i.rt_thread_startup) for rt_thread_startup
    main.o(i.my_thread_startup) refers to kservice.o(i.rt_kprintf) for rt_kprintf
    main.o(i.my_thread_startup) refers to uart_handle.o(.data) for debug_uarthandle_thread
    main.o(i.my_thread_startup) refers to key_handle.o(.data) for keyhandle_thread
    main.o(i.my_thread_startup) refers to display.o(.data) for display_thread
    main.o(i.my_thread_startup) refers to task_readat24c02.o(.data) for taskreadAT24_thread
    main.o(i.my_timer_create) refers to timer.o(i.rt_timer_create) for rt_timer_create
    main.o(i.my_timer_create) refers to timer.o(i.rt_timer_start) for rt_timer_start
    main.o(i.my_timer_create) refers to kservice.o(i.rt_kprintf) for rt_kprintf
    main.o(i.my_timer_create) refers to bsp_key.o(i.keyscan_callback) for keyscan_callback
    main.o(i.my_timer_create) refers to bsp_key.o(.data) for timer_keyscan
    board.o(i.SysTick_Handler) refers to irq.o(i.rt_interrupt_enter) for rt_interrupt_enter
    board.o(i.SysTick_Handler) refers to clock.o(i.rt_tick_increase) for rt_tick_increase
    board.o(i.SysTick_Handler) refers to irq.o(i.rt_interrupt_leave) for rt_interrupt_leave
    board.o(i.rt_heap_begin_get) refers to board.o(.bss) for rt_heap
    board.o(i.rt_heap_end_get) refers to board.o(.bss) for rt_heap
    board.o(i.rt_hw_board_init) refers to systick.o(i.SysTick_Init) for SysTick_Init
    board.o(i.rt_hw_board_init) refers to bsp_key.o(i.KEY_Init) for KEY_Init
    board.o(i.rt_hw_board_init) refers to bsp_oled.o(i.OLED_Init) for OLED_Init
    board.o(i.rt_hw_board_init) refers to bsp_oled.o(i.OLED_Clear) for OLED_Clear
    board.o(i.rt_hw_board_init) refers to bsp_oled.o(i.OLED_ShowString) for OLED_ShowString
    board.o(i.rt_hw_board_init) refers to bsp_usart.o(i.uart_device_init) for uart_device_init
    board.o(i.rt_hw_board_init) refers to bsp_24cxx.o(i.AT24CXX_Init) for AT24CXX_Init
    board.o(i.rt_hw_board_init) refers to bsp_steer.o(i.bsp_steer_init) for bsp_steer_init
    board.o(i.rt_hw_board_init) refers to key_handle.o(i.statetable_init) for statetable_init
    board.o(i.rt_hw_board_init) refers to components.o(i.rt_components_board_init) for rt_components_board_init
    board.o(i.rt_hw_board_init) refers to board.o(i.rt_heap_end_get) for rt_heap_end_get
    board.o(i.rt_hw_board_init) refers to board.o(i.rt_heap_begin_get) for rt_heap_begin_get
    board.o(i.rt_hw_board_init) refers to mem.o(i.rt_system_heap_init) for rt_system_heap_init
    board.o(i.rt_hw_board_init) refers to system_stm32f10x.o(.data) for SystemCoreClock
    board.o(i.rt_hw_console_output) refers to scheduler.o(i.rt_enter_critical) for rt_enter_critical
    board.o(i.rt_hw_console_output) refers to stm32f10x_usart.o(i.USART_SendData) for USART_SendData
[...]
    i.SDA_OUT_init                           0x080012c8   Section        0  bsp_iic.o(i.SDA_OUT_init)
    i.SVC_Handler                            0x080012ee   Section        0  stm32f10x_it.o(i.SVC_Handler)
    i.SetSysClock                            0x080012f0   Section        0  system_stm32f10x.o(i.SetSysClock)
    SetSysClock                              0x080012f1   Thumb Code     8  system_stm32f10x.o(i.SetSysClock)
    i.SetSysClockTo72                        0x080012f8   Section        0  system_stm32f10x.o(i.SetSysClockTo72)
    SetSysClockTo72                          0x080012f9   Thumb Code   214  system_stm32f10x.o(i.SetSysClockTo72)
    i.SysTick_CLKSourceConfig                0x080013d8   Section        0  misc.o(i.SysTick_CLKSourceConfig)
    i.SysTick_Handler                        0x08001400   Section        0  board.o(i.SysTick_Handler)
    i.SysTick_Init                           0x08001410   Section        0  systick.o(i.SysTick_Init)
    i.SystemInit                             0x0800144c   Section        0  system_stm32f10x.o(i.SystemInit)
    i.TIM2_IRQHandler                        0x080014ac   Section        0  bsp_time.o(i.TIM2_IRQHandler)
    i.TIM_ARRPreloadConfig                   0x08001530   Section        0  stm32f10x_tim.o(i.TIM_ARRPreloadConfig)
    i.TIM_ClearITPendingBit                  0x08001548   Section        0  stm32f10x_tim.o(i.TIM_ClearITPendingBit)
    i.TIM_Cmd                                0x0800154e   Section        0  stm32f10x_tim.o(i.TIM_Cmd)
    i.TIM_GetITStatus                        0x08001566   Section        0  stm32f10x_tim.o(i.TIM_GetITStatus)
    i.TIM_OC1Init                            0x08001588   Section        0  stm32f10x_tim.o(i.TIM_OC1Init)
    i.TIM_OC1PreloadConfig                   0x08001620   Section        0  stm32f10x_tim.o(i.TIM_OC1PreloadConfig)
    i.TIM_OC2Init                            0x08001634   Section        0  stm32f10x_tim.o(i.TIM_OC2Init)
    i.TIM_OC2PreloadConfig                   0x080016d8   Section        0  stm32f10x_tim.o(i.TIM_OC2PreloadConfig)
    i.TIM_OC3Init                            0x080016f4   Section        0  stm32f10x_tim.o(i.TIM_OC3Init)
    i.TIM_OC3PreloadConfig                   0x08001794   Section        0  stm32f10x_tim.o(i.TIM_OC3PreloadConfig)
    i.TIM_OC4Init                            0x080017a8   Section        0  stm32f10x_tim.o(i.TIM_OC4Init)
    i.TIM_OC4PreloadConfig                   0x08001824   Section        0  stm32f10x_tim.o(i.TIM_OC4PreloadConfig)
    i.TIM_TimeBaseInit                       0x08001840   Section        0  stm32f10x_tim.o(i.TIM_TimeBaseInit)
    i.Task_randw_display_init                0x080018e4   Section        0  display.o(i.Task_randw_display_init)
    i.USART1_IRQHandler                      0x0800191c   Section        0  bsp_usart.o(i.USART1_IRQHandler)
    i.USART2_IRQHandler                      0x08001964   Section        0  bsp_usart.o(i.USART2_IRQHandler)
    i.USART_Cmd                              0x080019ac   Section        0  stm32f10x_usart.o(i.USART_Cmd)
    i.USART_DMACmd                           0x080019c4   Section        0  stm32f10x_usart.o(i.USART_DMACmd)
    i.USART_GetFlagStatus                    0x080019d6   Section        0  stm32f10x_usart.o(i.USART_GetFlagStatus)
    i.USART_GetITStatus                      0x080019f0   Section        0  stm32f10x_usart.o(i.USART_GetITStatus)
    i.USART_ITConfig                         0x08001a44   Section        0  stm32f10x_usart.o(i.USART_ITConfig)
    i.USART_Init                             0x08001a90   Section        0  stm32f10x_usart.o(i.USART_Init)
    i.USART_ReceiveData                      0x08001b68   Section        0  stm32f10x_usart.o(i.USART_ReceiveData)
    i.USART_SendData                         0x08001b72   Section        0  stm32f10x_usart.o(i.USART_SendData)
    i.UsageFault_Handler                     0x08001b7a   Section        0  stm32f10x_it.o(i.UsageFault_Handler)
    i.__rt_ffs                               0x08001b80   Section        0  kservice.o(i.__rt_ffs)
    i.__scatterload_copy                     0x08001bcc   Section       14  handlers.o(i.__scatterload_copy)
    i.__scatterload_null                     0x08001bda   Section        2  handlers.o(i.__scatterload_null)
    i.__scatterload_zeroinit                 0x08001bdc   Section       14  handlers.o(i.__scatterload_zeroinit)
    i._has_defunct_thread                    0x08001bec   Section        0  idle.o(i._has_defunct_thread)
    _has_defunct_thread                      0x08001bed   Thumb Code    16  idle.o(i._has_defunct_thread)
    i._rt_thread_init                        0x08001c00   Section        0  thread.o(i._rt_thread_init)
    _rt_thread_init                          0x08001c01   Thumb Code   124  thread.o(i._rt_thread_init)
    i._rt_timer_init                         0x08001c84   Section        0  timer.o(i._rt_timer_init)
    _rt_timer_init                           0x08001c85   Thumb Code    66  timer.o(i._rt_timer_init)
    i._rt_timer_remove                       0x08001cc6   Section        0  timer.o(i._rt_timer_remove)
    _rt_timer_remove                         0x08001cc7   Thumb Code    46  timer.o(i._rt_timer_remove)
    i.bsp_steer_init                         0x08001cf4   Section        0  bsp_steer.o(i.bsp_steer_init)
    i.camera_uarthandle_thread_entry         0x08001d6c   Section        0  uart_handle.o(i.camera_uarthandle_thread_entry)
    i.clearpage                              0x08001db0   Section        0  bsp_oled.o(i.clearpage)
    i.debug_uarthandle_thread_entry          0x08001de0   Section        0  uart_handle.o(i.debug_uarthandle_thread_entry)
    i.delay_ms                               0x08001e24   Section        0  systick.o(i.delay_ms)
    i.display_thread_entry                   0x08001e70   Section        0  display.o(i.display_thread_entry)
    i.keyhandle_thread_entry                 0x08001fa4   Section        0  key_handle.o(i.keyhandle_thread_entry)
    i.keyscan_callback                       0x08002030   Section        0  bsp_key.o(i.keyscan_callback)
    i.main                                   0x0800208c   Section        0  main.o(i.main)
    i.main_Display_init                      0x080020a4   Section        0  display.o(i.main_Display_init)
    i.main_thread_entry                      0x08002140   Section        0  components.o(i.main_thread_entry)
    i.my_ipc_create                          0x08002150   Section        0  main.o(i.my_ipc_create)
    i.my_thread_create                       0x080022c0   Section        0  main.o(i.my_thread_create)
    i.my_thread_startup                      0x0800253c   Section        0  main.o(i.my_thread_startup)
    i.my_timer_create                        0x08002668   Section        0  main.o(i.my_timer_create)
    i.my_uart_Config                         0x080026cc   Section        0  bsp_usart.o(i.my_uart_Config)
    i.my_uart_DMA_Config                     0x08002780   Section        0  bsp_usart.o(i.my_uart_DMA_Config)
    i.my_uart_DMA_Rx_Data                    0x080027e4   Section        0  bsp_usart.o(i.my_uart_DMA_Rx_Data)
    i.oled_pow                               0x08002816   Section        0  bsp_oled.o(i.oled_pow)
    i.plug_holes                             0x0800282c   Section        0  mem.o(i.plug_holes)
    plug_holes                               0x0800282d   Thumb Code   108  mem.o(i.plug_holes)
    i.print_number                           0x080028a4   Section        0  kservice.o(i.print_number)
    print_number                             0x080028a5   Thumb Code   400  kservice.o(i.print_number)
    i.pwm_Frequency_Init                     0x08002a3c   Section        0  bsp_pwm.o(i.pwm_Frequency_Init)
    i.rt_application_init                    0x08002a78   Section        0  components.o(i.rt_application_init)
    i.rt_components_board_init               0x08002aa4   Section        0  components.o(i.rt_components_board_init)
    i.rt_components_init                     0x08002ac0   Section        0  components.o(i.rt_components_init)
    i.rt_enter_critical                      0x08002adc   Section        0  scheduler.o(i.rt_enter_critical)
    i.rt_exit_critical                       0x08002afc   Section        0  scheduler.o(i.rt_exit_critical)
    i.rt_free                                0x08002b38   Section        0  mem.o(i.rt_free)
    i.rt_heap_begin_get                      0x08002c18   Section        0  board.o(i.rt_heap_begin_get)
    i.rt_heap_end_get                        0x08002c20   Section        0  board.o(i.rt_heap_end_get)
    i.rt_hw_board_init                       0x08002c28   Section        0  board.o(i.rt_hw_board_init)
    i.rt_hw_console_output                   0x08002cd8   Section        0  board.o(i.rt_hw_console_output)
    i.rt_hw_hard_fault_exception             0x08002d28   Section        0  cpuport.o(i.rt_hw_hard_fault_exception)
    i.rt_hw_stack_init                       0x08002f28   Section        0  cpuport.o(i.rt_hw_stack_init)
    i.rt_hw_us_delay                         0x08002f74   Section        0  board.o(i.rt_hw_us_delay)
    i.rt_interrupt_enter                     0x08002f9c   Section        0  irq.o(i.rt_interrupt_enter)
    i.rt_interrupt_leave                     0x08002fbc   Section        0  irq.o(i.rt_interrupt_leave)
    i.rt_ipc_list_resume                     0x08002fdc   Section        0  ipc.o(i.rt_ipc_list_resume)
    rt_ipc_list_resume                       0x08002fdd   Thumb Code    20  ipc.o(i.rt_ipc_list_resume)
    i.rt_ipc_list_suspend                    0x08002ff0   Section        0  ipc.o(i.rt_ipc_list_suspend)
    rt_ipc_list_suspend                      0x08002ff1   Thumb Code   108  ipc.o(i.rt_ipc_list_suspend)
    i.rt_ipc_object_init                     0x0800305c   Section        0  ipc.o(i.rt_ipc_object_init)
    rt_ipc_object_init                       0x0800305d   Thumb Code    16  ipc.o(i.rt_ipc_object_init)
    i.rt_kprintf                             0x0800306c   Section        0  kservice.o(i.rt_kprintf)
    i.rt_list_init                           0x0800309c   Section        0  ipc.o(i.rt_list_init)
    rt_list_init                             0x0800309d   Thumb Code     6  ipc.o(i.rt_list_init)
    i.rt_list_init                           0x080030a2   Section        0  scheduler.o(i.rt_list_init)
    rt_list_init                             0x080030a3   Thumb Code     6  scheduler.o(i.rt_list_init)
    i.rt_list_init                           0x080030a8   Section        0  timer.o(i.rt_list_init)
    rt_list_init                             0x080030a9   Thumb Code     6  timer.o(i.rt_list_init)
    i.rt_list_insert_after                   0x080030ae   Section        0  object.o(i.rt_list_insert_after)
    rt_list_insert_after                     0x080030af   Thumb Code    14  object.o(i.rt_list_insert_after)
    i.rt_list_insert_after                   0x080030bc   Section        0  thread.o(i.rt_list_insert_after)
    rt_list_insert_after                     0x080030bd   Thumb Code    14  thread.o(i.rt_list_insert_after)
    i.rt_list_insert_after                   0x080030ca   Section        0  timer.o(i.rt_list_insert_after)
    rt_list_insert_after                     0x080030cb   Thumb Code    14  timer.o(i.rt_list_insert_after)
    i.rt_list_insert_before                  0x080030d8   Section        0  ipc.o(i.rt_list_insert_before)
    rt_list_insert_before                    0x080030d9   Thumb Code    14  ipc.o(i.rt_list_insert_before)
    i.rt_list_isempty                        0x080030e6   Section        0  ipc.o(i.rt_list_isempty)
    rt_list_isempty                          0x080030e7   Thumb Code    16  ipc.o(i.rt_list_isempty)
    i.rt_list_isempty                        0x080030f6   Section        0  timer.o(i.rt_list_isempty)
    rt_list_isempty                          0x080030f7   Thumb Code    16  timer.o(i.rt_list_isempty)
    i.rt_list_remove                         0x08003106   Section        0  object.o(i.rt_list_remove)
    rt_list_remove                           0x08003107   Thumb Code    18  object.o(i.rt_list_remove)
    i.rt_list_remove                         0x08003118   Section        0  thread.o(i.rt_list_remove)
    rt_list_remove                           0x08003119   Thumb Code    18  thread.o(i.rt_list_remove)
    i.rt_malloc                              0x0800312c   Section        0  mem.o(i.rt_malloc)
    i.rt_mb_create                           0x08003298   Section        0  ipc.o(i.rt_mb_create)
    i.rt_mb_recv                             0x080032ea   Section        0  ipc.o(i.rt_mb_recv)
    i.rt_mb_send                             0x080033de   Section        0  ipc.o(i.rt_mb_send)
    i.rt_mb_send_wait                        0x080033f0   Section        0  ipc.o(i.rt_mb_send_wait)
    i.rt_memset                              0x080034e6   Section        0  kservice.o(i.rt_memset)
    i.rt_object_allocate                     0x0800352e   Section        0  object.o(i.rt_object_allocate)
    i.rt_object_delete                       0x08003582   Section        0  object.o(i.rt_object_delete)
    i.rt_object_detach                       0x080035a6   Section        0  object.o(i.rt_object_detach)
    i.rt_object_get_information              0x080035c4   Section        0  object.o(i.rt_object_get_information)
    i.rt_object_init                         0x080035ec   Section        0  object.o(i.rt_object_init)
    i.rt_object_is_systemobject              0x08003628   Section        0  object.o(i.rt_object_is_systemobject)
    i.rt_schedule                            0x0800363c   Section        0  scheduler.o(i.rt_schedule)
    i.rt_schedule_insert_thread              0x080036cc   Section        0  scheduler.o(i.rt_schedule_insert_thread)
    i.rt_schedule_remove_thread              0x0800371c   Section        0  scheduler.o(i.rt_schedule_remove_thread)
    i.rt_sem_create                          0x08003770   Section        0  ipc.o(i.rt_sem_create)
    i.rt_sem_init                            0x0800379a   Section        0  ipc.o(i.rt_sem_init)
    i.rt_sem_release                         0x080037c0   Section        0  ipc.o(i.rt_sem_release)
    i.rt_sem_take                            0x080037fa   Section        0  ipc.o(i.rt_sem_take)
    i.rt_show_version                        0x08003870   Section        0  kservice.o(i.rt_show_version)
    i.rt_soft_timer_check                    0x08003920   Section        0  timer.o(i.rt_soft_timer_check)
    i.rt_strlen                              0x0800399c   Section        0  kservice.o(i.rt_strlen)
    i.rt_strncpy                             0x080039ae   Section        0  kservice.o(i.rt_strncpy)
    i.rt_system_heap_init                    0x080039e4   Section        0  mem.o(i.rt_system_heap_init)
    i.rt_system_scheduler_init               0x08003adc   Section        0  scheduler.o(i.rt_system_scheduler_init)
    i.rt_system_scheduler_start              0x08003b28   Section        0  scheduler.o(i.rt_system_scheduler_start)
    i.rt_system_timer_init                   0x08003b58   Section        0  timer.o(i.rt_system_timer_init)
    i.rt_system_timer_thread_init            0x08003b74   Section        0  timer.o(i.rt_system_timer_thread_init)
    i.rt_thread_create                       0x08003bc8   Section        0  thread.o(i.rt_thread_create)
    i.rt_thread_delay                        0x08003c18   Section        0  thread.o(i.rt_thread_delay)
    i.rt_thread_exit                         0x08003c24   Section        0  thread.o(i.rt_thread_exit)
    i.rt_thread_idle_entry                   0x08003c78   Section        0  idle.o(i.rt_thread_idle_entry)
    rt_thread_idle_entry                     0x08003c79   Thumb Code     8  idle.o(i.rt_thread_idle_entry)
    i.rt_thread_idle_excute                  0x08003c80   Section        0  idle.o(i.rt_thread_idle_excute)
    i.rt_thread_idle_init                    0x08003d04   Section        0  idle.o(i.rt_thread_idle_init)
    i.rt_thread_init                         0x08003d40   Section        0  thread.o(i.rt_thread_init)
    i.rt_thread_mdelay                       0x08003d74   Section        0  thread.o(i.rt_thread_mdelay)
    i.rt_thread_resume                       0x08003d88   Section        0  thread.o(i.rt_thread_resume)
    i.rt_thread_self                         0x08003dc4   Section        0  thread.o(i.rt_thread_self)
    i.rt_thread_sleep                        0x08003dd0   Section        0  thread.o(i.rt_thread_sleep)
    i.rt_thread_startup                      0x08003e14   Section        0  thread.o(i.rt_thread_startup)
    i.rt_thread_suspend                      0x08003e40   Section        0  thread.o(i.rt_thread_suspend)
    i.rt_thread_timeout                      0x08003e84   Section        0  thread.o(i.rt_thread_timeout)
    i.rt_thread_timer_entry                  0x08003ea4   Section        0  timer.o(i.rt_thread_timer_entry)
    rt_thread_timer_entry                    0x08003ea5   Thumb Code    62  timer.o(i.rt_thread_timer_entry)
    i.rt_thread_yield                        0x08003ee8   Section        0  thread.o(i.rt_thread_yield)
    i.rt_tick_from_millisecond               0x08003f4c   Section        0  clock.o(i.rt_tick_from_millisecond)
    i.rt_tick_get                            0x08003f6c   Section        0  clock.o(i.rt_tick_get)
    i.rt_tick_increase                       0x08003f78   Section        0  clock.o(i.rt_tick_increase)
    i.rt_timer_check                         0x08003fa8   Section        0  timer.o(i.rt_timer_check)
    i.rt_timer_control                       0x08004024   Section        0  timer.o(i.rt_timer_control)
    i.rt_timer_create                        0x0800405c   Section        0  timer.o(i.rt_timer_create)
    i.rt_timer_detach                        0x08004092   Section        0  timer.o(i.rt_timer_detach)
    i.rt_timer_init                          0x080040b2   Section        0  timer.o(i.rt_timer_init)
    i.rt_timer_list_next_timeout             0x080040e0   Section        0  timer.o(i.rt_timer_list_next_timeout)
    rt_timer_list_next_timeout               0x080040e1   Thumb Code    28  timer.o(i.rt_timer_list_next_timeout)
    i.rt_timer_start                         0x080040fc   Section        0  timer.o(i.rt_timer_start)
    i.rt_timer_stop                          0x08004228   Section        0  timer.o(i.rt_timer_stop)
    i.rt_vsnprintf                           0x08004258   Section        0  kservice.o(i.rt_vsnprintf)
    i.rti_board_end                          0x08004580   Section        0  components.o(i.rti_board_end)
    rti_board_end                            0x08004581   Thumb Code     4  components.o(i.rti_board_end)
    i.rti_board_start                        0x08004584   Section        0  components.o(i.rti_board_start)
    rti_board_start                          0x08004585   Thumb Code     4  components.o(i.rti_board_start)
    i.rti_end                                0x08004588   Section        0  components.o(i.rti_end)
    rti_end                                  0x08004589   Thumb Code     4  components.o(i.rti_end)
    i.rti_start                              0x0800458c   Section        0  components.o(i.rti_start)
    rti_start                                0x0800458d   Thumb Code     4  components.o(i.rti_start)
    i.rtthread_startup                       0x08004590   Section        0  components.o(i.rtthread_startup)
    i.showpage                               0x080045bc   Section        0  bsp_oled.o(i.showpage)
    i.skip_atoi                              0x080046dc   Section        0  kservice.o(i.skip_atoi)
    skip_atoi                                0x080046dd   Thumb Code    38  kservice.o(i.skip_atoi)
    i.state_transfer                         0x08004704   Section        0  key_handle.o(i.state_transfer)
    i.statetable_init                        0x08004894   Section        0  key_handle.o(i.statetable_init)
    i.task1_xxx_Display_init                 0x080048fc   Section        0  display.o(i.task1_xxx_Display_init)
    i.taskreadAT24_thread_entry              0x08004998   Section        0  task_readat24c02.o(i.taskreadAT24_thread_entry)
    i.uart_NVIC_Configuration                0x08004a9c   Section        0  bsp_usart.o(i.uart_NVIC_Configuration)
    uart_NVIC_Configuration                  0x08004a9d   Thumb Code    56  bsp_usart.o(i.uart_NVIC_Configuration)
    i.uart_device_init                       0x08004ad4   Section        0  bsp_usart.o(i.uart_device_init)
    i.updatepage                             0x08004bdc   Section        0  bsp_oled.o(i.updatepage)
    .constdata                               0x08004c10   Section      290  kservice.o(.constdata)
    small_digits                             0x08004d10   Data          17  kservice.o(.constdata)
    large_digits                             0x08004d21   Data          17  kservice.o(.constdata)
    .constdata                               0x08004d32   Section     2072  bsp_oled.o(.constdata)
    .rti_fn.0                                0x0800554c   Section        4  components.o(.rti_fn.0)
    __tagsym$$used                           0x0800554c   Number         0  components.o(.rti_fn.0)
    .rti_fn.0.end                            0x08005550   Section        4  components.o(.rti_fn.0.end)
    __tagsym$$used                           0x08005550   Number         0  components.o(.rti_fn.0.end)
    .rti_fn.1.end                            0x08005554   Section        4  components.o(.rti_fn.1.end)
    __tagsym$$used                           0x08005554   Number         0  components.o(.rti_fn.1.end)
    .rti_fn.6.end                            0x08005558   Section        4  components.o(.rti_fn.6.end)
    __tagsym$$used                           0x08005558   Number         0  components.o(.rti_fn.6.end)
    .data                                    0x20000000   Section        8  display.o(.data)
    .data                                    0x20000008   Section       16  uart_handle.o(.data)
    .data                                    0x20000018   Section        5  key_handle.o(.data)
    .data                                    0x20000020   Section        9  task_readat24c02.o(.data)
    .data                                    0x2000002c   Section        4  clock.o(.data)
    rt_tick                                  0x2000002c   Data           4  clock.o(.data)
    .data                                    0x20000030   Section        1  irq.o(.data)
    .data                                    0x20000034   Section       24  mem.o(.data)
    heap_ptr                                 0x20000034   Data           4  mem.o(.data)
    heap_end                                 0x20000038   Data           4  mem.o(.data)
    lfree                                    0x2000003c   Data           4  mem.o(.data)
    mem_size_aligned                         0x20000040   Data           4  mem.o(.data)
    used_mem                                 0x20000044   Data           4  mem.o(.data)
    max_mem                                  0x20000048   Data           4  mem.o(.data)
    .data                                    0x2000004c   Section       80  object.o(.data)
    rt_object_container                      0x2000004c   Data          80  object.o(.data)
    .data                                    0x2000009c   Section       24  scheduler.o(.data)
    rt_scheduler_lock_nest                   0x2000009c   Data           2  scheduler.o(.data)
    .data                                    0x200000b4   Section       20  timer.o(.data)
    rt_timer_list                            0x200000b4   Data           8  timer.o(.data)
    rt_soft_timer_list                       0x200000bc   Data           8  timer.o(.data)
    random_nr                                0x200000c4   Data           4  timer.o(.data)
    .data                                    0x200000c8   Section       16  cpuport.o(.data)
    rt_exception_hook                        0x200000d4   Data           4  cpuport.o(.data)
    .data                                    0x200000d8   Section       13  bsp_key.o(.data)
    key                                      0x200000e4   Data           1  bsp_key.o(.data)
    .data                                    0x200000e5   Section      450  bsp_oled.o(.data)
    .data                                    0x200002a7   Section        1  bsp_time.o(.data)
    x_ms                                     0x200002a7   Data           1  bsp_time.o(.data)
    .data                                    0x200002a8   Section        4  systick.o(.data)
    fac_us                                   0x200002a8   Data           1  systick.o(.data)
    fac_ms                                   0x200002aa   Data           2  systick.o(.data)
    .data                                    0x200002ac   Section       20  stm32f10x_rcc.o(.data)
    APBAHBPrescTable                         0x200002ac   Data          16  stm32f10x_rcc.o(.data)
    ADCPrescTable                            0x200002bc   Data           4  stm32f10x_rcc.o(.data)
    .data                                    0x200002c0   Section       20  system_stm32f10x.o(.data)
    .bss                                     0x200002d4   Section    40960  board.o(.bss)
    rt_heap                                  0x200002d4   Data       40960  board.o(.bss)
    .bss                                     0x2000a2d4   Section      200  key_handle.o(.bss)
    .bss                                     0x2000a39c   Section      384  idle.o(.bss)
    idle                                     0x2000a39c   Data         128  idle.o(.bss)
    rt_thread_stack                          0x2000a41c   Data         256  idle.o(.bss)
    .bss                                     0x2000a51c   Section      128  kservice.o(.bss)
    rt_log_buf                               0x2000a51c   Data         128  kservice.o(.bss)
    .bss                                     0x2000a59c   Section       32  mem.o(.bss)
    heap_sem                                 0x2000a59c   Data          32  mem.o(.bss)
    .bss                                     0x2000a5bc   Section      256  scheduler.o(.bss)
    .bss                                     0x2000a6bc   Section      640  timer.o(.bss)
    timer_thread                             0x2000a6bc   Data         128  timer.o(.bss)
    timer_thread_stack                       0x2000a73c   Data         512  timer.o(.bss)
    .bss                                     0x2000a93c   Section     2104  bsp_usart.o(.bss)
    .bss                                     0x2000b174   Section      224  bsp_oled.o(.bss)
    .bss                                     0x2000b254   Section       32  bsp_24cxx.o(.bss)
    .bss                                     0x2000b274   Section       56  bsp_steer.o(.bss)
    STACK                                    0x2000b2b0   Section     1024  startup_stm32f10x_hd.o(STACK)

    Global Symbols

    Symbol Name                              Value     Ov Type        Size  Object(Section)

    BuildAttributes$$THM_ISAv4$P$D$K$B$S$PE$A:L22UL41UL21$X:L11$S22US41US21$IEEE1$IW$USESV6$~STKCKD$USESV7$~SHL$OTIME$ROPI$EBA8$MICROLIB$REQ8$PRES8$EABIv2 0x00000000   Number         0  anon$$obj.o ABSOLUTE
    __ARM_use_no_argv                        0x00000000   Number         0  main.o ABSOLUTE
    __cpp_initialize__aeabi_                  - Undefined Weak Reference
    __cxa_finalize                            - Undefined Weak Reference
    _clock_init                               - Undefined Weak Reference
    _microlib_exit                            - Undefined Weak Reference
    __Vectors_Size                           0x00000130   Number         0  startup_stm32f10x_hd.o ABSOLUTE
    __Vectors                                0x08000000   Data           4  startup_stm32f10x_hd.o(RESET)
    __Vectors_End                            0x08000130   Data           0  startup_stm32f10x_hd.o(RESET)
    __main                                   0x08000131   Thumb Code     0  entry.o(.ARM.Collect$$$$00000000)
    _main_stk                                0x08000131   Thumb Code     0  entry2.o(.ARM.Collect$$$$00000001)
    _main_scatterload                        0x08000135   Thumb Code     0  entry5.o(.ARM.Collect$$$$00000004)
    __main_after_scatterload                 0x08000139   Thumb Code     0  entry5.o(.ARM.Collect$$$$00000004)
    _main_clock                              0x08000139   Thumb Code     0  entry7b.o(.ARM.Collect$$$$00000008)
    _main_cpp_init                           0x08000139   Thumb Code     0  entry8b.o(.ARM.Collect$$$$0000000A)
    _main_init                               0x08000139   Thumb Code     0  entry9a.o(.ARM.Collect$$$$0000000B)
    __rt_final_cpp                           0x08000141   Thumb Code     0  entry10a.o(.ARM.Collect$$$$0000000D)
    __rt_final_exit                          0x08000141   Thumb Code     0  entry11a.o(.ARM.Collect$$$$0000000F)
    rt_hw_interrupt_disable                  0x08000145   Thumb Code     8  context_rvds.o(.text)
    rt_hw_interrupt_enable                   0x0800014d   Thumb Code     6  context_rvds.o(.text)
    rt_hw_context_switch                     0x08000153   Thumb Code    32  context_rvds.o(.text)
    rt_hw_context_switch_interrupt           0x08000153   Thumb Code     0  context_rvds.o(.text)
    PendSV_Handler                           0x08000173   Thumb Code    60  context_rvds.o(.text)
    rt_hw_context_switch_to                  0x080001af   Thumb Code    58  context_rvds.o(.text)
    rt_hw_interrupt_thread_switch            0x080001e9   Thumb Code     2  context_rvds.o(.text)
    HardFault_Handler                        0x080001eb   Thumb Code    52  context_rvds.o(.text)
    Reset_Handler                            0x08000239   Thumb Code     8  startup_stm32f10x_hd.o(.text)
    ADC1_2_IRQHandler                        0x08000253   Thumb Code     0  startup_stm32f10x_hd.o(.text)
    ADC3_IRQHandler                          0x08000253   Thumb Code     0  startup_stm32f10x_hd.o(.text)
    CAN1_RX1_IRQHandler                      0x08000253   Thumb Code     0  startup_stm32f10x_hd.o(.text)
    CAN1_SCE_IRQHandler                      0x08000253   Thumb Code     0  startup_stm32f10x_hd.o(.text)
    DMA1_Channel1_IRQHandler                 0x08000253   Thumb Code     0  startup_stm32f10x_hd.o(.text)
    DMA1_Channel2_IRQHandler                 0x08000253   Thumb Code     0  startup_stm32f10x_hd.o(.text)
    DMA1_Channel3_IRQHandler                 0x08000253   Thumb Code     0  startup_stm32f10x_hd.o(.text)
    DMA1_Channel4_IRQHandler                 0x08000253   Thumb Code     0  startup_stm32f10x_hd.o(.text)
    DMA1_Channel5_IRQHandler                 0x08000253   Thumb Code     0  startup_stm32f10x_hd.o(.text)
    DMA1_Channel6_IRQHandler                 0x08000253   Thumb Code     0  startup_stm32f10x_hd.o(.text)
    DMA1_Channel7_IRQHandler                 0x08000253   Thumb Code     0  startup_stm32f10x_hd.o(.text)
    DMA2_Channel1_IRQHandler                 0x08000253   Thumb Code     0  startup_stm32f10x_hd.o(.text)
    DMA2_Channel2_IRQHandler                 0x08000253   Thumb Code     0  startup_stm32f10x_hd.o(.text)
    DMA2_Channel3_IRQHandler                 0x08000253   Thumb Code     0  startup_stm32f10x_hd.o(.text)
    DMA2_Channel4_5_IRQHandler               0x08000253   Thumb Code     0  startup_stm32f10x_hd.o(.text)
    EXTI0_IRQHandler                         0x08000253   Thumb Code     0  startup_stm32f10x_hd.o(.text)
    EXTI15_10_IRQHandler                     0x08000253   Thumb Code     0  startup_stm32f10x_hd.o(.text)
    EXTI1_IRQHandler                         0x08000253   Thumb Code     0  startup_stm32f10x_hd.o(.text)
    EXTI2_IRQHandler                         0x08000253   Thumb Code     0  startup_stm32f10x_hd.o(.text)
    EXTI3_IRQHandler                         0x08000253   Thumb Code     0  startup_stm32f10x_hd.o(.text)
    EXTI4_IRQHandler                         0x08000253   Thumb Code     0  startup_stm32f10x_hd.o(.text)
    EXTI9_5_IRQHandler                       0x08000253   Thumb Code     0  startup_stm32f10x_hd.o(.text)
    FLASH_IRQHandler                         0x08000253   Thumb Code     0  startup_stm32f10x_hd.o(.text)
    FSMC_IRQHandler                          0x08000253   Thumb Code     0  startup_stm32f10x_hd.o(.text)
    I2C1_ER_IRQHandler                       0x08000253   Thumb Code     0  startup_stm32f10x_hd.o(.text)
    I2C1_EV_IRQHandler                       0x08000253   Thumb Code     0  startup_stm32f10x_hd.o(.text)
    I2C2_ER_IRQHandler                       0x08000253   Thumb Code     0  startup_stm32f10x_hd.o(.text)
    I2C2_EV_IRQHandler                       0x08000253   Thumb Code     0  startup_stm32f10x_hd.o(.text)
    PVD_IRQHandler                           0x08000253   Thumb Code     0  startup_stm32f10x_hd.o(.text)
    RCC_IRQHandler                           0x08000253   Thumb Code     0  startup_stm32f10x_hd.o(.text)
    RTCAlarm_IRQHandler                      0x08000253   Thumb Code     0  startup_stm32f10x_hd.o(.text)
    RTC_IRQHandler                           0x08000253   Thumb Code     0  startup_stm32f10x_hd.o(.text)
    SDIO_IRQHandler                          0x08000253   Thumb Code     0  startup_stm32f10x_hd.o(.text)
    SPI1_IRQHandler                          0x08000253   Thumb Code     0  startup_stm32f10x_hd.o(.text)
    SPI2_IRQHandler                          0x08000253   Thumb Code     0  startup_stm32f10x_hd.o(.text)
    SPI3_IRQHandler                          0x08000253   Thumb Code     0  startup_stm32f10x_hd.o(.text)
    TAMPER_IRQHandler                        0x08000253   Thumb Code     0  startup_stm32f10x_hd.o(.text)
    TIM1_BRK_IRQHandler                      0x08000253   Thumb Code     0  startup_stm32f10x_hd.o(.text)
    TIM1_CC_IRQHandler                       0x08000253   Thumb Code     0  startup_stm32f10x_hd.o(.text)
    TIM1_TRG_COM_IRQHandler                  0x08000253   Thumb Code     0  startup_stm32f10x_hd.o(.text)
    TIM1_UP_IRQHandler                       0x08000253   Thumb Code     0  startup_stm32f10x_hd.o(.text)
    TIM3_IRQHandler                          0x08000253   Thumb Code     0  startup_stm32f10x_hd.o(.text)
    TIM4_IRQHandler                          0x08000253   Thumb Code     0  startup_stm32f10x_hd.o(.text)
    TIM5_IRQHandler                          0x08000253   Thumb Code     0  startup_stm32f10x_hd.o(.text)
    TIM6_IRQHandler                          0x08000253   Thumb Code     0  startup_stm32f10x_hd.o(.text)
    TIM7_IRQHandler                          0x08000253   Thumb Code     0  startup_stm32f10x_hd.o(.text)
    TIM8_BRK_IRQHandler                      0x08000253   Thumb Code     0  startup_stm32f10x_hd.o(.text)
    TIM8_CC_IRQHandler                       0x08000253   Thumb Code     0  startup_stm32f10x_hd.o(.text)
    TIM8_TRG_COM_IRQHandler                  0x08000253   Thumb Code     0  startup_stm32f10x_hd.o(.text)
    TIM8_UP_IRQHandler                       0x08000253   Thumb Code     0  startup_stm32f10x_hd.o(.text)
    UART4_IRQHandler                         0x08000253   Thumb Code     0  startup_stm32f10x_hd.o(.text)
    UART5_IRQHandler                         0x08000253   Thumb Code     0  startup_stm32f10x_hd.o(.text)
    USART3_IRQHandler                        0x08000253   Thumb Code     0  startup_stm32f10x_hd.o(.text)
    USBWakeUp_IRQHandler                     0x08000253   Thumb Code     0  startup_stm32f10x_hd.o(.text)
    USB_HP_CAN1_TX_IRQHandler                0x08000253   Thumb Code     0  startup_stm32f10x_hd.o(.text)
    USB_LP_CAN1_RX0_IRQHandler               0x08000253   Thumb Code     0  startup_stm32f10x_hd.o(.text)
    WWDG_IRQHandler                          0x08000253   Thumb Code     0  startup_stm32f10x_hd.o(.text)
    __aeabi_memcpy                           0x0800025d   Thumb Code    36  memcpya.o(.text)
    __aeabi_memcpy4                          0x0800025d   Thumb Code     0  memcpya.o(.text)
    __aeabi_memcpy8                          0x0800025d   Thumb Code     0  memcpya.o(.text)
    __aeabi_memset                           0x08000281   Thumb Code    14  memseta.o(.text)
    __aeabi_memset4                          0x08000281   Thumb Code     0  memseta.o(.text)
    __aeabi_memset8                          0x08000281   Thumb Code     0  memseta.o(.text)
    __aeabi_memclr                           0x0800028f   Thumb Code     4  memseta.o(.text)
    __aeabi_memclr4                          0x0800028f   Thumb Code     0  memseta.o(.text)
    __aeabi_memclr8                          0x0800028f   Thumb Code     0  memseta.o(.text)
    _memset$wrapper                          0x08000293   Thumb Code    18  memseta.o(.text)
    strcpy                                   0x080002a5   Thumb Code    18  strcpy.o(.text)
    __scatterload                            0x080002b9   Thumb Code    28  init.o(.text)
    __scatterload_rt2                        0x080002b9   Thumb Code     0  init.o(.text)
    __decompress                             0x080002dd   Thumb Code     0  __dczerorl2.o(.text)
    __decompress1                            0x080002dd   Thumb Code    86  __dczerorl2.o(.text)
    main                                     0x08000333   Thumb Code    14  components.o(i.$Sub$$main)
    AT24CXX_Check                            0x08000341   Thumb Code    46  bsp_24cxx.o(i.AT24CXX_Check)
    AT24CXX_Init                             0x08000371   Thumb Code    58  bsp_24cxx.o(i.AT24CXX_Init)
    AT24CXX_ReadOneByte                      0x080003b9   Thumb Code   296  bsp_24cxx.o(i.AT24CXX_ReadOneByte)
    AT24CXX_WriteOneByte                     0x080004e5   Thumb Code   240  bsp_24cxx.o(i.AT24CXX_WriteOneByte)
    BusFault_Handler                         0x080005d9   Thumb Code     4  stm32f10x_it.o(i.BusFault_Handler)
    DMA_ClearFlag                            0x080005dd   Thumb Code    18  stm32f10x_dma.o(i.DMA_ClearFlag)
    DMA_Cmd                                  0x080005f9   Thumb Code    24  stm32f10x_dma.o(i.DMA_Cmd)
    DMA_ITConfig                             0x08000611   Thumb Code    18  stm32f10x_dma.o(i.DMA_ITConfig)
    DMA_Init                                 0x08000623   Thumb Code    60  stm32f10x_dma.o(i.DMA_Init)
    DebugMon_Handler                         0x0800065f   Thumb Code     2  stm32f10x_it.o(i.DebugMon_Handler)
    GPIO_Init                                0x08000661   Thumb Code   278  stm32f10x_gpio.o(i.GPIO_Init)
    GPIO_ResetBits                           0x08000777   Thumb Code     4  stm32f10x_gpio.o(i.GPIO_ResetBits)
    GPIO_SetBits                             0x0800077b   Thumb Code     4  stm32f10x_gpio.o(i.GPIO_SetBits)
    IIC_Ack                                  0x0800077f   Thumb Code    62  bsp_iic.o(i.IIC_Ack)
    IIC_Init                                 0x080007bd   Thumb Code    78  bsp_iic.o(i.IIC_Init)
    IIC_NAck                                 0x0800080b   Thumb Code    62  bsp_iic.o(i.IIC_NAck)
    IIC_Read_Byte                            0x08000849   Thumb Code   120  bsp_iic.o(i.IIC_Read_Byte)
    IIC_Send_Byte                            0x080008c1   Thumb Code   102  bsp_iic.o(i.IIC_Send_Byte)
    IIC_Start                                0x08000927   Thumb Code    60  bsp_iic.o(i.IIC_Start)
    IIC_Stop                                 0x08000963   Thumb Code    60  bsp_iic.o(i.IIC_Stop)
    IIC_Wait_Ack                             0x0800099f   Thumb Code    94  bsp_iic.o(i.IIC_Wait_Ack)
    KEY_Init                                 0x080009fd   Thumb Code   196  bsp_key.o(i.KEY_Init)
    KEY_Scan                                 0x08000ac9   Thumb Code   264  bsp_key.o(i.KEY_Scan)
    MemManage_Handler                        0x08000bdd   Thumb Code     4  stm32f10x_it.o(i.MemManage_Handler)
    NMI_Handler                              0x08000be1   Thumb Code     2  stm32f10x_it.o(i.NMI_Handler)
    NVIC_Init                                0x08000be5   Thumb Code   100  misc.o(i.NVIC_Init)
    NVIC_PriorityGroupConfig                 0x08000c55   Thumb Code    10  misc.o(i.NVIC_PriorityGroupConfig)
    OLED_Clear                               0x08000c69   Thumb Code    64  bsp_oled.o(i.OLED_Clear)
    OLED_Init                                0x08000ca9   Thumb Code   430  bsp_oled.o(i.OLED_Init)
    OLED_Set_Pos                             0x08000e5d   Thumb Code    46  bsp_oled.o(i.OLED_Set_Pos)
    OLED_ShowChar                            0x08000e8d   Thumb Code   154  bsp_oled.o(i.OLED_ShowChar)
    OLED_ShowNum                             0x08000f35   Thumb Code   132  bsp_oled.o(i.OLED_ShowNum)
    OLED_ShowString                          0x08000fb9   Thumb Code    68  bsp_oled.o(i.OLED_ShowString)
    OLED_WR_Byte                             0x08001001   Thumb Code   108  bsp_oled.o(i.OLED_WR_Byte)
    PWM_Init                                 0x08001071   Thumb Code   260  bsp_pwm.o(i.PWM_Init)
    RCC_AHBPeriphClockCmd                    0x08001175   Thumb Code    26  stm32f10x_rcc.o(i.RCC_AHBPeriphClockCmd)
    RCC_APB1PeriphClockCmd                   0x08001195   Thumb Code    26  stm32f10x_rcc.o(i.RCC_APB1PeriphClockCmd)
    RCC_APB2PeriphClockCmd                   0x080011b5   Thumb Code    26  stm32f10x_rcc.o(i.RCC_APB2PeriphClockCmd)
    RCC_GetClocksFreq                        0x080011d5   Thumb Code   192  stm32f10x_rcc.o(i.RCC_GetClocksFreq)
    SDA_IN_init                              0x080012a9   Thumb Code    32  bsp_iic.o(i.SDA_IN_init)
    SDA_OUT_init                             0x080012c9   Thumb Code    38  bsp_iic.o(i.SDA_OUT_init)
    SVC_Handler                              0x080012ef   Thumb Code     2  stm32f10x_it.o(i.SVC_Handler)
    SysTick_CLKSourceConfig                  0x080013d9   Thumb Code    40  misc.o(i.SysTick_CLKSourceConfig)
    SysTick_Handler                          0x08001401   Thumb Code    16  board.o(i.SysTick_Handler)
    SysTick_Init                             0x08001411   Thumb Code    52  systick.o(i.SysTick_Init)
    SystemInit                               0x0800144d   Thumb Code    78  system_stm32f10x.o(i.SystemInit)
    TIM2_IRQHandler                          0x080014ad   Thumb Code   116  bsp_time.o(i.TIM2_IRQHandler)
    TIM_ARRPreloadConfig                     0x08001531   Thumb Code    24  stm32f10x_tim.o(i.TIM_ARRPreloadConfig)
    TIM_ClearITPendingBit                    0x08001549   Thumb Code     6  stm32f10x_tim.o(i.TIM_ClearITPendingBit)
    TIM_Cmd                                  0x0800154f   Thumb Code    24  stm32f10x_tim.o(i.TIM_Cmd)
    TIM_GetITStatus                          0x08001567   Thumb Code    34  stm32f10x_tim.o(i.TIM_GetITStatus)
    TIM_OC1Init                              0x08001589   Thumb Code   132  stm32f10x_tim.o(i.TIM_OC1Init)
    TIM_OC1PreloadConfig                     0x08001621   Thumb Code    18  stm32f10x_tim.o(i.TIM_OC1PreloadConfig)
    TIM_OC2Init                              0x08001635   Thumb Code   154  stm32f10x_tim.o(i.TIM_OC2Init)
    TIM_OC2PreloadConfig                     0x080016d9   Thumb Code    26  stm32f10x_tim.o(i.TIM_OC2PreloadConfig)
    TIM_OC3Init                              0x080016f5   Thumb Code   150  stm32f10x_tim.o(i.TIM_OC3Init)
    TIM_OC3PreloadConfig                     0x08001795   Thumb Code    18  stm32f10x_tim.o(i.TIM_OC3PreloadConfig)
    TIM_OC4Init                              0x080017a9   Thumb Code   114  stm32f10x_tim.o(i.TIM_OC4Init)
    TIM_OC4PreloadConfig                     0x08001825   Thumb Code    26  stm32f10x_tim.o(i.TIM_OC4PreloadConfig)
    TIM_TimeBaseInit                         0x08001841   Thumb Code   122  stm32f10x_tim.o(i.TIM_TimeBaseInit)
    Task_randw_display_init                  0x080018e5   Thumb Code    42  display.o(i.Task_randw_display_init)
    USART1_IRQHandler                        0x0800191d   Thumb Code    60  bsp_usart.o(i.USART1_IRQHandler)
    USART2_IRQHandler                        0x08001965   Thumb Code    60  bsp_usart.o(i.USART2_IRQHandler)
    USART_Cmd                                0x080019ad   Thumb Code    24  stm32f10x_usart.o(i.USART_Cmd)
    USART_DMACmd                             0x080019c5   Thumb Code    18  stm32f10x_usart.o(i.USART_DMACmd)
    USART_GetFlagStatus                      0x080019d7   Thumb Code    26  stm32f10x_usart.o(i.USART_GetFlagStatus)
    USART_GetITStatus                        0x080019f1   Thumb Code    84  stm32f10x_usart.o(i.USART_GetITStatus)
    USART_ITConfig                           0x08001a45   Thumb Code    74  stm32f10x_usart.o(i.USART_ITConfig)
    USART_Init                               0x08001a91   Thumb Code   210  stm32f10x_usart.o(i.USART_Init)
    USART_ReceiveData                        0x08001b69   Thumb Code    10  stm32f10x_usart.o(i.USART_ReceiveData)
    USART_SendData                           0x08001b73   Thumb Code     8  stm32f10x_usart.o(i.USART_SendData)
    UsageFault_Handler                       0x08001b7b   Thumb Code     4  stm32f10x_it.o(i.UsageFault_Handler)
    __rt_ffs                                 0x08001b81   Thumb Code    70  kservice.o(i.__rt_ffs)
    __scatterload_copy                       0x08001bcd   Thumb Code    14  handlers.o(i.__scatterload_copy)
    __scatterload_null                       0x08001bdb   Thumb Code     2  handlers.o(i.__scatterload_null)
    __scatterload_zeroinit                   0x08001bdd   Thumb Code    14  handlers.o(i.__scatterload_zeroinit)
    bsp_steer_init                           0x08001cf5   Thumb Code   102  bsp_steer.o(i.bsp_steer_init)
    camera_uarthandle_thread_entry           0x08001d6d   Thumb Code    42  uart_handle.o(i.camera_uarthandle_thread_entry)
    clearpage                                0x08001db1   Thumb Code    44  bsp_oled.o(i.clearpage)
    debug_uarthandle_thread_entry            0x08001de1   Thumb Code    42  uart_handle.o(i.debug_uarthandle_thread_entry)
    delay_ms                                 0x08001e25   Thumb Code    72  systick.o(i.delay_ms)
    display_thread_entry                     0x08001e71   Thumb Code   160  display.o(i.display_thread_entry)
    keyhandle_thread_entry                   0x08001fa5   Thumb Code    54  key_handle.o(i.keyhandle_thread_entry)
    keyscan_callback                         0x08002031   Thumb Code    52  bsp_key.o(i.keyscan_callback)
    $Super$$main                             0x0800208d   Thumb Code    22  main.o(i.main)
    main_Display_init                        0x080020a5   Thumb Code   120  display.o(i.main_Display_init)
    main_thread_entry                        0x08002141   Thumb Code    14  components.o(i.main_thread_entry)
    my_ipc_create                            0x08002151   Thumb Code   136  main.o(i.my_ipc_create)
    my_thread_create                         0x080022c1   Thumb Code   232  main.o(i.my_thread_create)
    my_thread_startup                        0x0800253d   Thumb Code   146  main.o(i.my_thread_startup)
    my_timer_create                          0x08002669   Thumb Code    46  main.o(i.my_timer_create)
    my_uart_Config                           0x080026cd   Thumb Code   180  bsp_usart.o(i.my_uart_Config)
    my_uart_DMA_Config                       0x08002781   Thumb Code   100  bsp_usart.o(i.my_uart_DMA_Config)
    my_uart_DMA_Rx_Data                      0x080027e5   Thumb Code    50  bsp_usart.o(i.my_uart_DMA_Rx_Data)
    oled_pow                                 0x08002817   Thumb Code    22  bsp_oled.o(i.oled_pow)
    pwm_Frequency_Init                       0x08002a3d   Thumb Code    60  bsp_pwm.o(i.pwm_Frequency_Init)
    rt_application_init                      0x08002a79   Thumb Code    32  components.o(i.rt_application_init)
    rt_components_board_init                 0x08002aa5   Thumb Code    20  components.o(i.rt_components_board_init)
    rt_components_init                       0x08002ac1   Thumb Code    20  components.o(i.rt_components_init)
    rt_enter_critical                        0x08002add   Thumb Code    28  scheduler.o(i.rt_enter_critical)
    rt_exit_critical                         0x08002afd   Thumb Code    54  scheduler.o(i.rt_exit_critical)
    rt_free                                  0x08002b39   Thumb Code   128  mem.o(i.rt_free)
    rt_heap_begin_get                        0x08002c19   Thumb Code     4  board.o(i.rt_heap_begin_get)
    rt_heap_end_get                          0x08002c21   Thumb Code     4  board.o(i.rt_heap_end_get)
    rt_hw_board_init                         0x08002c29   Thumb Code   152  board.o(i.rt_hw_board_init)
    rt_hw_console_output                     0x08002cd9   Thumb Code    74  board.o(i.rt_hw_console_output)
    rt_hw_hard_fault_exception               0x08002d29   Thumb Code   190  cpuport.o(i.rt_hw_hard_fault_exception)
    rt_hw_stack_init                         0x08002f29   Thumb Code    70  cpuport.o(i.rt_hw_stack_init)
    rt_hw_us_delay                           0x08002f75   Thumb Code    38  board.o(i.rt_hw_us_delay)
    rt_interrupt_enter                       0x08002f9d   Thumb Code    26  irq.o(i.rt_interrupt_enter)
    rt_interrupt_leave                       0x08002fbd   Thumb Code    26  irq.o(i.rt_interrupt_leave)
    rt_kprintf                               0x0800306d   Thumb Code    44  kservice.o(i.rt_kprintf)
    rt_malloc                                0x0800312d   Thumb Code   336  mem.o(i.rt_malloc)
    rt_mb_create                             0x08003299   Thumb Code    82  ipc.o(i.rt_mb_create)
    rt_mb_recv                               0x080032eb   Thumb Code   244  ipc.o(i.rt_mb_recv)
    rt_mb_send                               0x080033df   Thumb Code    18  ipc.o(i.rt_mb_send)
    rt_mb_send_wait                          0x080033f1   Thumb Code   246  ipc.o(i.rt_mb_send_wait)
    rt_memset                                0x080034e7   Thumb Code    72  kservice.o(i.rt_memset)
    rt_object_allocate                       0x0800352f   Thumb Code    84  object.o(i.rt_object_allocate)
    rt_object_delete                         0x08003583   Thumb Code    36  object.o(i.rt_object_delete)
    rt_object_detach                         0x080035a7   Thumb Code    30  object.o(i.rt_object_detach)
    rt_object_get_information                0x080035c5   Thumb Code    36  object.o(i.rt_object_get_information)
    rt_object_init                           0x080035ed   Thumb Code    60  object.o(i.rt_object_init)
    rt_object_is_systemobject                0x08003629   Thumb Code    18  object.o(i.rt_object_is_systemobject)
    rt_schedule                              0x0800363d   Thumb Code   118  scheduler.o(i.rt_schedule)
    rt_schedule_insert_thread                0x080036cd   Thumb Code    72  scheduler.o(i.rt_schedule_insert_thread)
    rt_schedule_remove_thread                0x0800371d   Thumb Code    76  scheduler.o(i.rt_schedule_remove_thread)
    rt_sem_create                            0x08003771   Thumb Code    42  ipc.o(i.rt_sem_create)
    rt_sem_init                              0x0800379b   Thumb Code    38  ipc.o(i.rt_sem_init)
    rt_sem_release                           0x080037c1   Thumb Code    58  ipc.o(i.rt_sem_release)
    rt_sem_take                              0x080037fb   Thumb Code   116  ipc.o(i.rt_sem_take)
    rt_show_version                          0x08003871   Thumb Code    38  kservice.o(i.rt_show_version)
    rt_soft_timer_check                      0x08003921   Thumb Code   120  timer.o(i.rt_soft_timer_check)
    rt_strlen                                0x0800399d   Thumb Code    18  kservice.o(i.rt_strlen)
    rt_strncpy                               0x080039af   Thumb Code    52  kservice.o(i.rt_strncpy)
    rt_system_heap_init                      0x080039e5   Thumb Code   160  mem.o(i.rt_system_heap_init)
    rt_system_scheduler_init                 0x08003add   Thumb Code    52  scheduler.o(i.rt_system_scheduler_init)
    rt_system_scheduler_start                0x08003b29   Thumb Code    36  scheduler.o(i.rt_system_scheduler_start)
    rt_system_timer_init                     0x08003b59   Thumb Code    24  timer.o(i.rt_system_timer_init)
    rt_system_timer_thread_init              0x08003b75   Thumb Code    58  timer.o(i.rt_system_timer_thread_init)
    rt_thread_create                         0x08003bc9   Thumb Code    80  thread.o(i.rt_thread_create)
    rt_thread_delay                          0x08003c19   Thumb Code    12  thread.o(i.rt_thread_delay)
    rt_thread_exit                           0x08003c25   Thumb Code    76  thread.o(i.rt_thread_exit)
    rt_thread_idle_excute                    0x08003c81   Thumb Code   128  idle.o(i.rt_thread_idle_excute)
    rt_thread_idle_init                      0x08003d05   Thumb Code    38  idle.o(i.rt_thread_idle_init)
    rt_thread_init                           0x08003d41   Thumb Code    52  thread.o(i.rt_thread_init)
    rt_thread_mdelay                         0x08003d75   Thumb Code    20  thread.o(i.rt_thread_mdelay)
    rt_thread_resume                         0x08003d89   Thumb Code    60  thread.o(i.rt_thread_resume)
    rt_thread_self                           0x08003dc5   Thumb Code     6  thread.o(i.rt_thread_self)
    rt_thread_sleep                          0x08003dd1   Thumb Code    62  thread.o(i.rt_thread_sleep)
    rt_thread_startup                        0x08003e15   Thumb Code    44  thread.o(i.rt_thread_startup)
    rt_thread_suspend                        0x08003e41   Thumb Code    68  thread.o(i.rt_thread_suspend)
    rt_thread_timeout                        0x08003e85   Thumb Code    32  thread.o(i.rt_thread_timeout)
    rt_thread_yield                          0x08003ee9   Thumb Code    92  thread.o(i.rt_thread_yield)
    rt_tick_from_millisecond                 0x08003f4d   Thumb Code    32  clock.o(i.rt_tick_from_millisecond)
    rt_tick_get                              0x08003f6d   Thumb Code     6  clock.o(i.rt_tick_get)
    rt_tick_increase                         0x08003f79   Thumb Code    42  clock.o(i.rt_tick_increase)
    rt_timer_check                           0x08003fa9   Thumb Code   118  timer.o(i.rt_timer_check)
    rt_timer_control                         0x08004025   Thumb Code    56  timer.o(i.rt_timer_control)
    rt_timer_create                          0x0800405d   Thumb Code    54  timer.o(i.rt_timer_create)
    rt_timer_detach                          0x08004093   Thumb Code    32  timer.o(i.rt_timer_detach)
    rt_timer_init                            0x080040b3   Thumb Code    46  timer.o(i.rt_timer_init)
    rt_timer_start                           0x080040fd   Thumb Code   282  timer.o(i.rt_timer_start)
    rt_timer_stop                            0x08004229   Thumb Code    48  timer.o(i.rt_timer_stop)
    rt_vsnprintf                             0x08004259   Thumb Code   800  kservice.o(i.rt_vsnprintf)
    rtthread_startup                         0x08004591   Thumb Code    42  components.o(i.rtthread_startup)
    showpage                                 0x080045bd   Thumb Code   284  bsp_oled.o(i.showpage)
    state_transfer                           0x08004705   Thumb Code   354  key_handle.o(i.state_transfer)
    statetable_init                          0x08004895   Thumb Code    98  key_handle.o(i.statetable_init)
    task1_xxx_Display_init                   0x080048fd   Thumb Code   120  display.o(i.task1_xxx_Display_init)
    taskreadAT24_thread_entry                0x08004999   Thumb Code   138  task_readat24c02.o(i.taskreadAT24_thread_entry)
    uart_device_init                         0x08004ad5   Thumb Code   230  bsp_usart.o(i.uart_device_init)
    updatepage                               0x08004bdd   Thumb Code    52  bsp_oled.o(i.updatepage)
    __lowest_bit_bitmap                      0x08004c10   Data         256  kservice.o(.constdata)
    F6x8                                     0x08004d32   Data         552  bsp_oled.o(.constdata)
    F8X16                                    0x08004f5a   Data        1520  bsp_oled.o(.constdata)
    __rt_init_rti_start                      0x0800554c   Data           4  components.o(.rti_fn.0)
    __rt_init_rti_board_start                0x08005550   Data           4  components.o(.rti_fn.0.end)
    __rt_init_rti_board_end                  0x08005554   Data           4  components.o(.rti_fn.1.end)
    __rt_init_rti_end                        0x08005558   Data           4  components.o(.rti_fn.6.end)
    Region$$Table$$Base                      0x0800555c   Number         0  anon$$obj.o(Region$$Table)
    Region$$Table$$Limit                     0x0800557c   Number         0  anon$$obj.o(Region$$Table)
    mb_display                               0x20000000   Data           4  display.o(.data)
    display_thread                           0x20000004   Data           4  display.o(.data)
    sem_debug_uart                           0x20000008   Data           4  uart_handle.o(.data)
    sem_camera_uart                          0x2000000c   Data           4  uart_handle.o(.data)
    debug_uarthandle_thread                  0x20000010   Data           4  uart_handle.o(.data)
    camera_uarthandle_thread                 0x20000014   Data           4  uart_handle.o(.data)
    keyhandle_thread                         0x20000018   Data           4  key_handle.o(.data)
    current_state                            0x2000001c   Data           1  key_handle.o(.data)
    taskreadAT24_thread                      0x20000020   Data           4  task_readat24c02.o(.data)
    mb_ctrlAt24                              0x20000024   Data           4  task_readat24c02.o(.data)
    re_AT24                                  0x20000028   Data           1  task_readat24c02.o(.data)
    rt_interrupt_nest                        0x20000030   Data           1  irq.o(.data)
    rt_current_thread                        0x200000a0   Data           4  scheduler.o(.data)
    rt_current_priority                      0x200000a4   Data           1  scheduler.o(.data)
    rt_thread_ready_priority_group           0x200000a8   Data           4  scheduler.o(.data)
    rt_thread_defunct                        0x200000ac   Data           8  scheduler.o(.data)
    rt_interrupt_from_thread                 0x200000c8   Data           4  cpuport.o(.data)
    rt_interrupt_to_thread                   0x200000cc   Data           4  cpuport.o(.data)
    rt_thread_switch_interrupt_flag          0x200000d0   Data           4  cpuport.o(.data)
    key_num                                  0x200000d8   Data           4  bsp_key.o(.data)
    timer_keyscan                            0x200000dc   Data           4  bsp_key.o(.data)
    mb_key                                   0x200000e0   Data           4  bsp_key.o(.data)
    Hzk                                      0x200000e5   Data         448  bsp_oled.o(.data)
    OLED_SIZE                                0x200002a5   Data           1  bsp_oled.o(.data)
    autoRefresh                              0x200002a6   Data           1  bsp_oled.o(.data)
    SystemCoreClock                          0x200002c0   Data           4  system_stm32f10x.o(.data)
    AHBPrescTable                            0x200002c4   Data          16  system_stm32f10x.o(.data)
    state_transition                         0x2000a2d4   Data         200  key_handle.o(.bss)
    rt_thread_priority_table                 0x2000a5bc   Data         256  scheduler.o(.bss)
    debug_Usart_Rx_Buf                       0x2000a93c   Data        1000  bsp_usart.o(.bss)
    camera_Usart_Rx_Buf                      0x2000ad24   Data        1000  bsp_usart.o(.bss)
    debug_uart_device                        0x2000b10c   Data          52  bsp_usart.o(.bss)
    camera_uart_device                       0x2000b140   Data          52  bsp_usart.o(.bss)
    pagetable                                0x2000b174   Data         224  bsp_oled.o(.bss)
    my24c02                                  0x2000b254   Data          32  bsp_24cxx.o(.bss)
    steer1                                   0x2000b274   Data          28  bsp_steer.o(.bss)
    steer2                                   0x2000b290   Data          28  bsp_steer.o(.bss)
    __initial_sp                             0x2000b6b0   Data           0  startup_stm32f10x_hd.o(STACK)



==============================================================================

Memory Map of the image

  Image Entry point : 0x08000131

  Load Region LR_IROM1 (Base: 0x08000000, Size: 0x00005850, Max: 0x00080000, ABSOLUTE, COMPRESSED[0x00005680])

    Execution Region ER_IROM1 (Exec base: 0x08000000, Load base: 0x08000000, Size: 0x0000557c, Max: 0x00080000, ABSOLUTE)

    Exec Addr    Load Addr    Size         Type   Attr      Idx    E Section Name        Object

    0x08000000   0x08000000   0x00000130   Data   RO         4084    RESET               startup_stm32f10x_hd.o
    0x08000130   0x08000130   0x00000000   Code   RO         4133  * .ARM.Collect$$$$00000000  mc_w.l(entry.o)
    0x08000130   0x08000130   0x00000004   Code   RO         4154    .ARM.Collect$$$$00000001  mc_w.l(entry2.o)
    0x08000134   0x08000134   0x00000004   Code   RO         4157    .ARM.Collect$$$$00000004  mc_w.l(entry5.o)
    0x08000138   0x08000138   0x00000000   Code   RO         4159    .ARM.Collect$$$$00000008  mc_w.l(entry7b.o)
    0x08000138   0x08000138   0x00000000   Code   RO         4161    .ARM.Collect$$$$0000000A  mc_w.l(entry8b.o)
    0x08000138   0x08000138   0x00000008   Code   RO         4162    .ARM.Collect$$$$0000000B  mc_w.l(entry9a.o)
    0x08000140   0x08000140   0x00000000   Code   RO         4164    .ARM.Collect$$$$0000000D  mc_w.l(entry10a.o)
    0x08000140   0x08000140   0x00000000   Code   RO         4166    .ARM.Collect$$$$0000000F  mc_w.l(entry11a.o)
    0x08000140   0x08000140   0x00000004   Code   RO         4155    .ARM.Collect$$$$00002712  mc_w.l(entry2.o)
    0x08000144   0x08000144   0x000000f4   Code   RO         1531    .text               context_rvds.o
    0x08000238   0x08000238   0x00000024   Code   RO         4085    .text               startup_stm32f10x_hd.o
    0x0800025c   0x0800025c   0x00000024   Code   RO         4136    .text               mc_w.l(memcpya.o)
    0x08000280   0x08000280   0x00000024   Code   RO         4138    .text               mc_w.l(memseta.o)
    0x080002a4   0x080002a4   0x00000012   Code   RO         4140    .text               mc_w.l(strcpy.o)
    0x080002b6   0x080002b6   0x00000002   PAD
    0x080002b8   0x080002b8   0x00000024   Code   RO         4171    .text               mc_w.l(init.o)
    0x080002dc   0x080002dc   0x00000056   Code   RO         4181    .text               mc_w.l(__dczerorl2.o)
    0x08000332   0x08000332   0x0000000e   Code   RO          572    i.$Sub$$main        components.o
    0x08000340   0x08000340   0x0000002e   Code   RO         1890    i.AT24CXX_Check     bsp_24cxx.o
    0x0800036e   0x0800036e   0x00000002   PAD
    0x08000370   0x08000370   0x00000048   Code   RO         1891    i.AT24CXX_Init      bsp_24cxx.o
    0x080003b8   0x080003b8   0x0000012c   Code   RO         1894    i.AT24CXX_ReadOneByte  bsp_24cxx.o
    0x080004e4   0x080004e4   0x000000f4   Code   RO         1897    i.AT24CXX_WriteOneByte  bsp_24cxx.o
    0x080005d8   0x080005d8   0x00000004   Code   RO          251    i.BusFault_Handler  stm32f10x_it.o
    0x080005dc   0x080005dc   0x0000001c   Code   RO         4010    i.DMA_ClearFlag     stm32f10x_dma.o
    0x080005f8   0x080005f8   0x00000018   Code   RO         4012    i.DMA_Cmd           stm32f10x_dma.o
    0x08000610   0x08000610   0x00000012   Code   RO         4017    i.DMA_ITConfig      stm32f10x_dma.o
    0x08000622   0x08000622   0x0000003c   Code   RO         4018    i.DMA_Init          stm32f10x_dma.o
    0x0800065e   0x0800065e   0x00000002   Code   RO          252    i.DebugMon_Handler  stm32f10x_it.o
    0x08000660   0x08000660   0x00000116   Code   RO         2344    i.GPIO_Init         stm32f10x_gpio.o
    0x08000776   0x08000776   0x00000004   Code   RO         2351    i.GPIO_ResetBits    stm32f10x_gpio.o
    0x0800077a   0x0800077a   0x00000004   Code   RO         2352    i.GPIO_SetBits      stm32f10x_gpio.o
    0x0800077e   0x0800077e   0x0000003e   Code   RO         2012    i.IIC_Ack           bsp_iic.o
    0x080007bc   0x080007bc   0x0000004e   Code   RO         2013    i.IIC_Init          bsp_iic.o
    0x0800080a   0x0800080a   0x0000003e   Code   RO         2014    i.IIC_NAck          bsp_iic.o
    0x08000848   0x08000848   0x00000078   Code   RO         2015    i.IIC_Read_Byte     bsp_iic.o
    0x080008c0   0x080008c0   0x00000066   Code   RO         2016    i.IIC_Send_Byte     bsp_iic.o
    0x08000926   0x08000926   0x0000003c   Code   RO         2017    i.IIC_Start         bsp_iic.o
    0x08000962   0x08000962   0x0000003c   Code   RO         2018    i.IIC_Stop          bsp_iic.o
    0x0800099e   0x0800099e   0x0000005e   Code   RO         2019    i.IIC_Wait_Ack      bsp_iic.o
    0x080009fc   0x080009fc   0x000000cc   Code   RO         1699    i.KEY_Init          bsp_key.o
    0x08000ac8   0x08000ac8   0x00000114   Code   RO         1700    i.KEY_Scan          bsp_key.o
    0x08000bdc   0x08000bdc   0x00000004   Code   RO          254    i.MemManage_Handler  stm32f10x_it.o
    0x08000be0   0x08000be0   0x00000002   Code   RO          255    i.NMI_Handler       stm32f10x_it.o
    0x08000be2   0x08000be2   0x00000002   PAD
    0x08000be4   0x08000be4   0x00000070   Code   RO         3974    i.NVIC_Init         misc.o
    0x08000c54   0x08000c54   0x00000014   Code   RO         3975    i.NVIC_PriorityGroupConfig  misc.o
    0x08000c68   0x08000c68   0x00000040   Code   RO         1756    i.OLED_Clear        bsp_oled.o
    0x08000ca8   0x08000ca8   0x000001b4   Code   RO         1760    i.OLED_Init         bsp_oled.o
    0x08000e5c   0x08000e5c   0x0000002e   Code   RO         1761    i.OLED_Set_Pos      bsp_oled.o
    0x08000e8a   0x08000e8a   0x00000002   PAD
    0x08000e8c   0x08000e8c   0x000000a8   Code   RO         1763    i.OLED_ShowChar     bsp_oled.o
    0x08000f34   0x08000f34   0x00000084   Code   RO         1764    i.OLED_ShowNum      bsp_oled.o
    0x08000fb8   0x08000fb8   0x00000048   Code   RO         1765    i.OLED_ShowString   bsp_oled.o
    0x08001000   0x08001000   0x00000070   Code   RO         1766    i.OLED_WR_Byte      bsp_oled.o
    0x08001070   0x08001070   0x00000104   Code   RO         2081    i.PWM_Init          bsp_pwm.o
    0x08001174   0x08001174   0x00000020   Code   RO         3775    i.RCC_AHBPeriphClockCmd  stm32f10x_rcc.o
    0x08001194   0x08001194   0x00000020   Code   RO         3776    i.RCC_APB1PeriphClockCmd  stm32f10x_rcc.o
    0x080011b4   0x080011b4   0x00000020   Code   RO         3778    i.RCC_APB2PeriphClockCmd  stm32f10x_rcc.o
    0x080011d4   0x080011d4   0x000000d4   Code   RO         3786    i.RCC_GetClocksFreq  stm32f10x_rcc.o
    0x080012a8   0x080012a8   0x00000020   Code   RO         2020    i.SDA_IN_init       bsp_iic.o
    0x080012c8   0x080012c8   0x00000026   Code   RO         2021    i.SDA_OUT_init      bsp_iic.o
    0x080012ee   0x080012ee   0x00000002   Code   RO          257    i.SVC_Handler       stm32f10x_it.o
    0x080012f0   0x080012f0   0x00000008   Code   RO         4099    i.SetSysClock       system_stm32f10x.o
    0x080012f8   0x080012f8   0x000000e0   Code   RO         4100    i.SetSysClockTo72   system_stm32f10x.o
    0x080013d8   0x080013d8   0x00000028   Code   RO         3978    i.SysTick_CLKSourceConfig  misc.o
    0x08001400   0x08001400   0x00000010   Code   RO          308    i.SysTick_Handler   board.o
    0x08001410   0x08001410   0x0000003c   Code   RO         1983    i.SysTick_Init      systick.o
    0x0800144c   0x0800144c   0x00000060   Code   RO         4102    i.SystemInit        system_stm32f10x.o
    0x080014ac   0x080014ac   0x00000084   Code   RO         1863    i.TIM2_IRQHandler   bsp_time.o
    0x08001530   0x08001530   0x00000018   Code   RO         3050    i.TIM_ARRPreloadConfig  stm32f10x_tim.o
    0x08001548   0x08001548   0x00000006   Code   RO         3057    i.TIM_ClearITPendingBit  stm32f10x_tim.o
    0x0800154e   0x0800154e   0x00000018   Code   RO         3062    i.TIM_Cmd           stm32f10x_tim.o
    0x08001566   0x08001566   0x00000022   Code   RO         3083    i.TIM_GetITStatus   stm32f10x_tim.o
    0x08001588   0x08001588   0x00000098   Code   RO         3091    i.TIM_OC1Init       stm32f10x_tim.o
    0x08001620   0x08001620   0x00000012   Code   RO         3094    i.TIM_OC1PreloadConfig  stm32f10x_tim.o
    0x08001632   0x08001632   0x00000002   PAD
    0x08001634   0x08001634   0x000000a4   Code   RO         3096    i.TIM_OC2Init       stm32f10x_tim.o
    0x080016d8   0x080016d8   0x0000001a   Code   RO         3099    i.TIM_OC2PreloadConfig  stm32f10x_tim.o
    0x080016f2   0x080016f2   0x00000002   PAD
    0x080016f4   0x080016f4   0x000000a0   Code   RO         3101    i.TIM_OC3Init       stm32f10x_tim.o
    0x08001794   0x08001794   0x00000012   Code   RO         3104    i.TIM_OC3PreloadConfig  stm32f10x_tim.o
    0x080017a6   0x080017a6   0x00000002   PAD
    0x080017a8   0x080017a8   0x0000007c   Code   RO         3106    i.TIM_OC4Init       stm32f10x_tim.o
    0x08001824   0x08001824   0x0000001a   Code   RO         3108    i.TIM_OC4PreloadConfig  stm32f10x_tim.o
    0x0800183e   0x0800183e   0x00000002   PAD
    0x08001840   0x08001840   0x000000a4   Code   RO         3133    i.TIM_TimeBaseInit  stm32f10x_tim.o
    0x080018e4   0x080018e4   0x00000038   Code   RO          414    i.Task_randw_display_init  display.o
    0x0800191c   0x0800191c   0x00000048   Code   RO         1576    i.USART1_IRQHandler  bsp_usart.o
    0x08001964   0x08001964   0x00000048   Code   RO         1577    i.USART2_IRQHandler  bsp_usart.o
    0x080019ac   0x080019ac   0x00000018   Code   RO         3598    i.USART_Cmd         stm32f10x_usart.o
    0x080019c4   0x080019c4   0x00000012   Code   RO         3599    i.USART_DMACmd      stm32f10x_usart.o
    0x080019d6   0x080019d6   0x0000001a   Code   RO         3601    i.USART_GetFlagStatus  stm32f10x_usart.o
    0x080019f0   0x080019f0   0x00000054   Code   RO         3602    i.USART_GetITStatus  stm32f10x_usart.o
    0x08001a44   0x08001a44   0x0000004a   Code   RO         3604    i.USART_ITConfig    stm32f10x_usart.o
    0x08001a8e   0x08001a8e   0x00000002   PAD
    0x08001a90   0x08001a90   0x000000d8   Code   RO         3605    i.USART_Init        stm32f10x_usart.o
    0x08001b68   0x08001b68   0x0000000a   Code   RO         3612    i.USART_ReceiveData  stm32f10x_usart.o
    0x08001b72   0x08001b72   0x00000008   Code   RO         3615    i.USART_SendData    stm32f10x_usart.o
    0x08001b7a   0x08001b7a   0x00000004   Code   RO          258    i.UsageFault_Handler  stm32f10x_it.o
    0x08001b7e   0x08001b7e   0x00000002   PAD
    0x08001b80   0x08001b80   0x0000004c   Code   RO          895    i.__rt_ffs          kservice.o
    0x08001bcc   0x08001bcc   0x0000000e   Code   RO         4175    i.__scatterload_copy  mc_w.l(handlers.o)
    0x08001bda   0x08001bda   0x00000002   Code   RO         4176    i.__scatterload_null  mc_w.l(handlers.o)
    0x08001bdc   0x08001bdc   0x0000000e   Code   RO         4177    i.__scatterload_zeroinit  mc_w.l(handlers.o)
    0x08001bea   0x08001bea   0x00000002   PAD
    0x08001bec   0x08001bec   0x00000014   Code   RO          646    i._has_defunct_thread  idle.o
    0x08001c00   0x08001c00   0x00000084   Code   RO         1291    i._rt_thread_init   thread.o
    0x08001c84   0x08001c84   0x00000042   Code   RO         1412    i._rt_timer_init    timer.o
    0x08001cc6   0x08001cc6   0x0000002e   Code   RO         1413    i._rt_timer_remove  timer.o
    0x08001cf4   0x08001cf4   0x00000078   Code   RO         1950    i.bsp_steer_init    bsp_steer.o
    0x08001d6c   0x08001d6c   0x00000044   Code   RO          458    i.camera_uarthandle_thread_entry  uart_handle.o
    0x08001db0   0x08001db0   0x00000030   Code   RO         1767    i.clearpage         bsp_oled.o
    0x08001de0   0x08001de0   0x00000044   Code   RO          459    i.debug_uarthandle_thread_entry  uart_handle.o
    0x08001e24   0x08001e24   0x0000004c   Code   RO         1984    i.delay_ms          systick.o
    0x08001e70   0x08001e70   0x00000134   Code   RO          415    i.display_thread_entry  display.o
    0x08001fa4   0x08001fa4   0x0000008c   Code   RO          485    i.keyhandle_thread_entry  key_handle.o
    0x08002030   0x08002030   0x0000005c   Code   RO         1701    i.keyscan_callback  bsp_key.o
    0x0800208c   0x0800208c   0x00000016   Code   RO            1    i.main              main.o
    0x080020a2   0x080020a2   0x00000002   PAD
    0x080020a4   0x080020a4   0x0000009c   Code   RO          416    i.main_Display_init  display.o
    0x08002140   0x08002140   0x0000000e   Code   RO          573    i.main_thread_entry  components.o
    0x0800214e   0x0800214e   0x00000002   PAD
    0x08002150   0x08002150   0x00000170   Code   RO            2    i.my_ipc_create     main.o
    0x080022c0   0x080022c0   0x0000027c   Code   RO            3    i.my_thread_create  main.o
    0x0800253c   0x0800253c   0x0000012c   Code   RO            4    i.my_thread_startup  main.o
    0x08002668   0x08002668   0x00000064   Code   RO            5    i.my_timer_create   main.o
    0x080026cc   0x080026cc   0x000000b4   Code   RO         1587    i.my_uart_Config    bsp_usart.o
    0x08002780   0x08002780   0x00000064   Code   RO         1588    i.my_uart_DMA_Config  bsp_usart.o
    0x080027e4   0x080027e4   0x00000032   Code   RO         1589    i.my_uart_DMA_Rx_Data  bsp_usart.o
    0x08002816   0x08002816   0x00000016   Code   RO         1768    i.oled_pow          bsp_oled.o
    0x0800282c   0x0800282c   0x00000078   Code   RO         1072    i.plug_holes        mem.o
    0x080028a4   0x080028a4   0x00000198   Code   RO          897    i.print_number      kservice.o
    0x08002a3c   0x08002a3c   0x0000003c   Code   RO         2083    i.pwm_Frequency_Init  bsp_pwm.o
    0x08002a78   0x08002a78   0x0000002c   Code   RO          574    i.rt_application_init  components.o
    0x08002aa4   0x08002aa4   0x0000001c   Code   RO          575    i.rt_components_board_init  components.o
    0x08002ac0   0x08002ac0   0x0000001c   Code   RO          576    i.rt_components_init  components.o
    0x08002adc   0x08002adc   0x00000020   Code   RO         1210    i.rt_enter_critical  scheduler.o
    0x08002afc   0x08002afc   0x0000003c   Code   RO         1211    i.rt_exit_critical  scheduler.o
    0x08002b38   0x08002b38   0x000000e0   Code   RO         1074    i.rt_free           mem.o
    0x08002c18   0x08002c18   0x00000008   Code   RO          309    i.rt_heap_begin_get  board.o
    0x08002c20   0x08002c20   0x00000008   Code   RO          310    i.rt_heap_end_get   board.o
    0x08002c28   0x08002c28   0x000000b0   Code   RO          311    i.rt_hw_board_init  board.o
    0x08002cd8   0x08002cd8   0x00000050   Code   RO          312    i.rt_hw_console_output  board.o
    0x08002d28   0x08002d28   0x00000200   Code   RO         1539    i.rt_hw_hard_fault_exception  cpuport.o
    0x08002f28   0x08002f28   0x0000004c   Code   RO         1540    i.rt_hw_stack_init  cpuport.o
    0x08002f74   0x08002f74   0x00000026   Code   RO          313    i.rt_hw_us_delay    board.o
    0x08002f9a   0x08002f9a   0x00000002   PAD
    0x08002f9c   0x08002f9c   0x00000020   Code   RO          868    i.rt_interrupt_enter  irq.o
    0x08002fbc   0x08002fbc   0x00000020   Code   RO          870    i.rt_interrupt_leave  irq.o
    0x08002fdc   0x08002fdc   0x00000014   Code   RO          693    i.rt_ipc_list_resume  ipc.o
    0x08002ff0   0x08002ff0   0x0000006c   Code   RO          695    i.rt_ipc_list_suspend  ipc.o
    0x0800305c   0x0800305c   0x00000010   Code   RO          696    i.rt_ipc_object_init  ipc.o
    0x0800306c   0x0800306c   0x00000030   Code   RO          901    i.rt_kprintf        kservice.o
    0x0800309c   0x0800309c   0x00000006   Code   RO          697    i.rt_list_init      ipc.o
    0x080030a2   0x080030a2   0x00000006   Code   RO         1212    i.rt_list_init      scheduler.o
    0x080030a8   0x080030a8   0x00000006   Code   RO         1414    i.rt_list_init      timer.o
    0x080030ae   0x080030ae   0x0000000e   Code   RO         1134    i.rt_list_insert_after  object.o
    0x080030bc   0x080030bc   0x0000000e   Code   RO         1292    i.rt_list_insert_after  thread.o
    0x080030ca   0x080030ca   0x0000000e   Code   RO         1415    i.rt_list_insert_after  timer.o
    0x080030d8   0x080030d8   0x0000000e   Code   RO          698    i.rt_list_insert_before  ipc.o
    0x080030e6   0x080030e6   0x00000010   Code   RO          699    i.rt_list_isempty   ipc.o
    0x080030f6   0x080030f6   0x00000010   Code   RO         1416    i.rt_list_isempty   timer.o
    0x08003106   0x08003106   0x00000012   Code   RO         1135    i.rt_list_remove    object.o
    0x08003118   0x08003118   0x00000012   Code   RO         1293    i.rt_list_remove    thread.o
    0x0800312a   0x0800312a   0x00000002   PAD
    0x0800312c   0x0800312c   0x0000016c   Code   RO         1075    i.rt_malloc         mem.o
    0x08003298   0x08003298   0x00000052   Code   RO          701    i.rt_mb_create      ipc.o
    0x080032ea   0x080032ea   0x000000f4   Code   RO          705    i.rt_mb_recv        ipc.o
    0x080033de   0x080033de   0x00000012   Code   RO          706    i.rt_mb_send        ipc.o
    0x080033f0   0x080033f0   0x000000f6   Code   RO          707    i.rt_mb_send_wait   ipc.o
    0x080034e6   0x080034e6   0x00000048   Code   RO          907    i.rt_memset         kservice.o
    0x0800352e   0x0800352e   0x00000054   Code   RO         1136    i.rt_object_allocate  object.o
    0x08003582   0x08003582   0x00000024   Code   RO         1137    i.rt_object_delete  object.o
    0x080035a6   0x080035a6   0x0000001e   Code   RO         1138    i.rt_object_detach  object.o
    0x080035c4   0x080035c4   0x00000028   Code   RO         1140    i.rt_object_get_information  object.o
    0x080035ec   0x080035ec   0x0000003c   Code   RO         1142    i.rt_object_init    object.o
    0x08003628   0x08003628   0x00000012   Code   RO         1143    i.rt_object_is_systemobject  object.o
    0x0800363a   0x0800363a   0x00000002   PAD
    0x0800363c   0x0800363c   0x00000090   Code   RO         1213    i.rt_schedule       scheduler.o
    0x080036cc   0x080036cc   0x00000050   Code   RO         1214    i.rt_schedule_insert_thread  scheduler.o
    0x0800371c   0x0800371c   0x00000054   Code   RO         1215    i.rt_schedule_remove_thread  scheduler.o
    0x08003770   0x08003770   0x0000002a   Code   RO          709    i.rt_sem_create     ipc.o
    0x0800379a   0x0800379a   0x00000026   Code   RO          712    i.rt_sem_init       ipc.o
    0x080037c0   0x080037c0   0x0000003a   Code   RO          713    i.rt_sem_release    ipc.o
    0x080037fa   0x080037fa   0x00000074   Code   RO          714    i.rt_sem_take       ipc.o
    0x0800386e   0x0800386e   0x00000002   PAD
    0x08003870   0x08003870   0x000000b0   Code   RO          909    i.rt_show_version   kservice.o
    0x08003920   0x08003920   0x0000007c   Code   RO         1417    i.rt_soft_timer_check  timer.o
    0x0800399c   0x0800399c   0x00000012   Code   RO          915    i.rt_strlen         kservice.o
    0x080039ae   0x080039ae   0x00000034   Code   RO          917    i.rt_strncpy        kservice.o
    0x080039e2   0x080039e2   0x00000002   PAD
    0x080039e4   0x080039e4   0x000000f8   Code   RO         1078    i.rt_system_heap_init  mem.o
    0x08003adc   0x08003adc   0x0000004c   Code   RO         1216    i.rt_system_scheduler_init  scheduler.o
    0x08003b28   0x08003b28   0x00000030   Code   RO         1217    i.rt_system_scheduler_start  scheduler.o
    0x08003b58   0x08003b58   0x0000001c   Code   RO         1418    i.rt_system_timer_init  timer.o
    0x08003b74   0x08003b74   0x00000054   Code   RO         1419    i.rt_system_timer_thread_init  timer.o
    0x08003bc8   0x08003bc8   0x00000050   Code   RO         1295    i.rt_thread_create  thread.o
    0x08003c18   0x08003c18   0x0000000c   Code   RO         1296    i.rt_thread_delay   thread.o
    0x08003c24   0x08003c24   0x00000054   Code   RO         1299    i.rt_thread_exit    thread.o
    0x08003c78   0x08003c78   0x00000008   Code   RO          647    i.rt_thread_idle_entry  idle.o
    0x08003c80   0x08003c80   0x00000084   Code   RO          648    i.rt_thread_idle_excute  idle.o
    0x08003d04   0x08003d04   0x0000003c   Code   RO          650    i.rt_thread_idle_init  idle.o
    0x08003d40   0x08003d40   0x00000034   Code   RO         1301    i.rt_thread_init    thread.o
    0x08003d74   0x08003d74   0x00000014   Code   RO         1302    i.rt_thread_mdelay  thread.o
    0x08003d88   0x08003d88   0x0000003c   Code   RO         1303    i.rt_thread_resume  thread.o
    0x08003dc4   0x08003dc4   0x0000000c   Code   RO         1304    i.rt_thread_self    thread.o
    0x08003dd0   0x08003dd0   0x00000044   Code   RO         1305    i.rt_thread_sleep   thread.o
    0x08003e14   0x08003e14   0x0000002c   Code   RO         1306    i.rt_thread_startup  thread.o
    0x08003e40   0x08003e40   0x00000044   Code   RO         1307    i.rt_thread_suspend  thread.o
    0x08003e84   0x08003e84   0x00000020   Code   RO         1308    i.rt_thread_timeout  thread.o
    0x08003ea4   0x08003ea4   0x00000044   Code   RO         1420    i.rt_thread_timer_entry  timer.o
    0x08003ee8   0x08003ee8   0x00000064   Code   RO         1309    i.rt_thread_yield   thread.o
    0x08003f4c   0x08003f4c   0x00000020   Code   RO          535    i.rt_tick_from_millisecond  clock.o
    0x08003f6c   0x08003f6c   0x0000000c   Code   RO          536    i.rt_tick_get       clock.o
    0x08003f78   0x08003f78   0x00000030   Code   RO          537    i.rt_tick_increase  clock.o
    0x08003fa8   0x08003fa8   0x0000007c   Code   RO         1421    i.rt_timer_check    timer.o
    0x08004024   0x08004024   0x00000038   Code   RO         1422    i.rt_timer_control  timer.o
    0x0800405c   0x0800405c   0x00000036   Code   RO         1423    i.rt_timer_create   timer.o
    0x08004092   0x08004092   0x00000020   Code   RO         1425    i.rt_timer_detach   timer.o
    0x080040b2   0x080040b2   0x0000002e   Code   RO         1426    i.rt_timer_init     timer.o
    0x080040e0   0x080040e0   0x0000001c   Code   RO         1427    i.rt_timer_list_next_timeout  timer.o
    0x080040fc   0x080040fc   0x0000012c   Code   RO         1429    i.rt_timer_start    timer.o
    0x08004228   0x08004228   0x00000030   Code   RO         1430    i.rt_timer_stop     timer.o
    0x08004258   0x08004258   0x00000328   Code   RO          920    i.rt_vsnprintf      kservice.o
    0x08004580   0x08004580   0x00000004   Code   RO          577    i.rti_board_end     components.o
    0x08004584   0x08004584   0x00000004   Code   RO          578    i.rti_board_start   components.o
    0x08004588   0x08004588   0x00000004   Code   RO          579    i.rti_end           components.o
    0x0800458c   0x0800458c   0x00000004   Code   RO          580    i.rti_start         components.o
    0x08004590   0x08004590   0x0000002a   Code   RO          581    i.rtthread_startup  components.o
    0x080045ba   0x080045ba   0x00000002   PAD
    0x080045bc   0x080045bc   0x00000120   Code   RO         1769    i.showpage          bsp_oled.o
    0x080046dc   0x080046dc   0x00000026   Code   RO          922    i.skip_atoi         kservice.o
    0x08004702   0x08004702   0x00000002   PAD
    0x08004704   0x08004704   0x00000190   Code   RO          486    i.state_transfer    key_handle.o
    0x08004894   0x08004894   0x00000068   Code   RO          487    i.statetable_init   key_handle.o
    0x080048fc   0x080048fc   0x0000009c   Code   RO          417    i.task1_xxx_Display_init  display.o
    0x08004998   0x08004998   0x00000104   Code   RO          516    i.taskreadAT24_thread_entry  task_readat24c02.o
    0x08004a9c   0x08004a9c   0x00000038   Code   RO         1590    i.uart_NVIC_Configuration  bsp_usart.o
    0x08004ad4   0x08004ad4   0x00000108   Code   RO         1591    i.uart_device_init  bsp_usart.o
    0x08004bdc   0x08004bdc   0x00000034   Code   RO         1770    i.updatepage        bsp_oled.o
    0x08004c10   0x08004c10   0x00000122   Data   RO          924    .constdata          kservice.o
    0x08004d32   0x08004d32   0x00000818   Data   RO         1772    .constdata          bsp_oled.o
    0x0800554a   0x0800554a   0x00000002   PAD
    0x0800554c   0x0800554c   0x00000004   Data   RO          582    .rti_fn.0           components.o
    0x08005550   0x08005550   0x00000004   Data   RO          583    .rti_fn.0.end       components.o
    0x08005554   0x08005554   0x00000004   Data   RO          584    .rti_fn.1.end       components.o
    0x08005558   0x08005558   0x00000004   Data   RO          585    .rti_fn.6.end       components.o
    0x0800555c   0x0800555c   0x00000020   Data   RO         4173    Region$$Table       anon$$obj.o


    Execution Region RW_IRAM1 (Exec base: 0x20000000, Load base: 0x0800557c, Size: 0x0000b6b0, Max: 0x00010000, ABSOLUTE, COMPRESSED[0x00000104])

    Exec Addr    Load Addr    Size         Type   Attr      Idx    E Section Name        Object

    0x20000000   COMPRESSED   0x00000008   Data   RW          418    .data               display.o
    0x20000008   COMPRESSED   0x00000010   Data   RW          460    .data               uart_handle.o
    0x20000018   COMPRESSED   0x00000005   Data   RW          489    .data               key_handle.o
    0x2000001d   COMPRESSED   0x00000003   PAD
    0x20000020   COMPRESSED   0x00000009   Data   RW          517    .data               task_readat24c02.o
    0x20000029   COMPRESSED   0x00000003   PAD
    0x2000002c   COMPRESSED   0x00000004   Data   RW          539    .data               clock.o
    0x20000030   COMPRESSED   0x00000001   Data   RW          871    .data               irq.o
    0x20000031   COMPRESSED   0x00000003   PAD
    0x20000034   COMPRESSED   0x00000018   Data   RW         1080    .data               mem.o
    0x2000004c   COMPRESSED   0x00000050   Data   RW         1145    .data               object.o
    0x2000009c   COMPRESSED   0x00000018   Data   RW         1219    .data               scheduler.o
    0x200000b4   COMPRESSED   0x00000014   Data   RW         1432    .data               timer.o
    0x200000c8   COMPRESSED   0x00000010   Data   RW         1541    .data               cpuport.o
    0x200000d8   COMPRESSED   0x0000000d   Data   RW         1702    .data               bsp_key.o
    0x200000e5   COMPRESSED   0x000001c2   Data   RW         1773    .data               bsp_oled.o
    0x200002a7   COMPRESSED   0x00000001   Data   RW         1865    .data               bsp_time.o
    0x200002a8   COMPRESSED   0x00000004   Data   RW         1986    .data               systick.o
    0x200002ac   COMPRESSED   0x00000014   Data   RW         3806    .data               stm32f10x_rcc.o
    0x200002c0   COMPRESSED   0x00000014   Data   RW         4103    .data               system_stm32f10x.o
    0x200002d4        -       0x0000a000   Zero   RW          314    .bss                board.o
    0x2000a2d4        -       0x000000c8   Zero   RW          488    .bss                key_handle.o
    0x2000a39c        -       0x00000180   Zero   RW          651    .bss                idle.o
    0x2000a51c        -       0x00000080   Zero   RW          923    .bss                kservice.o
    0x2000a59c        -       0x00000020   Zero   RW         1079    .bss                mem.o
    0x2000a5bc        -       0x00000100   Zero   RW         1218    .bss                scheduler.o
    0x2000a6bc        -       0x00000280   Zero   RW         1431    .bss                timer.o
    0x2000a93c        -       0x00000838   Zero   RW         1592    .bss                bsp_usart.o
    0x2000b174        -       0x000000e0   Zero   RW         1771    .bss                bsp_oled.o
    0x2000b254        -       0x00000020   Zero   RW         1898    .bss                bsp_24cxx.o
    0x2000b274        -       0x00000038   Zero   RW         1951    .bss                bsp_steer.o
    0x2000b2ac   COMPRESSED   0x00000004   PAD
    0x2000b2b0        -       0x00000400   Zero   RW         4082    STACK               startup_stm32f10x_hd.o


==============================================================================

Image component sizes


      Code (inc. data)   RO Data    RW Data    ZI Data      Debug   Object Name

       326         38          0          0      40960     225154   board.o
       662         22          0          0         32       2810   bsp_24cxx.o
       708          0          0          0          0       6531   bsp_iic.o
       572         60          0         13          0       2400   bsp_key.o
      1440         36       2072        450        224      10636   bsp_oled.o
       320          0          0          0          0       1964   bsp_pwm.o
       120         18          0          0         56        897   bsp_steer.o
       132         16          0          1          0        794   bsp_time.o
       794         58          0          0       2104       6237   bsp_usart.o
        92         12          0          4          0       1828   clock.o
       186         28         16          0          0       5984   components.o
       244         26          0          0          0        836   context_rvds.o
       588        328          0         16          0       3374   cpuport.o
       676        244          0          8          0       2554   display.o
       220         30          0          0        384       5650   idle.o
      1024          0          0          0          0      12392   ipc.o
        64         12          0          1          0       1654   irq.o
       644        148          0          5        200       3414   key_handle.o
      1696        164        290          0        128       8928   kservice.o
      1426        844          0          0          0      66784   main.o
       956        224          0         24         32       3988   mem.o
       172         22          0          0          0       2361   misc.o
       300          4          0         80          0       8344   object.o
       530         88          0         24        256       8586   scheduler.o
        36          8        304          0       1024        840   startup_stm32f10x_hd.o
       130         10          0          0          0       4240   stm32f10x_dma.o
       286          0          0          0          0       3328   stm32f10x_gpio.o
        18          0          0          0          0       2735   stm32f10x_it.o
       308         38          0         20          0       5426   stm32f10x_rcc.o
       940         92          0          0          0       9750   stm32f10x_tim.o
       460          6          0          0          0       7412   stm32f10x_usart.o
       328         28          0         20          0       2409   system_stm32f10x.o
       136         12          0          4          0       1318   systick.o
       260        122          0          9          0       1062   task_readat24c02.o
       796         36          0          0          0      12578   thread.o
      1140         64          0         20        640      14268   timer.o
       136         52          0         16          0       1659   uart_handle.o

    ----------------------------------------------------------------------
     18902       2890       2716        724      46044     461125   Object Totals
         0          0         32          0          0          0   (incl. Generated)
        36          0          2          9          4          0   (incl. Padding)

    ----------------------------------------------------------------------

      Code (inc. data)   RO Data    RW Data    ZI Data      Debug   Library Member Name

        86          0          0          0          0          0   __dczerorl2.o
         0          0          0          0          0          0   entry.o
         0          0          0          0          0          0   entry10a.o
         0          0          0          0          0          0   entry11a.o
         8          4          0          0          0          0   entry2.o
         4          0          0          0          0          0   entry5.o
         0          0          0          0          0          0   entry7b.o
         0          0          0          0          0          0   entry8b.o
         8          4          0          0          0          0   entry9a.o
        30          0          0          0          0          0   handlers.o
        36          8          0          0          0         68   init.o
        36          0          0          0          0         68   memcpya.o
        36          0          0          0          0        108   memseta.o
        18          0          0          0          0         68   strcpy.o

    ----------------------------------------------------------------------
       266         16          0          0          0        312   Library Totals
         4          0          0          0          0          0   (incl. Padding)

    ----------------------------------------------------------------------

      Code (inc. data)   RO Data    RW Data    ZI Data      Debug   Library Name

       262         16          0          0          0        312   mc_w.l

    ----------------------------------------------------------------------
       266         16          0          0          0        312   Library Totals

    ----------------------------------------------------------------------

==============================================================================


      Code (inc. data)   RO Data    RW Data    ZI Data      Debug   

     19168       2906       2716        724      46044     451269   Grand Totals
     19168       2906       2716        260      46044     451269   ELF Image Totals (compressed)
     19168       2906       2716        260          0          0   ROM Totals

==============================================================================

    Total RO  Size (Code + RO Data)                21884 (  21.37kB)
    Total RW  Size (RW Data + ZI Data)             46768 (  45.67kB)
    Total ROM Size (Code + RO Data + RW Data)      22144 (  21.63kB)

==============================================================================

