<html>
<body>
<pre>
<h1>礦ision Build Log</h1>
<h2>Tool Versions:</h2>
IDE-Version: μVision V5.25.2.0
Copyright (C) 2018 ARM Ltd and ARM Germany GmbH. All rights reserved.
License Information: ASF A, FAF, LIC=EXJUH-W2R99-30HNC-7JTU5-WVZYN-JT1A6
 
Tool Versions:
Toolchain:       MDK-ARM Plus  Version: 5.25.2.0
Toolchain Path:  D:\KEIL5\ARM\ARMCC\Bin
C Compiler:      Armcc.exe V5.06 update 6 (build 750)
Assembler:       Armasm.exe V5.06 update 6 (build 750)
Linker/Locator:  ArmLink.exe V5.06 update 6 (build 750)
Library Manager: ArmAr.exe V5.06 update 6 (build 750)
Hex Converter:   FromElf.exe V5.06 update 6 (build 750)
CPU DLL:         SARMCM3.DLL V5.25.2.0
Dialog DLL:      DCM.DLL V1.17.1.0
Target DLL:      Segger\JL2CM3.dll V2.99.29.0
Dialog DLL:      TCM.DLL V1.35.1.0
 
<h2>Project:</h2>
E:\A比赛\2019电赛\electronics_design_competition\今年题\project\diansai.uvprojx
Project File Date:  08/07/2019

<h2>Output:</h2>
*** Using Compiler 'V5.06 update 6 (build 750)', folder: 'D:\KEIL5\ARM\ARMCC\Bin'
Build target 'Target 1'
compiling uart_handle.c...
App\Uart_handle\uart_handle.h(10): warning:  #1-D: last line of file ends without a newline
  #endif
.\App\Display\display.h(9): warning:  #1-D: last line of file ends without a newline
  #endif
.\App\Uart_handle\key_handle.h(36): warning:  #1-D: last line of file ends without a newline
  #endif
.\App\Task_tesk\task_readAT24c02.h(10): warning:  #1-D: last line of file ends without a newline
  #endif
.\Peripheral\steer\bsp_steer.h(9): warning:  #1-D: last line of file ends without a newline
  #endif
.\Public\pid\auto_control.h(29): warning:  #1-D: last line of file ends without a newline
  #endif // __auto_control_H__
.\Public\pid\pos_pid_control.h(39): warning:  #1-D: last line of file ends without a newline
  #endif
.\Public\pid\inc_pid_control.h(37): warning:  #1-D: last line of file ends without a newline
  #endif
.\User\board.h(24): warning:  #1-D: last line of file ends without a newline
  #endif
.\App\banqiu_handle\banqiu_handle.h(24): warning:  #1-D: last line of file ends without a newline
  #endif
.\User\include.h(7): warning:  #1-D: last line of file ends without a newline
  #include "Elegun_handle.h"
.\App\Ele_gun\Elegun_handle.h(16): warning:  #1-D: last line of file ends without a newline
  #endif
App\Uart_handle\uart_handle.c(53): warning:  #1-D: last line of file ends without a newline
  }
App\Uart_handle\uart_handle.c: 13 warnings, 0 errors
compiling display.c...
App\Display\display.h(9): warning:  #1-D: last line of file ends without a newline
  #endif
.\Peripheral\steer\bsp_steer.h(9): warning:  #1-D: last line of file ends without a newline
  #endif
.\Public\pid\auto_control.h(29): warning:  #1-D: last line of file ends without a newline
  #endif // __auto_control_H__
.\Public\pid\pos_pid_control.h(39): warning:  #1-D: last line of file ends without a newline
  #endif
.\Public\pid\inc_pid_control.h(37): warning:  #1-D: last line of file ends without a newline
  #endif
.\User\board.h(24): warning:  #1-D: last line of file ends without a newline
  #endif
.\App\Uart_handle\uart_handle.h(10): warning:  #1-D: last line of file ends without a newline
  #endif
.\App\Uart_handle\key_handle.h(36): warning:  #1-D: last line of file ends without a newline
  #endif
.\App\Task_tesk\task_readAT24c02.h(10): warning:  #1-D: last line of file ends without a newline
  #endif
.\App\banqiu_handle\banqiu_handle.h(24): warning:  #1-D: last line of file ends without a newline
  #endif
.\User\include.h(7): warning:  #1-D: last line of file ends without a newline
  #include "Elegun_handle.h"
.\App\Ele_gun\Elegun_handle.h(16): warning:  #1-D: last line of file ends without a newline
  #endif
App\Display\display.c(374): warning:  #1-D: last line of file ends without a newline
  }
App\Display\display.c: 13 warnings, 0 errors
compiling board.c...
.\Peripheral\steer\bsp_steer.h(9): warning:  #1-D: last line of file ends without a newline
  #endif
.\Public\pid\auto_control.h(29): warning:  #1-D: last line of file ends without a newline
  #endif // __auto_control_H__
.\Public\pid\pos_pid_control.h(39): warning:  #1-D: last line of file ends without a newline
  #endif
.\Public\pid\inc_pid_control.h(37): warning:  #1-D: last line of file ends without a newline
  #endif
.\User\board.h(24): warning:  #1-D: last line of file ends without a newline
  #endif
.\App\Display\display.h(9): warning:  #1-D: last line of file ends without a newline
  #endif
.\App\Uart_handle\uart_handle.h(10): warning:  #1-D: last line of file ends without a newline
  #endif
.\App\Uart_handle\key_handle.h(36): warning:  #1-D: last line of file ends without a newline
  #endif
.\App\Task_tesk\task_readAT24c02.h(10): warning:  #1-D: last line of file ends without a newline
  #endif
.\App\banqiu_handle\banqiu_handle.h(24): warning:  #1-D: last line of file ends without a newline
  #endif
.\User\include.h(7): warning:  #1-D: last line of file ends without a newline
  #include "Elegun_handle.h"
.\App\Ele_gun\Elegun_handle.h(16): warning:  #1-D: last line of file ends without a newline
  #endif
RT-Thread\bsp\board.c: 12 warnings, 0 errors
compiling main.c...
.\Peripheral\steer\bsp_steer.h(9): warning:  #1-D: last line of file ends without a newline
  #endif
.\Public\pid\auto_control.h(29): warning:  #1-D: last line of file ends without a newline
  #endif // __auto_control_H__
.\Public\pid\pos_pid_control.h(39): warning:  #1-D: last line of file ends without a newline
  #endif
.\Public\pid\inc_pid_control.h(37): warning:  #1-D: last line of file ends without a newline
  #endif
User\board.h(24): warning:  #1-D: last line of file ends without a newline
  #endif
.\App\Display\display.h(9): warning:  #1-D: last line of file ends without a newline
  #endif
.\App\Uart_handle\uart_handle.h(10): warning:  #1-D: last line of file ends without a newline
  #endif
.\App\Uart_handle\key_handle.h(36): warning:  #1-D: last line of file ends without a newline
  #endif
.\App\Task_tesk\task_readAT24c02.h(10): warning:  #1-D: last line of file ends without a newline
  #endif
.\App\banqiu_handle\banqiu_handle.h(24): warning:  #1-D: last line of file ends without a newline
  #endif
User\include.h(7): warning:  #1-D: last line of file ends without a newline
  #include "Elegun_handle.h"
.\App\Ele_gun\Elegun_handle.h(16): warning:  #1-D: last line of file ends without a newline
  #endif
User\main.c(348): warning:  #1-D: last line of file ends without a newline
  }
User\main.c: 13 warnings, 0 errors
compiling task_readAt24c02.c...
App\Task_tesk\task_readAT24c02.h(10): warning:  #1-D: last line of file ends without a newline
  #endif
.\App\Uart_handle\key_handle.h(36): warning:  #1-D: last line of file ends without a newline
  #endif
.\Peripheral\steer\bsp_steer.h(9): warning:  #1-D: last line of file ends without a newline
  #endif
.\Public\pid\auto_control.h(29): warning:  #1-D: last line of file ends without a newline
  #endif // __auto_control_H__
.\Public\pid\pos_pid_control.h(39): warning:  #1-D: last line of file ends without a newline
  #endif
.\Public\pid\inc_pid_control.h(37): warning:  #1-D: last line of file ends without a newline
  #endif
.\User\board.h(24): warning:  #1-D: last line of file ends without a newline
  #endif
.\App\banqiu_handle\banqiu_handle.h(24): warning:  #1-D: last line of file ends without a newline
  #endif
App\Task_tesk\task_readAt24c02.c(74): warning:  #1-D: last line of file ends without a newline
  }
App\Task_tesk\task_readAt24c02.c: 9 warnings, 0 errors
compiling key_handle.c...
.\App\Uart_handle\key_handle.h(36): warning:  #1-D: last line of file ends without a newline
  #endif
.\Peripheral\steer\bsp_steer.h(9): warning:  #1-D: last line of file ends without a newline
  #endif
.\Public\pid\auto_control.h(29): warning:  #1-D: last line of file ends without a newline
  #endif // __auto_control_H__
.\Public\pid\pos_pid_control.h(39): warning:  #1-D: last line of file ends without a newline
  #endif
.\Public\pid\inc_pid_control.h(37): warning:  #1-D: last line of file ends without a newline
  #endif
.\User\board.h(24): warning:  #1-D: last line of file ends without a newline
  #endif
.\App\Display\display.h(9): warning:  #1-D: last line of file ends without a newline
  #endif
.\App\Uart_handle\uart_handle.h(10): warning:  #1-D: last line of file ends without a newline
  #endif
.\App\Task_tesk\task_readAT24c02.h(10): warning:  #1-D: last line of file ends without a newline
  #endif
.\App\banqiu_handle\banqiu_handle.h(24): warning:  #1-D: last line of file ends without a newline
  #endif
.\User\include.h(7): warning:  #1-D: last line of file ends without a newline
  #include "Elegun_handle.h"
.\App\Ele_gun\Elegun_handle.h(16): warning:  #1-D: last line of file ends without a newline
  #endif
App\Key_handle\key_handle.c(16): warning:  #188-D: enumerated type mixed with another type
  state state_transition[20][10] = {0}; 
App\Key_handle\key_handle.c(354): warning:  #1-D: last line of file ends without a newline
  }
App\Key_handle\key_handle.c: 14 warnings, 0 errors
linking...
Program Size: Code=26964 RO-data=2716 RW-data=788 ZI-data=46332  
FromELF: creating hex file...
".\Objects\diansai.axf" - 0 Error(s), 74 Warning(s).

<h2>Software Packages used:</h2>

Package Vendor: Keil
                http://www.keil.com/pack/Keil.STM32F1xx_DFP.2.3.0.pack
                Keil.STM32F1xx_DFP.2.3.0
                STMicroelectronics STM32F1 Series Device Support, Drivers and Examples

<h2>Collection of Component include folders:</h2>
  .\RTE\_Target_1
  D:\KEIL5\ARM\PACK\Keil\STM32F1xx_DFP\2.3.0\Device\Include

<h2>Collection of Component Files used:</h2>
Build Time Elapsed:  00:00:03
</pre>
</body>
</html>
