<html>
<body>
<pre>
<h1>礦ision Build Log</h1>
<h2>Tool Versions:</h2>
IDE-Version: μVision V5.28.0.0
Copyright (C) 2019 ARM Ltd and ARM Germany GmbH. All rights reserved.
License Information: ASF A, FAF, LIC=EXJUH-W2R99-30HNC-7JTU5-WVZYN-JT1A6
 
Tool Versions:
Toolchain:       MDK-ARM Plus  Version: 5.28.0.0
Toolchain Path:  D:\KEIL5\ARM\ARMCC\Bin
C Compiler:      Armcc.exe V5.06 update 6 (build 750)
Assembler:       Armasm.exe V5.06 update 6 (build 750)
Linker/Locator:  ArmLink.exe V5.06 update 6 (build 750)
Library Manager: ArmAr.exe V5.06 update 6 (build 750)
Hex Converter:   FromElf.exe V5.06 update 6 (build 750)
CPU DLL:         SARMCM3.DLL V5.28.0.0
Dialog DLL:      DCM.DLL V1.17.3.0
Target DLL:      Segger\JL2CM3.dll V2.99.36.0
Dialog DLL:      TCM.DLL V1.36.2.0
 
<h2>Project:</h2>
E:\A比赛\2019电赛\electronics_design_competition\今年题\project\diansai.uvprojx
Project File Date:  08/08/2019

<h2>Output:</h2>
*** Using Compiler 'V5.06 update 6 (build 750)', folder: 'D:\KEIL5\ARM\ARMCC\Bin'
Build target 'Target 1'
compiling main.c...
.\Peripheral\led\bsp_led.h(15): warning:  #1295-D: Deprecated declaration Fire_Init - give arg types
  void Fire_Init();
.\Peripheral\led\bsp_led.h(16): warning:  #1295-D: Deprecated declaration Charge_Init - give arg types
  void Charge_Init();
.\User\PORT_cfg.h(265): warning:  #1-D: last line of file ends without a newline
  #endif
.\User\PORT_cfg.h(265): warning:  #1-D: last line of file ends without a newline
  #endif
.\User\PORT_cfg.h(265): warning:  #1-D: last line of file ends without a newline
  #endif
.\User\PORT_cfg.h(265): warning:  #1-D: last line of file ends without a newline
  #endif
.\User\PORT_cfg.h(265): warning:  #1-D: last line of file ends without a newline
  #endif
.\Peripheral\steer\bsp_steer.h(9): warning:  #1-D: last line of file ends without a newline
  #endif
.\Peripheral\sr04\bsp_sr04.h(4): warning:  #1295-D: Deprecated declaration Hcsr04Init - give arg types
  void Hcsr04Init();
.\Peripheral\sr04\bsp_sr04.h(7): warning:  #1-D: last line of file ends without a newline
  #endif
.\Public\pid\auto_control.h(29): warning:  #1-D: last line of file ends without a newline
  #endif // __auto_control_H__
.\Public\pid\pos_pid_control.h(39): warning:  #1-D: last line of file ends without a newline
  #endif
.\Public\pid\inc_pid_control.h(37): warning:  #1-D: last line of file ends without a newline
  #endif
User\board.h(25): warning:  #1-D: last line of file ends without a newline
  #endif
.\App\Display\display.h(9): warning:  #1-D: last line of file ends without a newline
  #endif
.\App\Uart_handle\uart_handle.h(10): warning:  #1-D: last line of file ends without a newline
  #endif
.\App\Uart_handle\key_handle.h(44): warning:  #1-D: last line of file ends without a newline
  #endif
.\App\Task_tesk\task_readAT24c02.h(11): warning:  #1-D: last line of file ends without a newline
  #endif
.\App\banqiu_handle\banqiu_handle.h(24): warning:  #1-D: last line of file ends without a newline
  #endif
User\include.h(7): warning:  #1-D: last line of file ends without a newline
  #include "Elegun_handle.h"
.\App\Ele_gun\Elegun_handle.h(27): warning:  #1-D: last line of file ends without a newline
  #endif
User\main.c(383): warning:  #1-D: last line of file ends without a newline
  }
User\main.c: 22 warnings, 0 errors
compiling board.c...
.\Peripheral\led\bsp_led.h(15): warning:  #1295-D: Deprecated declaration Fire_Init - give arg types
  void Fire_Init();
.\Peripheral\led\bsp_led.h(16): warning:  #1295-D: Deprecated declaration Charge_Init - give arg types
  void Charge_Init();
.\User\PORT_cfg.h(265): warning:  #1-D: last line of file ends without a newline
  #endif
.\User\PORT_cfg.h(265): warning:  #1-D: last line of file ends without a newline
  #endif
.\User\PORT_cfg.h(265): warning:  #1-D: last line of file ends without a newline
  #endif
.\User\PORT_cfg.h(265): warning:  #1-D: last line of file ends without a newline
  #endif
.\User\PORT_cfg.h(265): warning:  #1-D: last line of file ends without a newline
  #endif
.\Peripheral\steer\bsp_steer.h(9): warning:  #1-D: last line of file ends without a newline
  #endif
.\Peripheral\sr04\bsp_sr04.h(4): warning:  #1295-D: Deprecated declaration Hcsr04Init - give arg types
  void Hcsr04Init();
.\Peripheral\sr04\bsp_sr04.h(7): warning:  #1-D: last line of file ends without a newline
  #endif
.\Public\pid\auto_control.h(29): warning:  #1-D: last line of file ends without a newline
  #endif // __auto_control_H__
.\Public\pid\pos_pid_control.h(39): warning:  #1-D: last line of file ends without a newline
  #endif
.\Public\pid\inc_pid_control.h(37): warning:  #1-D: last line of file ends without a newline
  #endif
.\User\board.h(25): warning:  #1-D: last line of file ends without a newline
  #endif
.\App\Display\display.h(9): warning:  #1-D: last line of file ends without a newline
  #endif
.\App\Uart_handle\uart_handle.h(10): warning:  #1-D: last line of file ends without a newline
  #endif
.\App\Uart_handle\key_handle.h(44): warning:  #1-D: last line of file ends without a newline
  #endif
.\App\Task_tesk\task_readAT24c02.h(11): warning:  #1-D: last line of file ends without a newline
  #endif
.\App\banqiu_handle\banqiu_handle.h(24): warning:  #1-D: last line of file ends without a newline
  #endif
.\User\include.h(7): warning:  #1-D: last line of file ends without a newline
  #include "Elegun_handle.h"
.\App\Ele_gun\Elegun_handle.h(27): warning:  #1-D: last line of file ends without a newline
  #endif
RT-Thread\bsp\board.c: 21 warnings, 0 errors
compiling uart_handle.c...
App\Uart_handle\uart_handle.h(10): warning:  #1-D: last line of file ends without a newline
  #endif
.\User\PORT_cfg.h(265): warning:  #1-D: last line of file ends without a newline
  #endif
.\App\Display\display.h(9): warning:  #1-D: last line of file ends without a newline
  #endif
.\App\Uart_handle\key_handle.h(44): warning:  #1-D: last line of file ends without a newline
  #endif
.\App\Task_tesk\task_readAT24c02.h(11): warning:  #1-D: last line of file ends without a newline
  #endif
.\Peripheral\led\bsp_led.h(15): warning:  #1295-D: Deprecated declaration Fire_Init - give arg types
  void Fire_Init();
.\Peripheral\led\bsp_led.h(16): warning:  #1295-D: Deprecated declaration Charge_Init - give arg types
  void Charge_Init();
.\User\PORT_cfg.h(265): warning:  #1-D: last line of file ends without a newline
  #endif
.\User\PORT_cfg.h(265): warning:  #1-D: last line of file ends without a newline
  #endif
.\User\PORT_cfg.h(265): warning:  #1-D: last line of file ends without a newline
  #endif
.\User\PORT_cfg.h(265): warning:  #1-D: last line of file ends without a newline
  #endif
.\Peripheral\steer\bsp_steer.h(9): warning:  #1-D: last line of file ends without a newline
  #endif
.\Peripheral\sr04\bsp_sr04.h(4): warning:  #1295-D: Deprecated declaration Hcsr04Init - give arg types
  void Hcsr04Init();
.\Peripheral\sr04\bsp_sr04.h(7): warning:  #1-D: last line of file ends without a newline
  #endif
.\Public\pid\auto_control.h(29): warning:  #1-D: last line of file ends without a newline
  #endif // __auto_control_H__
.\Public\pid\pos_pid_control.h(39): warning:  #1-D: last line of file ends without a newline
  #endif
.\Public\pid\inc_pid_control.h(37): warning:  #1-D: last line of file ends without a newline
  #endif
.\User\board.h(25): warning:  #1-D: last line of file ends without a newline
  #endif
.\App\banqiu_handle\banqiu_handle.h(24): warning:  #1-D: last line of file ends without a newline
  #endif
.\User\include.h(7): warning:  #1-D: last line of file ends without a newline
  #include "Elegun_handle.h"
.\App\Ele_gun\Elegun_handle.h(27): warning:  #1-D: last line of file ends without a newline
  #endif
App\Uart_handle\uart_handle.c(64): warning:  #1-D: last line of file ends without a newline
  }
App\Uart_handle\uart_handle.c: 22 warnings, 0 errors
compiling display.c...
App\Display\display.h(9): warning:  #1-D: last line of file ends without a newline
  #endif
.\Peripheral\led\bsp_led.h(15): warning:  #1295-D: Deprecated declaration Fire_Init - give arg types
  void Fire_Init();
.\Peripheral\led\bsp_led.h(16): warning:  #1295-D: Deprecated declaration Charge_Init - give arg types
  void Charge_Init();
.\User\PORT_cfg.h(265): warning:  #1-D: last line of file ends without a newline
  #endif
.\User\PORT_cfg.h(265): warning:  #1-D: last line of file ends without a newline
  #endif
.\User\PORT_cfg.h(265): warning:  #1-D: last line of file ends without a newline
  #endif
.\User\PORT_cfg.h(265): warning:  #1-D: last line of file ends without a newline
  #endif
.\User\PORT_cfg.h(265): warning:  #1-D: last line of file ends without a newline
  #endif
.\Peripheral\steer\bsp_steer.h(9): warning:  #1-D: last line of file ends without a newline
  #endif
.\Peripheral\sr04\bsp_sr04.h(4): warning:  #1295-D: Deprecated declaration Hcsr04Init - give arg types
  void Hcsr04Init();
.\Peripheral\sr04\bsp_sr04.h(7): warning:  #1-D: last line of file ends without a newline
  #endif
.\Public\pid\auto_control.h(29): warning:  #1-D: last line of file ends without a newline
  #endif // __auto_control_H__
.\Public\pid\pos_pid_control.h(39): warning:  #1-D: last line of file ends without a newline
  #endif
.\Public\pid\inc_pid_control.h(37): warning:  #1-D: last line of file ends without a newline
  #endif
.\User\board.h(25): warning:  #1-D: last line of file ends without a newline
  #endif
.\App\Uart_handle\uart_handle.h(10): warning:  #1-D: last line of file ends without a newline
  #endif
.\App\Uart_handle\key_handle.h(44): warning:  #1-D: last line of file ends without a newline
  #endif
.\App\Task_tesk\task_readAT24c02.h(11): warning:  #1-D: last line of file ends without a newline
  #endif
.\App\banqiu_handle\banqiu_handle.h(24): warning:  #1-D: last line of file ends without a newline
  #endif
.\User\include.h(7): warning:  #1-D: last line of file ends without a newline
  #include "Elegun_handle.h"
.\App\Ele_gun\Elegun_handle.h(27): warning:  #1-D: last line of file ends without a newline
  #endif
App\Display\display.c(518): warning:  #1-D: last line of file ends without a newline
  }
App\Display\display.c: 22 warnings, 0 errors
compiling key_handle.c...
.\App\Uart_handle\key_handle.h(44): warning:  #1-D: last line of file ends without a newline
  #endif
.\Peripheral\led\bsp_led.h(15): warning:  #1295-D: Deprecated declaration Fire_Init - give arg types
  void Fire_Init();
.\Peripheral\led\bsp_led.h(16): warning:  #1295-D: Deprecated declaration Charge_Init - give arg types
  void Charge_Init();
.\User\PORT_cfg.h(265): warning:  #1-D: last line of file ends without a newline
  #endif
.\User\PORT_cfg.h(265): warning:  #1-D: last line of file ends without a newline
  #endif
.\User\PORT_cfg.h(265): warning:  #1-D: last line of file ends without a newline
  #endif
.\User\PORT_cfg.h(265): warning:  #1-D: last line of file ends without a newline
  #endif
.\User\PORT_cfg.h(265): warning:  #1-D: last line of file ends without a newline
  #endif
.\Peripheral\steer\bsp_steer.h(9): warning:  #1-D: last line of file ends without a newline
  #endif
.\Peripheral\sr04\bsp_sr04.h(4): warning:  #1295-D: Deprecated declaration Hcsr04Init - give arg types
  void Hcsr04Init();
.\Peripheral\sr04\bsp_sr04.h(7): warning:  #1-D: last line of file ends without a newline
  #endif
.\Public\pid\auto_control.h(29): warning:  #1-D: last line of file ends without a newline
  #endif // __auto_control_H__
.\Public\pid\pos_pid_control.h(39): warning:  #1-D: last line of file ends without a newline
  #endif
.\Public\pid\inc_pid_control.h(37): warning:  #1-D: last line of file ends without a newline
  #endif
.\User\board.h(25): warning:  #1-D: last line of file ends without a newline
  #endif
.\App\Display\display.h(9): warning:  #1-D: last line of file ends without a newline
  #endif
.\App\Uart_handle\uart_handle.h(10): warning:  #1-D: last line of file ends without a newline
  #endif
.\App\Task_tesk\task_readAT24c02.h(11): warning:  #1-D: last line of file ends without a newline
  #endif
.\App\banqiu_handle\banqiu_handle.h(24): warning:  #1-D: last line of file ends without a newline
  #endif
.\User\include.h(7): warning:  #1-D: last line of file ends without a newline
  #include "Elegun_handle.h"
.\App\Ele_gun\Elegun_handle.h(27): warning:  #1-D: last line of file ends without a newline
  #endif
App\Key_handle\key_handle.c(16): warning:  #188-D: enumerated type mixed with another type
  state state_transition[20][10] = {0}; 
App\Key_handle\key_handle.c(493): warning:  #1-D: last line of file ends without a newline
  }
App\Key_handle\key_handle.c: 23 warnings, 0 errors
compiling task_readAt24c02.c...
App\Task_tesk\task_readAT24c02.h(11): warning:  #1-D: last line of file ends without a newline
  #endif
.\User\PORT_cfg.h(265): warning:  #1-D: last line of file ends without a newline
  #endif
.\App\Uart_handle\key_handle.h(44): warning:  #1-D: last line of file ends without a newline
  #endif
.\Peripheral\led\bsp_led.h(15): warning:  #1295-D: Deprecated declaration Fire_Init - give arg types
  void Fire_Init();
.\Peripheral\led\bsp_led.h(16): warning:  #1295-D: Deprecated declaration Charge_Init - give arg types
  void Charge_Init();
.\User\PORT_cfg.h(265): warning:  #1-D: last line of file ends without a newline
  #endif
.\User\PORT_cfg.h(265): warning:  #1-D: last line of file ends without a newline
  #endif
.\User\PORT_cfg.h(265): warning:  #1-D: last line of file ends without a newline
  #endif
.\User\PORT_cfg.h(265): warning:  #1-D: last line of file ends without a newline
  #endif
.\Peripheral\steer\bsp_steer.h(9): warning:  #1-D: last line of file ends without a newline
  #endif
.\Peripheral\sr04\bsp_sr04.h(4): warning:  #1295-D: Deprecated declaration Hcsr04Init - give arg types
  void Hcsr04Init();
.\Peripheral\sr04\bsp_sr04.h(7): warning:  #1-D: last line of file ends without a newline
  #endif
.\Public\pid\auto_control.h(29): warning:  #1-D: last line of file ends without a newline
  #endif // __auto_control_H__
.\Public\pid\pos_pid_control.h(39): warning:  #1-D: last line of file ends without a newline
  #endif
.\Public\pid\inc_pid_control.h(37): warning:  #1-D: last line of file ends without a newline
  #endif
.\User\board.h(25): warning:  #1-D: last line of file ends without a newline
  #endif
.\App\banqiu_handle\banqiu_handle.h(24): warning:  #1-D: last line of file ends without a newline
  #endif
.\App\Display\display.h(9): warning:  #1-D: last line of file ends without a newline
  #endif
.\App\Uart_handle\uart_handle.h(10): warning:  #1-D: last line of file ends without a newline
  #endif
.\User\include.h(7): warning:  #1-D: last line of file ends without a newline
  #include "Elegun_handle.h"
.\App\Ele_gun\Elegun_handle.h(27): warning:  #1-D: last line of file ends without a newline
  #endif
App\Task_tesk\task_readAt24c02.c(110): warning:  #1-D: last line of file ends without a newline
  }
App\Task_tesk\task_readAt24c02.c: 22 warnings, 0 errors
compiling banqiu_handle.c...
.\Peripheral\led\bsp_led.h(15): warning:  #1295-D: Deprecated declaration Fire_Init - give arg types
  void Fire_Init();
.\Peripheral\led\bsp_led.h(16): warning:  #1295-D: Deprecated declaration Charge_Init - give arg types
  void Charge_Init();
.\User\PORT_cfg.h(265): warning:  #1-D: last line of file ends without a newline
  #endif
.\User\PORT_cfg.h(265): warning:  #1-D: last line of file ends without a newline
  #endif
.\User\PORT_cfg.h(265): warning:  #1-D: last line of file ends without a newline
  #endif
.\User\PORT_cfg.h(265): warning:  #1-D: last line of file ends without a newline
  #endif
.\User\PORT_cfg.h(265): warning:  #1-D: last line of file ends without a newline
  #endif
.\Peripheral\steer\bsp_steer.h(9): warning:  #1-D: last line of file ends without a newline
  #endif
.\Peripheral\sr04\bsp_sr04.h(4): warning:  #1295-D: Deprecated declaration Hcsr04Init - give arg types
  void Hcsr04Init();
.\Peripheral\sr04\bsp_sr04.h(7): warning:  #1-D: last line of file ends without a newline
  #endif
.\Public\pid\auto_control.h(29): warning:  #1-D: last line of file ends without a newline
  #endif // __auto_control_H__
.\Public\pid\pos_pid_control.h(39): warning:  #1-D: last line of file ends without a newline
  #endif
.\Public\pid\inc_pid_control.h(37): warning:  #1-D: last line of file ends without a newline
  #endif
.\User\board.h(25): warning:  #1-D: last line of file ends without a newline
  #endif
App\banqiu_handle\banqiu_handle.h(24): warning:  #1-D: last line of file ends without a newline
  #endif
App\banqiu_handle\banqiu_handle.c(87): warning:  #1-D: last line of file ends without a newline
  }
App\banqiu_handle\banqiu_handle.c: 16 warnings, 0 errors
compiling Elegun_handle.c...
App\Ele_gun\Elegun_handle.h(27): warning:  #1-D: last line of file ends without a newline
  #endif
.\User\PORT_cfg.h(265): warning:  #1-D: last line of file ends without a newline
  #endif
.\Peripheral\steer\bsp_steer.h(9): warning:  #1-D: last line of file ends without a newline
  #endif
.\Peripheral\sr04\bsp_sr04.h(4): warning:  #1295-D: Deprecated declaration Hcsr04Init - give arg types
  void Hcsr04Init();
.\Peripheral\sr04\bsp_sr04.h(7): warning:  #1-D: last line of file ends without a newline
  #endif
.\App\Display\display.h(9): warning:  #1-D: last line of file ends without a newline
  #endif
.\Peripheral\led\bsp_led.h(15): warning:  #1295-D: Deprecated declaration Fire_Init - give arg types
  void Fire_Init();
.\Peripheral\led\bsp_led.h(16): warning:  #1295-D: Deprecated declaration Charge_Init - give arg types
  void Charge_Init();
.\User\PORT_cfg.h(265): warning:  #1-D: last line of file ends without a newline
  #endif
.\User\PORT_cfg.h(265): warning:  #1-D: last line of file ends without a newline
  #endif
.\User\PORT_cfg.h(265): warning:  #1-D: last line of file ends without a newline
  #endif
.\User\PORT_cfg.h(265): warning:  #1-D: last line of file ends without a newline
  #endif
.\Public\pid\auto_control.h(29): warning:  #1-D: last line of file ends without a newline
  #endif // __auto_control_H__
.\Public\pid\pos_pid_control.h(39): warning:  #1-D: last line of file ends without a newline
  #endif
.\Public\pid\inc_pid_control.h(37): warning:  #1-D: last line of file ends without a newline
  #endif
.\User\board.h(25): warning:  #1-D: last line of file ends without a newline
  #endif
.\App\Uart_handle\key_handle.h(44): warning:  #1-D: last line of file ends without a newline
  #endif
App\Ele_gun\Elegun_handle.c: 17 warnings, 0 errors
compiling bsp_led.c...
Peripheral\led\bsp_led.h(15): warning:  #1295-D: Deprecated declaration Fire_Init - give arg types
  void Fire_Init();
Peripheral\led\bsp_led.h(16): warning:  #1295-D: Deprecated declaration Charge_Init - give arg types
  void Charge_Init();
.\User\PORT_cfg.h(265): warning:  #1-D: last line of file ends without a newline
  #endif
Peripheral\led\bsp_led.c(70): warning:  #1-D: last line of file ends without a newline
  }
Peripheral\led\bsp_led.c: 4 warnings, 0 errors
compiling bsp_usart.c...
.\User\PORT_cfg.h(265): warning:  #1-D: last line of file ends without a newline
  #endif
Peripheral\uart\bsp_usart.c: 1 warning, 0 errors
compiling bsp_key.c...
.\User\PORT_cfg.h(265): warning:  #1-D: last line of file ends without a newline
  #endif
Peripheral\key\bsp_key.c: 1 warning, 0 errors
compiling bsp_oled.c...
.\User\PORT_cfg.h(265): warning:  #1-D: last line of file ends without a newline
  #endif
Peripheral\OLED\bsp_oled.c(397): warning:  #167-D: argument of type "char *" is incompatible with parameter of type "u8 *"
  				OLED_ShowString(0, (8/row_num)*i, page[i].srt);
Peripheral\OLED\bsp_oled.c(408): warning:  #167-D: argument of type "char *" is incompatible with parameter of type "u8 *"
  				OLED_ShowString(0, (8/row_num)*i, page[2*i].srt);
Peripheral\OLED\bsp_oled.c(410): warning:  #167-D: argument of type "char *" is incompatible with parameter of type "u8 *"
  				OLED_ShowString(64, (8/row_num)*i, page[2*i+1].srt);
Peripheral\OLED\bsp_oled.c: 4 warnings, 0 errors
compiling bsp_steer.c...
.\User\PORT_cfg.h(265): warning:  #1-D: last line of file ends without a newline
  #endif
Peripheral\steer\bsp_steer.h(9): warning:  #1-D: last line of file ends without a newline
  #endif
.\User\PORT_cfg.h(265): warning:  #1-D: last line of file ends without a newline
  #endif
Peripheral\steer\bsp_steer.c: 3 warnings, 0 errors
compiling bsp_time.c...
.\User\PORT_cfg.h(265): warning:  #1-D: last line of file ends without a newline
  #endif
.\User\PORT_cfg.h(265): warning:  #1-D: last line of file ends without a newline
  #endif
Peripheral\time\bsp_time.c(58): warning:  #223-D: function "KEY_Scan" declared implicitly
  			key_num = KEY_Scan(0);
Peripheral\time\bsp_time.c: 3 warnings, 0 errors
compiling bsp_24cxx.c...
.\User\PORT_cfg.h(265): warning:  #1-D: last line of file ends without a newline
  #endif
Peripheral\24Cxx\bsp_24cxx.c: 1 warning, 0 errors
compiling bsp_sr04.c...
Peripheral\sr04\bsp_sr04.h(4): warning:  #1295-D: Deprecated declaration Hcsr04Init - give arg types
  void Hcsr04Init();
Peripheral\sr04\bsp_sr04.h(7): warning:  #1-D: last line of file ends without a newline
  #endif
.\User\PORT_cfg.h(265): warning:  #1-D: last line of file ends without a newline
  #endif
.\Peripheral\led\bsp_led.h(15): warning:  #1295-D: Deprecated declaration Fire_Init - give arg types
  void Fire_Init();
.\Peripheral\led\bsp_led.h(16): warning:  #1295-D: Deprecated declaration Charge_Init - give arg types
  void Charge_Init();
.\User\PORT_cfg.h(265): warning:  #1-D: last line of file ends without a newline
  #endif
.\User\PORT_cfg.h(265): warning:  #1-D: last line of file ends without a newline
  #endif
.\User\PORT_cfg.h(265): warning:  #1-D: last line of file ends without a newline
  #endif
.\User\PORT_cfg.h(265): warning:  #1-D: last line of file ends without a newline
  #endif
.\User\PORT_cfg.h(265): warning:  #1-D: last line of file ends without a newline
  #endif
.\Peripheral\steer\bsp_steer.h(9): warning:  #1-D: last line of file ends without a newline
  #endif
.\Public\pid\auto_control.h(29): warning:  #1-D: last line of file ends without a newline
  #endif // __auto_control_H__
.\Public\pid\pos_pid_control.h(39): warning:  #1-D: last line of file ends without a newline
  #endif
.\Public\pid\inc_pid_control.h(37): warning:  #1-D: last line of file ends without a newline
  #endif
.\User\board.h(25): warning:  #1-D: last line of file ends without a newline
  #endif
Peripheral\sr04\bsp_sr04.c(9): warning:  #1295-D: Deprecated declaration hcsr04_NVIC - give arg types
  void hcsr04_NVIC();
Peripheral\sr04\bsp_sr04.c: 16 warnings, 0 errors
compiling bsp_pwm.c...
.\User\PORT_cfg.h(265): warning:  #1-D: last line of file ends without a newline
  #endif
Public\pwm\bsp_pwm.c(3): warning:  #177-D: variable "t_arr"  was declared but never referenced
  static u16 t_arr = 0; //一个tim的arr寄存器的值
Public\pwm\bsp_pwm.c: 2 warnings, 0 errors
compiling bsp_iic.c...
.\Peripheral\led\bsp_led.h(15): warning:  #1295-D: Deprecated declaration Fire_Init - give arg types
  void Fire_Init();
.\Peripheral\led\bsp_led.h(16): warning:  #1295-D: Deprecated declaration Charge_Init - give arg types
  void Charge_Init();
.\User\PORT_cfg.h(265): warning:  #1-D: last line of file ends without a newline
  #endif
.\User\PORT_cfg.h(265): warning:  #1-D: last line of file ends without a newline
  #endif
.\User\PORT_cfg.h(265): warning:  #1-D: last line of file ends without a newline
  #endif
.\User\PORT_cfg.h(265): warning:  #1-D: last line of file ends without a newline
  #endif
.\User\PORT_cfg.h(265): warning:  #1-D: last line of file ends without a newline
  #endif
.\Peripheral\steer\bsp_steer.h(9): warning:  #1-D: last line of file ends without a newline
  #endif
.\Peripheral\sr04\bsp_sr04.h(4): warning:  #1295-D: Deprecated declaration Hcsr04Init - give arg types
  void Hcsr04Init();
.\Peripheral\sr04\bsp_sr04.h(7): warning:  #1-D: last line of file ends without a newline
  #endif
.\Public\pid\auto_control.h(29): warning:  #1-D: last line of file ends without a newline
  #endif // __auto_control_H__
.\Public\pid\pos_pid_control.h(39): warning:  #1-D: last line of file ends without a newline
  #endif
.\Public\pid\inc_pid_control.h(37): warning:  #1-D: last line of file ends without a newline
  #endif
.\User\board.h(25): warning:  #1-D: last line of file ends without a newline
  #endif
Public\iic\bsp_iic.c: 14 warnings, 0 errors
linking...
Program Size: Code=33844 RO-data=2796 RW-data=832 ZI-data=46336  
FromELF: creating hex file...
".\Objects\diansai.axf" - 0 Error(s), 214 Warning(s).

<h2>Software Packages used:</h2>

Package Vendor: Keil
                http://www.keil.com/pack/Keil.STM32F1xx_DFP.2.3.0.pack
                Keil.STM32F1xx_DFP.2.3.0
                STMicroelectronics STM32F1 Series Device Support, Drivers and Examples

<h2>Collection of Component include folders:</h2>
  .\RTE\_Target_1
  D:\KEIL5\ARM\PACK\Keil\STM32F1xx_DFP\2.3.0\Device\Include

<h2>Collection of Component Files used:</h2>
Build Time Elapsed:  00:00:08
</pre>
</body>
</html>
