<html>
<body>
<pre>
<h1>礦ision Build Log</h1>
<h2>Tool Versions:</h2>
IDE-Version: μVision V5.28.0.0
Copyright (C) 2019 ARM Ltd and ARM Germany GmbH. All rights reserved.
License Information: fjq Microsoft, Microsoft, LIC=BUUPC-7R4IF-CWE2K-Z6I6E-YPS1K-PMZB7
 
Tool Versions:
Toolchain:       MDK-ARM Plus  Version: 5.28.0.0
Toolchain Path:  C:\Keil_v5\ARM\ARMCC\Bin
C Compiler:      Armcc.exe V5.06 update 6 (build 750)
Assembler:       Armasm.exe V5.06 update 6 (build 750)
Linker/Locator:  ArmLink.exe V5.06 update 6 (build 750)
Library Manager: ArmAr.exe V5.06 update 6 (build 750)
Hex Converter:   FromElf.exe V5.06 update 6 (build 750)
CPU DLL:         SARMCM3.DLL V5.28.0.0
Dialog DLL:      DCM.DLL V1.17.3.0
Target DLL:      Segger\JL2CM3.dll V2.99.36.0
Dialog DLL:      TCM.DLL V1.36.2.0
 
<h2>Project:</h2>
C:\Users\Administrator\Desktop\电赛\electronics_design_competition\往年题\板球\project-板球\diansai.uvprojx
Project File Date:  08/03/2019

<h2>Output:</h2>
*** Using Compiler 'V5.06 update 6 (build 750)', folder: 'C:\Keil_v5\ARM\ARMCC\Bin'
Build target 'Target 1'
compiling board.c...
.\Peripheral\steer\bsp_steer.h(9): warning:  #1-D: last line of file ends without a newline
  #endif
.\Public\pid\auto_control.h(29): warning:  #1-D: last line of file ends without a newline
  #endif // __auto_control_H__
.\Public\pid\pos_pid_control.h(39): warning:  #1-D: last line of file ends without a newline
  #endif
.\Public\pid\inc_pid_control.h(37): warning:  #1-D: last line of file ends without a newline
  #endif
.\User\board.h(24): warning:  #1-D: last line of file ends without a newline
  #endif
.\App\Display\display.h(9): warning:  #1-D: last line of file ends without a newline
  #endif
.\App\Uart_handle\uart_handle.h(10): warning:  #1-D: last line of file ends without a newline
  #endif
.\App\Uart_handle\key_handle.h(31): warning:  #1-D: last line of file ends without a newline
  #endif
.\App\Task_tesk\task_readAT24c02.h(10): warning:  #1-D: last line of file ends without a newline
  #endif
.\User\include.h(6): warning:  #1-D: last line of file ends without a newline
  #include "banqiu_handle.h"
.\App\banqiu_handle\banqiu_handle.h(24): warning:  #1-D: last line of file ends without a newline
  #endif
RT-Thread\bsp\board.c: 11 warnings, 0 errors
compiling uart_handle.c...
App\Uart_handle\uart_handle.h(10): warning:  #1-D: last line of file ends without a newline
  #endif
.\App\Display\display.h(9): warning:  #1-D: last line of file ends without a newline
  #endif
.\App\Uart_handle\key_handle.h(31): warning:  #1-D: last line of file ends without a newline
  #endif
.\App\Task_tesk\task_readAT24c02.h(10): warning:  #1-D: last line of file ends without a newline
  #endif
.\User\include.h(6): warning:  #1-D: last line of file ends without a newline
  #include "banqiu_handle.h"
.\Peripheral\steer\bsp_steer.h(9): warning:  #1-D: last line of file ends without a newline
  #endif
.\Public\pid\auto_control.h(29): warning:  #1-D: last line of file ends without a newline
  #endif // __auto_control_H__
.\Public\pid\pos_pid_control.h(39): warning:  #1-D: last line of file ends without a newline
  #endif
.\Public\pid\inc_pid_control.h(37): warning:  #1-D: last line of file ends without a newline
  #endif
.\User\board.h(24): warning:  #1-D: last line of file ends without a newline
  #endif
.\App\banqiu_handle\banqiu_handle.h(24): warning:  #1-D: last line of file ends without a newline
  #endif
App\Uart_handle\uart_handle.c(53): warning:  #1-D: last line of file ends without a newline
  }
App\Uart_handle\uart_handle.c: 12 warnings, 0 errors
compiling main.c...
.\Peripheral\steer\bsp_steer.h(9): warning:  #1-D: last line of file ends without a newline
  #endif
.\Public\pid\auto_control.h(29): warning:  #1-D: last line of file ends without a newline
  #endif // __auto_control_H__
.\Public\pid\pos_pid_control.h(39): warning:  #1-D: last line of file ends without a newline
  #endif
.\Public\pid\inc_pid_control.h(37): warning:  #1-D: last line of file ends without a newline
  #endif
User\board.h(24): warning:  #1-D: last line of file ends without a newline
  #endif
.\App\Display\display.h(9): warning:  #1-D: last line of file ends without a newline
  #endif
.\App\Uart_handle\uart_handle.h(10): warning:  #1-D: last line of file ends without a newline
  #endif
.\App\Uart_handle\key_handle.h(31): warning:  #1-D: last line of file ends without a newline
  #endif
.\App\Task_tesk\task_readAT24c02.h(10): warning:  #1-D: last line of file ends without a newline
  #endif
User\include.h(6): warning:  #1-D: last line of file ends without a newline
  #include "banqiu_handle.h"
.\App\banqiu_handle\banqiu_handle.h(24): warning:  #1-D: last line of file ends without a newline
  #endif
User\main.c(286): warning:  #1-D: last line of file ends without a newline
  }
User\main.c: 12 warnings, 0 errors
compiling display.c...
App\Display\display.h(9): warning:  #1-D: last line of file ends without a newline
  #endif
.\Peripheral\steer\bsp_steer.h(9): warning:  #1-D: last line of file ends without a newline
  #endif
.\Public\pid\auto_control.h(29): warning:  #1-D: last line of file ends without a newline
  #endif // __auto_control_H__
.\Public\pid\pos_pid_control.h(39): warning:  #1-D: last line of file ends without a newline
  #endif
.\Public\pid\inc_pid_control.h(37): warning:  #1-D: last line of file ends without a newline
  #endif
.\User\board.h(24): warning:  #1-D: last line of file ends without a newline
  #endif
.\App\Uart_handle\uart_handle.h(10): warning:  #1-D: last line of file ends without a newline
  #endif
.\App\Uart_handle\key_handle.h(31): warning:  #1-D: last line of file ends without a newline
  #endif
.\App\Task_tesk\task_readAT24c02.h(10): warning:  #1-D: last line of file ends without a newline
  #endif
.\User\include.h(6): warning:  #1-D: last line of file ends without a newline
  #include "banqiu_handle.h"
.\App\banqiu_handle\banqiu_handle.h(24): warning:  #1-D: last line of file ends without a newline
  #endif
App\Display\display.c(272): warning:  #1-D: last line of file ends without a newline
  }
App\Display\display.c: 12 warnings, 0 errors
compiling key_handle.c...
.\App\Uart_handle\key_handle.h(31): warning:  #1-D: last line of file ends without a newline
  #endif
.\Peripheral\steer\bsp_steer.h(9): warning:  #1-D: last line of file ends without a newline
  #endif
.\Public\pid\auto_control.h(29): warning:  #1-D: last line of file ends without a newline
  #endif // __auto_control_H__
.\Public\pid\pos_pid_control.h(39): warning:  #1-D: last line of file ends without a newline
  #endif
.\Public\pid\inc_pid_control.h(37): warning:  #1-D: last line of file ends without a newline
  #endif
.\User\board.h(24): warning:  #1-D: last line of file ends without a newline
  #endif
.\App\Display\display.h(9): warning:  #1-D: last line of file ends without a newline
  #endif
.\App\Uart_handle\uart_handle.h(10): warning:  #1-D: last line of file ends without a newline
  #endif
.\App\Task_tesk\task_readAT24c02.h(10): warning:  #1-D: last line of file ends without a newline
  #endif
.\User\include.h(6): warning:  #1-D: last line of file ends without a newline
  #include "banqiu_handle.h"
.\App\banqiu_handle\banqiu_handle.h(24): warning:  #1-D: last line of file ends without a newline
  #endif
App\Key_handle\key_handle.c(16): warning:  #188-D: enumerated type mixed with another type
  state state_transition[20][10] = {0}; 
App\Key_handle\key_handle.c(268): warning:  #1-D: last line of file ends without a newline
  }
App\Key_handle\key_handle.c: 13 warnings, 0 errors
compiling task_readAt24c02.c...
App\Task_tesk\task_readAT24c02.h(10): warning:  #1-D: last line of file ends without a newline
  #endif
.\App\Uart_handle\key_handle.h(31): warning:  #1-D: last line of file ends without a newline
  #endif
.\Peripheral\steer\bsp_steer.h(9): warning:  #1-D: last line of file ends without a newline
  #endif
.\Public\pid\auto_control.h(29): warning:  #1-D: last line of file ends without a newline
  #endif // __auto_control_H__
.\Public\pid\pos_pid_control.h(39): warning:  #1-D: last line of file ends without a newline
  #endif
.\Public\pid\inc_pid_control.h(37): warning:  #1-D: last line of file ends without a newline
  #endif
.\User\board.h(24): warning:  #1-D: last line of file ends without a newline
  #endif
.\App\banqiu_handle\banqiu_handle.h(24): warning:  #1-D: last line of file ends without a newline
  #endif
App\Task_tesk\task_readAt24c02.c(74): warning:  #1-D: last line of file ends without a newline
  }
App\Task_tesk\task_readAt24c02.c: 9 warnings, 0 errors
compiling bsp_iic.c...
.\Peripheral\steer\bsp_steer.h(9): warning:  #1-D: last line of file ends without a newline
  #endif
.\Public\pid\auto_control.h(29): warning:  #1-D: last line of file ends without a newline
  #endif // __auto_control_H__
.\Public\pid\pos_pid_control.h(39): warning:  #1-D: last line of file ends without a newline
  #endif
.\Public\pid\inc_pid_control.h(37): warning:  #1-D: last line of file ends without a newline
  #endif
.\User\board.h(24): warning:  #1-D: last line of file ends without a newline
  #endif
Public\iic\bsp_iic.c: 5 warnings, 0 errors
compiling pos_pid_control.c...
Public\pid\auto_control.h(29): warning:  #1-D: last line of file ends without a newline
  #endif // __auto_control_H__
Public\pid\pos_pid_control.h(39): warning:  #1-D: last line of file ends without a newline
  #endif
Public\pid\pos_pid_control.c(121): warning:  #1-D: last line of file ends without a newline
  }
Public\pid\pos_pid_control.c: 3 warnings, 0 errors
compiling banqiu_handle.c...
.\Peripheral\steer\bsp_steer.h(9): warning:  #1-D: last line of file ends without a newline
  #endif
.\Public\pid\auto_control.h(29): warning:  #1-D: last line of file ends without a newline
  #endif // __auto_control_H__
.\Public\pid\pos_pid_control.h(39): warning:  #1-D: last line of file ends without a newline
  #endif
.\Public\pid\inc_pid_control.h(37): warning:  #1-D: last line of file ends without a newline
  #endif
.\User\board.h(24): warning:  #1-D: last line of file ends without a newline
  #endif
App\banqiu_handle\banqiu_handle.h(24): warning:  #1-D: last line of file ends without a newline
  #endif
App\banqiu_handle\banqiu_handle.c(87): warning:  #1-D: last line of file ends without a newline
  }
App\banqiu_handle\banqiu_handle.c: 7 warnings, 0 errors
linking...
Program Size: Code=25148 RO-data=2716 RW-data=752 ZI-data=46336  
FromELF: creating hex file...
".\Objects\diansai.axf" - 0 Error(s), 84 Warning(s).

<h2>Software Packages used:</h2>

Package Vendor: Keil
                http://www.keil.com/pack/Keil.STM32F1xx_DFP.1.0.5.pack
                Keil.STM32F1xx_DFP.1.0.5
                STMicroelectronics STM32F1 Series Device Support, Drivers and Examples

<h2>Collection of Component include folders:</h2>
  .\RTE\_Target_1
  C:\Keil_v5\ARM\PACK\Keil\STM32F1xx_DFP\1.0.5\Device\Include

<h2>Collection of Component Files used:</h2>
Build Time Elapsed:  00:00:03
</pre>
</body>
</html>
